mode: set
relayprotocolsmoke/protocol/codec.go:73.37,74.14 1 1
relayprotocolsmoke/protocol/codec.go:74.14,76.3 1 0
relayprotocolsmoke/protocol/codec.go:77.2,80.3 1 1
relayprotocolsmoke/protocol/codec.go:83.70,90.2 1 1
relayprotocolsmoke/protocol/codec.go:105.99,106.73 1 1
relayprotocolsmoke/protocol/codec.go:106.73,108.3 1 1
relayprotocolsmoke/protocol/codec.go:109.2,109.64 1 1
relayprotocolsmoke/protocol/codec.go:109.64,111.3 1 1
relayprotocolsmoke/protocol/codec.go:112.2,113.35 2 1
relayprotocolsmoke/protocol/codec.go:113.35,115.3 1 1
relayprotocolsmoke/protocol/codec.go:116.2,116.28 1 1
relayprotocolsmoke/protocol/codec.go:126.50,127.25 1 1
relayprotocolsmoke/protocol/codec.go:127.25,129.3 1 0
relayprotocolsmoke/protocol/codec.go:130.2,130.41 1 1
relayprotocolsmoke/protocol/codec.go:133.43,135.2 1 1
relayprotocolsmoke/protocol/codec.go:137.42,141.2 3 1
relayprotocolsmoke/protocol/codec.go:156.35,157.80 1 1
relayprotocolsmoke/protocol/codec.go:157.80,159.3 1 0
relayprotocolsmoke/protocol/codec.go:160.2,160.96 1 1
relayprotocolsmoke/protocol/codec.go:160.96,162.3 1 0
relayprotocolsmoke/protocol/codec.go:163.2,168.8 1 1
relayprotocolsmoke/protocol/codec.go:171.50,173.2 1 1
relayprotocolsmoke/protocol/codec.go:175.82,177.20 2 1
relayprotocolsmoke/protocol/codec.go:177.20,180.3 2 0
relayprotocolsmoke/protocol/codec.go:181.2,188.120 2 1
relayprotocolsmoke/protocol/codec.go:188.120,191.3 2 1
relayprotocolsmoke/protocol/codec.go:193.2,200.21 8 1
relayprotocolsmoke/protocol/codec.go:231.35,232.80 1 1
relayprotocolsmoke/protocol/codec.go:232.80,234.3 1 0
relayprotocolsmoke/protocol/codec.go:235.2,235.96 1 1
relayprotocolsmoke/protocol/codec.go:235.96,237.3 1 0
relayprotocolsmoke/protocol/codec.go:238.2,244.8 1 1
relayprotocolsmoke/protocol/codec.go:247.50,249.2 1 1
relayprotocolsmoke/protocol/codec.go:254.50,256.2 1 1
relayprotocolsmoke/protocol/codec.go:258.75,259.30 1 1
relayprotocolsmoke/protocol/codec.go:259.30,261.3 1 1
relayprotocolsmoke/protocol/codec.go:262.2,262.29 1 1
relayprotocolsmoke/protocol/codec.go:262.29,263.22 1 1
relayprotocolsmoke/protocol/codec.go:263.22,265.4 1 1
relayprotocolsmoke/protocol/codec.go:266.3,267.80 2 1
relayprotocolsmoke/protocol/codec.go:269.2,269.21 1 1
relayprotocolsmoke/protocol/codec.go:269.21,271.3 1 1
relayprotocolsmoke/protocol/codec.go:273.2,277.30 5 1
relayprotocolsmoke/protocol/codec.go:277.30,278.20 1 1
relayprotocolsmoke/protocol/codec.go:278.20,282.42 4 1
relayprotocolsmoke/protocol/codec.go:282.42,283.52 1 1
relayprotocolsmoke/protocol/codec.go:283.52,285.6 1 1
relayprotocolsmoke/protocol/codec.go:287.4,287.12 1 1
relayprotocolsmoke/protocol/codec.go:290.3,290.34 1 1
relayprotocolsmoke/protocol/codec.go:290.34,292.4 1 0
relayprotocolsmoke/protocol/codec.go:293.3,296.64 4 1
relayprotocolsmoke/protocol/codec.go:296.64,297.60 1 1
relayprotocolsmoke/protocol/codec.go:297.60,299.5 1 1
relayprotocolsmoke/protocol/codec.go:300.4,300.28 1 1
relayprotocolsmoke/protocol/codec.go:302.3,302.34 1 1
relayprotocolsmoke/protocol/codec.go:302.34,304.22 2 1
relayprotocolsmoke/protocol/codec.go:304.22,306.5 1 0
relayprotocolsmoke/protocol/codec.go:307.4,307.34 1 1
relayprotocolsmoke/protocol/codec.go:310.2,310.20 1 1
relayprotocolsmoke/protocol/codec.go:313.53,314.30 1 1
relayprotocolsmoke/protocol/codec.go:314.30,316.3 1 0
relayprotocolsmoke/protocol/codec.go:317.2,317.29 1 1
relayprotocolsmoke/protocol/codec.go:317.29,319.3 1 1
relayprotocolsmoke/protocol/codec.go:320.2,320.63 1 1
relayprotocolsmoke/protocol/codec.go:320.63,322.3 1 1
relayprotocolsmoke/protocol/codec.go:323.2,324.12 2 1
relayprotocolsmoke/protocol/codec.go:327.48,328.30 1 1
relayprotocolsmoke/protocol/codec.go:328.30,330.3 1 0
relayprotocolsmoke/protocol/codec.go:331.2,331.29 1 1
relayprotocolsmoke/protocol/codec.go:331.29,333.3 1 0
relayprotocolsmoke/protocol/codec.go:334.2,334.69 1 1
relayprotocolsmoke/protocol/codec.go:337.35,342.2 4 1
relayprotocolsmoke/protocol/codec.go:344.54,345.40 1 1
relayprotocolsmoke/protocol/codec.go:345.40,347.3 1 0
relayprotocolsmoke/protocol/codec.go:348.2,349.29 2 1
relayprotocolsmoke/protocol/codec.go:349.29,351.3 1 1
relayprotocolsmoke/protocol/codec.go:352.2,352.29 1 1
relayprotocolsmoke/protocol/codec.go:352.29,354.3 1 1
relayprotocolsmoke/protocol/codec.go:355.2,355.39 1 1
relayprotocolsmoke/protocol/codec.go:355.39,357.3 1 0
relayprotocolsmoke/protocol/codec.go:358.2,360.12 3 1
relayprotocolsmoke/protocol/codec.go:363.63,364.95 1 1
relayprotocolsmoke/protocol/codec.go:364.95,366.3 1 0
relayprotocolsmoke/protocol/codec.go:367.2,368.46 2 1
relayprotocolsmoke/protocol/codec.go:368.46,370.3 1 1
relayprotocolsmoke/protocol/codec.go:371.2,383.3 2 1
relayprotocolsmoke/protocol/codec.go:386.72,387.72 1 1
relayprotocolsmoke/protocol/codec.go:387.72,389.3 1 0
relayprotocolsmoke/protocol/codec.go:390.2,401.19 7 1
relayprotocolsmoke/protocol/codec.go:404.69,412.2 7 1
relayprotocolsmoke/protocol/codec.go:418.15,422.2 3 1
relayprotocolsmoke/protocol/codec.go:424.42,430.2 5 1
relayprotocolsmoke/protocol/codec.go:432.51,434.59 2 1
relayprotocolsmoke/protocol/codec.go:434.59,436.3 1 1
relayprotocolsmoke/protocol/codec.go:444.15,445.51 1 1
relayprotocolsmoke/protocol/codec.go:445.51,447.3 1 1
relayprotocolsmoke/protocol/codec.go:448.2,451.54 1 1
relayprotocolsmoke/protocol/codec.go:451.54,453.3 1 1
relayprotocolsmoke/protocol/codec.go:454.2,455.9 2 1
relayprotocolsmoke/protocol/codec.go:455.9,457.3 1 0
relayprotocolsmoke/protocol/codec.go:458.2,459.103 1 1
relayprotocolsmoke/protocol/codec.go:459.103,461.3 1 1
relayprotocolsmoke/protocol/codec.go:462.2,463.86 1 1
relayprotocolsmoke/protocol/codec.go:463.86,465.3 1 1
relayprotocolsmoke/protocol/codec.go:466.2,466.106 1 1
relayprotocolsmoke/protocol/codec.go:466.106,468.3 1 1
relayprotocolsmoke/protocol/codec.go:469.2,469.22 1 1
relayprotocolsmoke/protocol/codec.go:469.22,470.45 1 1
relayprotocolsmoke/protocol/codec.go:470.45,472.4 1 1
relayprotocolsmoke/protocol/codec.go:474.2,474.12 1 1
relayprotocolsmoke/protocol/codec.go:477.71,478.48 1 1
relayprotocolsmoke/protocol/codec.go:478.48,479.35 1 1
relayprotocolsmoke/protocol/codec.go:479.35,481.4 1 1
relayprotocolsmoke/protocol/codec.go:483.2,483.33 1 1
relayprotocolsmoke/protocol/codec.go:486.63,488.2 1 1
relayprotocolsmoke/protocol/codec.go:490.19,492.2 1 1
relayprotocolsmoke/protocol/codec.go:551.40,552.14 1 1
relayprotocolsmoke/protocol/codec.go:552.14,554.3 1 0
relayprotocolsmoke/protocol/codec.go:555.2,558.3 1 1
relayprotocolsmoke/protocol/codec.go:576.85,577.91 1 1
relayprotocolsmoke/protocol/codec.go:577.91,579.3 1 1
relayprotocolsmoke/protocol/codec.go:580.2,580.72 1 1
relayprotocolsmoke/protocol/codec.go:583.55,585.2 1 0
relayprotocolsmoke/protocol/codec.go:587.56,589.2 1 1
relayprotocolsmoke/protocol/codec.go:597.25,598.91 1 1
relayprotocolsmoke/protocol/codec.go:598.91,600.3 1 0
relayprotocolsmoke/protocol/codec.go:601.2,602.20 2 1
relayprotocolsmoke/protocol/codec.go:602.20,604.3 1 1
relayprotocolsmoke/protocol/codec.go:605.2,606.54 1 1
relayprotocolsmoke/protocol/codec.go:606.54,608.3 1 1
relayprotocolsmoke/protocol/codec.go:609.2,609.56 1 1
relayprotocolsmoke/protocol/codec.go:609.56,614.3 1 1
relayprotocolsmoke/protocol/codec.go:615.2,615.47 1 1
relayprotocolsmoke/protocol/codec.go:615.47,620.3 1 1
relayprotocolsmoke/protocol/codec.go:621.2,622.46 2 1
relayprotocolsmoke/protocol/codec.go:622.46,624.3 1 0
relayprotocolsmoke/protocol/codec.go:625.2,625.31 1 1
relayprotocolsmoke/protocol/codec.go:628.76,634.20 2 1
relayprotocolsmoke/protocol/codec.go:634.20,637.3 2 0
relayprotocolsmoke/protocol/codec.go:638.2,645.57 7 1
relayprotocolsmoke/protocol/codec.go:645.57,648.3 2 1
relayprotocolsmoke/protocol/codec.go:649.2,656.20 7 1
relayprotocolsmoke/protocol/codec.go:662.74,666.20 4 1
relayprotocolsmoke/protocol/codec.go:666.20,669.3 2 1
relayprotocolsmoke/protocol/codec.go:671.2,682.20 6 1
relayprotocolsmoke/protocol/codec.go:693.108,694.21 1 1
relayprotocolsmoke/protocol/codec.go:694.21,699.3 1 1
relayprotocolsmoke/protocol/codec.go:700.2,703.106 4 1
relayprotocolsmoke/protocol/codec.go:703.106,708.3 1 1
relayprotocolsmoke/protocol/codec.go:709.2,712.21 4 1
relayprotocolsmoke/protocol/codec.go:713.23,715.39 2 1
relayprotocolsmoke/protocol/codec.go:716.23,718.39 2 1
relayprotocolsmoke/protocol/codec.go:719.25,720.22 1 1
relayprotocolsmoke/protocol/codec.go:720.22,725.4 1 1
relayprotocolsmoke/protocol/codec.go:726.3,728.79 3 1
relayprotocolsmoke/protocol/codec.go:728.79,733.4 1 1
relayprotocolsmoke/protocol/codec.go:734.3,734.61 1 1
relayprotocolsmoke/protocol/codec.go:736.2,736.42 1 1
relayprotocolsmoke/protocol/codec.go:736.42,741.3 1 1
relayprotocolsmoke/protocol/codec.go:742.2,743.30 2 1
relayprotocolsmoke/protocol/codec.go:743.30,748.3 1 1
relayprotocolsmoke/protocol/codec.go:749.2,750.27 2 1
relayprotocolsmoke/protocol/codec.go:750.27,755.3 1 1
relayprotocolsmoke/protocol/codec.go:756.2,756.29 1 1
relayprotocolsmoke/protocol/codec.go:756.29,761.3 1 0
relayprotocolsmoke/protocol/codec.go:762.2,763.15 2 1
relayprotocolsmoke/protocol/codec.go:763.15,768.3 1 1
relayprotocolsmoke/protocol/codec.go:769.2,770.42 2 1
relayprotocolsmoke/protocol/codec.go:770.42,775.3 1 1
relayprotocolsmoke/protocol/codec.go:776.2,776.43 1 1
relayprotocolsmoke/protocol/codec.go:776.43,781.3 1 0
relayprotocolsmoke/protocol/codec.go:782.2,782.47 1 1
relayprotocolsmoke/protocol/codec.go:782.47,787.3 1 0
relayprotocolsmoke/protocol/codec.go:788.2,788.56 1 1
relayprotocolsmoke/protocol/codec.go:788.56,793.3 1 1
relayprotocolsmoke/protocol/codec.go:794.2,794.49 1 1
relayprotocolsmoke/protocol/codec.go:794.49,796.3 1 1
relayprotocolsmoke/protocol/codec.go:797.2,803.8 1 1
relayprotocolsmoke/protocol/codec.go:806.72,807.73 1 1
relayprotocolsmoke/protocol/codec.go:807.73,814.3 1 1
relayprotocolsmoke/protocol/codec.go:815.2,815.12 1 1
relayprotocolsmoke/protocol/codec.go:818.101,819.24 1 1
relayprotocolsmoke/protocol/codec.go:819.24,821.3 1 1
relayprotocolsmoke/protocol/codec.go:822.2,822.31 1 1
relayprotocolsmoke/protocol/codec.go:823.23,824.39 1 1
relayprotocolsmoke/protocol/codec.go:824.39,826.4 1 1
relayprotocolsmoke/protocol/codec.go:827.3,827.28 1 1
relayprotocolsmoke/protocol/codec.go:828.23,829.40 1 1
relayprotocolsmoke/protocol/codec.go:829.40,831.4 1 1
relayprotocolsmoke/protocol/codec.go:832.3,832.28 1 1
relayprotocolsmoke/protocol/codec.go:833.25,835.53 1 1
relayprotocolsmoke/protocol/codec.go:835.53,837.4 1 1
relayprotocolsmoke/protocol/codec.go:838.3,838.64 1 1
relayprotocolsmoke/protocol/codec.go:839.10,840.71 1 1
relayprotocolsmoke/protocol/codec.go:844.90,851.2 1 1
relayprotocolsmoke/protocol/codec.go:853.90,860.2 1 1
relayprotocolsmoke/protocol/codec.go:862.49,869.2 1 1
relayprotocolsmoke/protocol/handshake.go:37.59,49.2 1 1
relayprotocolsmoke/protocol/handshake.go:107.41,108.14 1 1
relayprotocolsmoke/protocol/handshake.go:108.14,110.3 1 0
relayprotocolsmoke/protocol/handshake.go:111.2,111.32 1 1
relayprotocolsmoke/protocol/handshake.go:111.32,116.3 1 0
relayprotocolsmoke/protocol/handshake.go:117.2,120.3 1 1
relayprotocolsmoke/protocol/handshake.go:123.86,130.2 1 1
relayprotocolsmoke/protocol/handshake.go:132.87,136.2 3 1
relayprotocolsmoke/protocol/handshake.go:138.59,139.91 1 1
relayprotocolsmoke/protocol/handshake.go:139.91,141.3 1 1
relayprotocolsmoke/protocol/handshake.go:142.2,142.111 1 1
relayprotocolsmoke/protocol/handshake.go:142.111,144.3 1 1
relayprotocolsmoke/protocol/handshake.go:145.2,145.109 1 1
relayprotocolsmoke/protocol/handshake.go:145.109,147.3 1 1
relayprotocolsmoke/protocol/handshake.go:148.2,148.141 1 1
relayprotocolsmoke/protocol/handshake.go:148.141,150.3 1 1
relayprotocolsmoke/protocol/handshake.go:151.2,151.121 1 1
relayprotocolsmoke/protocol/handshake.go:151.121,153.3 1 1
relayprotocolsmoke/protocol/handshake.go:154.2,154.172 1 1
relayprotocolsmoke/protocol/handshake.go:154.172,156.3 1 1
relayprotocolsmoke/protocol/handshake.go:157.2,157.109 1 1
relayprotocolsmoke/protocol/handshake.go:157.109,159.3 1 1
relayprotocolsmoke/protocol/handshake.go:160.2,160.109 1 1
relayprotocolsmoke/protocol/handshake.go:160.109,162.3 1 1
relayprotocolsmoke/protocol/handshake.go:163.2,163.59 1 1
relayprotocolsmoke/protocol/handshake.go:163.59,165.3 1 1
relayprotocolsmoke/protocol/handshake.go:166.2,166.12 1 1
relayprotocolsmoke/protocol/handshake.go:220.39,221.50 1 1
relayprotocolsmoke/protocol/handshake.go:221.50,223.3 1 0
relayprotocolsmoke/protocol/handshake.go:224.2,224.18 1 1
relayprotocolsmoke/protocol/handshake.go:224.18,226.3 1 1
relayprotocolsmoke/protocol/handshake.go:227.2,232.8 1 1
relayprotocolsmoke/protocol/handshake.go:235.103,236.32 1 1
relayprotocolsmoke/protocol/handshake.go:236.32,238.3 1 1
relayprotocolsmoke/protocol/handshake.go:239.2,239.38 1 1
relayprotocolsmoke/protocol/handshake.go:239.38,241.3 1 0
relayprotocolsmoke/protocol/handshake.go:242.2,242.41 1 1
relayprotocolsmoke/protocol/handshake.go:242.41,243.22 1 1
relayprotocolsmoke/protocol/handshake.go:243.22,245.4 1 0
relayprotocolsmoke/protocol/handshake.go:246.3,247.34 2 1
relayprotocolsmoke/protocol/handshake.go:247.34,249.4 1 1
relayprotocolsmoke/protocol/handshake.go:250.3,250.69 1 1
relayprotocolsmoke/protocol/handshake.go:252.2,252.29 1 1
relayprotocolsmoke/protocol/handshake.go:252.29,254.3 1 1
relayprotocolsmoke/protocol/handshake.go:256.2,260.36 5 1
relayprotocolsmoke/protocol/handshake.go:260.36,265.3 1 1
relayprotocolsmoke/protocol/handshake.go:267.2,268.20 2 1
relayprotocolsmoke/protocol/handshake.go:268.20,270.50 2 1
relayprotocolsmoke/protocol/handshake.go:270.50,272.4 1 1
relayprotocolsmoke/protocol/handshake.go:273.3,274.35 2 1
relayprotocolsmoke/protocol/handshake.go:277.2,278.47 2 1
relayprotocolsmoke/protocol/handshake.go:278.47,280.3 1 1
relayprotocolsmoke/protocol/handshake.go:281.2,284.37 4 1
relayprotocolsmoke/protocol/handshake.go:284.37,286.3 1 1
relayprotocolsmoke/protocol/handshake.go:287.2,310.3 6 1
relayprotocolsmoke/protocol/handshake.go:313.46,314.21 1 1
relayprotocolsmoke/protocol/handshake.go:314.21,316.3 1 1
relayprotocolsmoke/protocol/handshake.go:317.2,318.64 2 1
relayprotocolsmoke/protocol/handshake.go:321.78,323.2 1 1
relayprotocolsmoke/protocol/handshake.go:325.74,327.2 1 1
relayprotocolsmoke/protocol/handshake.go:329.73,331.2 1 1
relayprotocolsmoke/protocol/handshake.go:337.23,338.32 1 1
relayprotocolsmoke/protocol/handshake.go:338.32,340.3 1 1
relayprotocolsmoke/protocol/handshake.go:341.2,341.41 1 1
relayprotocolsmoke/protocol/handshake.go:341.41,343.3 1 0
relayprotocolsmoke/protocol/handshake.go:344.2,344.38 1 1
relayprotocolsmoke/protocol/handshake.go:344.38,346.3 1 0
relayprotocolsmoke/protocol/handshake.go:347.2,347.51 1 1
relayprotocolsmoke/protocol/handshake.go:350.91,360.2 4 1
relayprotocolsmoke/protocol/handshake.go:362.41,365.2 2 1
relayprotocolsmoke/protocol/handshake.go:367.104,368.35 1 1
relayprotocolsmoke/protocol/handshake.go:368.35,370.3 1 1
relayprotocolsmoke/protocol/handshake.go:371.2,371.35 1 1
relayprotocolsmoke/protocol/handshake.go:371.35,373.3 1 1
relayprotocolsmoke/protocol/handshake.go:374.2,374.75 1 1
relayprotocolsmoke/protocol/handshake.go:374.75,376.3 1 1
relayprotocolsmoke/protocol/handshake.go:377.2,382.34 2 1
relayprotocolsmoke/protocol/handshake.go:382.34,384.3 1 1
relayprotocolsmoke/protocol/handshake.go:385.2,385.45 1 1
relayprotocolsmoke/protocol/handshake.go:385.45,387.3 1 1
relayprotocolsmoke/protocol/handshake.go:388.2,388.122 1 1
relayprotocolsmoke/protocol/handshake.go:388.122,390.3 1 1
relayprotocolsmoke/protocol/handshake.go:391.2,391.50 1 1
relayprotocolsmoke/protocol/handshake.go:391.50,393.3 1 0
relayprotocolsmoke/protocol/handshake.go:394.2,394.19 1 1
relayprotocolsmoke/protocol/handshake.go:402.26,410.2 7 1
relayprotocolsmoke/protocol/handshake.go:412.71,413.31 1 1
relayprotocolsmoke/protocol/handshake.go:413.31,414.25 1 1
relayprotocolsmoke/protocol/handshake.go:414.25,416.4 1 1
relayprotocolsmoke/protocol/handshake.go:418.2,418.67 1 0
relayprotocolsmoke/protocol/session.go:16.59,17.28 1 1
relayprotocolsmoke/protocol/session.go:17.28,19.3 1 1
relayprotocolsmoke/protocol/session.go:20.2,20.30 1 1
relayprotocolsmoke/protocol/session.go:23.60,24.28 1 1
relayprotocolsmoke/protocol/session.go:24.28,26.3 1 1
relayprotocolsmoke/protocol/session.go:27.2,27.30 1 1
relayprotocolsmoke/protocol/session.go:64.53,68.2 3 1
relayprotocolsmoke/protocol/session.go:70.54,72.48 2 1
relayprotocolsmoke/protocol/session.go:72.48,75.49 3 1
relayprotocolsmoke/protocol/session.go:75.49,78.4 2 1
relayprotocolsmoke/protocol/session.go:79.3,81.24 3 1
relayprotocolsmoke/protocol/session.go:82.31,84.64 2 1
relayprotocolsmoke/protocol/session.go:85.28,86.58 1 1
relayprotocolsmoke/protocol/session.go:87.24,88.38 1 1
relayprotocolsmoke/protocol/session.go:89.24,89.24 0 1
relayprotocolsmoke/protocol/session.go:90.36,92.47 2 1
relayprotocolsmoke/protocol/session.go:93.32,95.43 2 1
relayprotocolsmoke/protocol/session.go:97.3,105.5 1 1
relayprotocolsmoke/protocol/session.go:107.2,107.15 1 1
relayprotocolsmoke/protocol/session.go:110.75,111.50 1 1
relayprotocolsmoke/protocol/session.go:111.50,112.37 1 1
relayprotocolsmoke/protocol/session.go:112.37,114.4 1 1
relayprotocolsmoke/protocol/session.go:116.2,116.35 1 0
relayprotocolsmoke/protocol/session.go:160.39,161.14 1 1
relayprotocolsmoke/protocol/session.go:161.14,163.3 1 0
relayprotocolsmoke/protocol/session.go:164.2,167.3 1 1
relayprotocolsmoke/protocol/session.go:170.83,177.2 1 1
relayprotocolsmoke/protocol/session.go:259.49,261.2 1 1
relayprotocolsmoke/protocol/session.go:263.44,265.2 1 1
relayprotocolsmoke/protocol/session.go:292.29,293.59 1 1
relayprotocolsmoke/protocol/session.go:293.59,295.3 1 0
relayprotocolsmoke/protocol/session.go:296.2,297.31 2 1
relayprotocolsmoke/protocol/session.go:297.31,299.3 1 1
relayprotocolsmoke/protocol/session.go:300.2,300.103 1 1
relayprotocolsmoke/protocol/session.go:300.103,302.3 1 0
relayprotocolsmoke/protocol/session.go:303.2,309.25 2 1
relayprotocolsmoke/protocol/session.go:309.25,311.3 1 0
relayprotocolsmoke/protocol/session.go:312.2,313.28 2 1
relayprotocolsmoke/protocol/session.go:313.28,315.3 1 0
relayprotocolsmoke/protocol/session.go:316.2,328.8 1 1
relayprotocolsmoke/protocol/session.go:331.44,331.67 1 0
relayprotocolsmoke/protocol/session.go:332.44,332.61 1 0
relayprotocolsmoke/protocol/session.go:333.44,333.62 1 0
relayprotocolsmoke/protocol/session.go:334.44,334.64 1 1
relayprotocolsmoke/protocol/session.go:336.72,337.32 1 1
relayprotocolsmoke/protocol/session.go:337.32,339.3 1 0
relayprotocolsmoke/protocol/session.go:340.2,340.30 1 1
relayprotocolsmoke/protocol/session.go:340.30,342.3 1 0
relayprotocolsmoke/protocol/session.go:343.2,344.14 2 1
relayprotocolsmoke/protocol/session.go:344.14,346.3 1 1
relayprotocolsmoke/protocol/session.go:347.2,347.22 1 1
relayprotocolsmoke/protocol/session.go:347.22,349.3 1 1
relayprotocolsmoke/protocol/session.go:350.2,351.20 2 1
relayprotocolsmoke/protocol/session.go:351.20,353.3 1 1
relayprotocolsmoke/protocol/session.go:354.2,355.31 2 0
relayprotocolsmoke/protocol/session.go:355.31,359.26 4 0
relayprotocolsmoke/protocol/session.go:359.26,361.4 1 0
relayprotocolsmoke/protocol/session.go:363.2,364.13 2 0
relayprotocolsmoke/protocol/session.go:369.74,370.32 1 1
relayprotocolsmoke/protocol/session.go:370.32,372.3 1 0
relayprotocolsmoke/protocol/session.go:373.2,373.30 1 1
relayprotocolsmoke/protocol/session.go:373.30,376.3 2 1
relayprotocolsmoke/protocol/session.go:377.2,377.70 1 1
relayprotocolsmoke/protocol/session.go:377.70,379.3 1 0
relayprotocolsmoke/protocol/session.go:380.2,380.32 1 1
relayprotocolsmoke/protocol/session.go:385.71,386.32 1 1
relayprotocolsmoke/protocol/session.go:386.32,388.3 1 0
relayprotocolsmoke/protocol/session.go:389.2,389.30 1 1
relayprotocolsmoke/protocol/session.go:389.30,391.3 1 0
relayprotocolsmoke/protocol/session.go:392.2,392.71 1 1
relayprotocolsmoke/protocol/session.go:392.71,394.3 1 0
relayprotocolsmoke/protocol/session.go:395.2,396.20 2 1
relayprotocolsmoke/protocol/session.go:397.30,398.74 1 1
relayprotocolsmoke/protocol/session.go:398.74,401.4 2 1
relayprotocolsmoke/protocol/session.go:402.3,403.34 2 1
relayprotocolsmoke/protocol/session.go:403.34,405.4 1 1
relayprotocolsmoke/protocol/session.go:405.9,408.4 2 1
relayprotocolsmoke/protocol/session.go:409.3,409.15 1 1
relayprotocolsmoke/protocol/session.go:409.15,412.4 2 1
relayprotocolsmoke/protocol/session.go:413.3,413.32 1 1
relayprotocolsmoke/protocol/session.go:414.35,415.66 1 0
relayprotocolsmoke/protocol/session.go:416.31,417.41 1 0
relayprotocolsmoke/protocol/session.go:418.44,421.101 1 1
relayprotocolsmoke/protocol/session.go:422.23,423.32 1 1
relayprotocolsmoke/protocol/session.go:425.2,426.13 2 1
relayprotocolsmoke/protocol/session.go:436.15,437.32 1 1
relayprotocolsmoke/protocol/session.go:437.32,439.3 1 0
relayprotocolsmoke/protocol/session.go:440.2,440.30 1 1
relayprotocolsmoke/protocol/session.go:440.30,442.3 1 0
relayprotocolsmoke/protocol/session.go:443.2,443.32 1 1
relayprotocolsmoke/protocol/session.go:443.32,445.3 1 0
relayprotocolsmoke/protocol/session.go:446.2,446.24 1 1
relayprotocolsmoke/protocol/session.go:446.24,448.3 1 0
relayprotocolsmoke/protocol/session.go:449.2,449.30 1 1
relayprotocolsmoke/protocol/session.go:449.30,451.3 1 1
relayprotocolsmoke/protocol/session.go:452.2,452.74 1 1
relayprotocolsmoke/protocol/session.go:452.74,454.3 1 1
relayprotocolsmoke/protocol/session.go:455.2,456.32 2 1
relayprotocolsmoke/protocol/session.go:456.32,458.3 1 1
relayprotocolsmoke/protocol/session.go:459.2,461.22 3 1
relayprotocolsmoke/protocol/session.go:461.22,463.3 1 0
relayprotocolsmoke/protocol/session.go:464.2,464.13 1 1
relayprotocolsmoke/protocol/session.go:469.94,470.32 1 1
relayprotocolsmoke/protocol/session.go:470.32,472.3 1 0
relayprotocolsmoke/protocol/session.go:473.2,473.30 1 1
relayprotocolsmoke/protocol/session.go:473.30,475.3 1 0
relayprotocolsmoke/protocol/session.go:476.2,476.32 1 1
relayprotocolsmoke/protocol/session.go:476.32,478.3 1 0
relayprotocolsmoke/protocol/session.go:479.2,479.24 1 1
relayprotocolsmoke/protocol/session.go:479.24,481.3 1 0
relayprotocolsmoke/protocol/session.go:482.2,484.71 3 1
relayprotocolsmoke/protocol/session.go:484.71,486.3 1 1
relayprotocolsmoke/protocol/session.go:487.2,491.13 5 1
relayprotocolsmoke/protocol/session.go:500.15,501.32 1 1
relayprotocolsmoke/protocol/session.go:501.32,503.3 1 0
relayprotocolsmoke/protocol/session.go:504.2,504.30 1 1
relayprotocolsmoke/protocol/session.go:504.30,506.3 1 0
relayprotocolsmoke/protocol/session.go:507.2,507.32 1 1
relayprotocolsmoke/protocol/session.go:507.32,509.3 1 0
relayprotocolsmoke/protocol/session.go:510.2,510.24 1 1
relayprotocolsmoke/protocol/session.go:510.24,512.3 1 0
relayprotocolsmoke/protocol/session.go:513.2,514.79 2 1
relayprotocolsmoke/protocol/session.go:514.79,517.3 2 1
relayprotocolsmoke/protocol/session.go:518.2,518.36 1 1
relayprotocolsmoke/protocol/session.go:522.89,523.32 1 1
relayprotocolsmoke/protocol/session.go:523.32,525.3 1 0
relayprotocolsmoke/protocol/session.go:526.2,526.30 1 1
relayprotocolsmoke/protocol/session.go:526.30,528.3 1 0
relayprotocolsmoke/protocol/session.go:529.2,529.32 1 1
relayprotocolsmoke/protocol/session.go:529.32,531.3 1 0
relayprotocolsmoke/protocol/session.go:532.2,532.24 1 1
relayprotocolsmoke/protocol/session.go:532.24,534.3 1 0
relayprotocolsmoke/protocol/session.go:535.2,536.32 2 1
relayprotocolsmoke/protocol/session.go:536.32,538.3 1 1
relayprotocolsmoke/protocol/session.go:539.2,542.13 4 1
relayprotocolsmoke/protocol/session.go:545.89,546.32 1 1
relayprotocolsmoke/protocol/session.go:546.32,548.3 1 0
relayprotocolsmoke/protocol/session.go:549.2,549.30 1 1
relayprotocolsmoke/protocol/session.go:549.30,551.3 1 0
relayprotocolsmoke/protocol/session.go:552.2,552.24 1 1
relayprotocolsmoke/protocol/session.go:552.24,554.3 1 0
relayprotocolsmoke/protocol/session.go:555.2,557.13 3 1
relayprotocolsmoke/protocol/session.go:560.56,561.32 1 1
relayprotocolsmoke/protocol/session.go:561.32,563.3 1 0
relayprotocolsmoke/protocol/session.go:564.2,564.30 1 1
relayprotocolsmoke/protocol/session.go:564.30,566.3 1 0
relayprotocolsmoke/protocol/session.go:567.2,570.13 4 1
relayprotocolsmoke/protocol/session.go:573.62,575.2 1 1
relayprotocolsmoke/protocol/session.go:577.57,579.2 1 1
relayprotocolsmoke/protocol/session.go:581.66,583.2 1 1
relayprotocolsmoke/protocol/session.go:585.62,586.30 1 1
relayprotocolsmoke/protocol/session.go:586.30,589.3 2 0
relayprotocolsmoke/protocol/session.go:590.2,592.20 3 1
relayprotocolsmoke/protocol/session.go:593.30,594.56 1 1
relayprotocolsmoke/protocol/session.go:595.27,598.33 3 1
relayprotocolsmoke/protocol/session.go:598.33,600.9 2 0
relayprotocolsmoke/protocol/session.go:602.3,604.30 3 1
relayprotocolsmoke/protocol/session.go:604.30,606.4 1 1
relayprotocolsmoke/protocol/session.go:607.3,611.5 1 1
relayprotocolsmoke/protocol/session.go:612.23,615.76 3 1
relayprotocolsmoke/protocol/session.go:616.23,621.5 2 1
relayprotocolsmoke/protocol/session.go:622.35,624.65 2 1
relayprotocolsmoke/protocol/session.go:625.31,627.26 2 1
relayprotocolsmoke/protocol/session.go:627.26,631.4 3 1
relayprotocolsmoke/protocol/session.go:632.3,632.43 1 1
relayprotocolsmoke/protocol/session.go:634.2,635.13 2 1
relayprotocolsmoke/protocol/session.go:638.96,640.20 2 1
relayprotocolsmoke/protocol/session.go:640.20,642.33 2 1
relayprotocolsmoke/protocol/session.go:642.33,644.4 1 1
relayprotocolsmoke/protocol/session.go:645.3,645.48 1 1
relayprotocolsmoke/protocol/session.go:645.48,647.4 1 1
relayprotocolsmoke/protocol/session.go:648.3,648.9 1 1
relayprotocolsmoke/protocol/session.go:651.2,651.33 1 1
relayprotocolsmoke/protocol/session.go:651.33,653.33 2 1
relayprotocolsmoke/protocol/session.go:653.33,657.4 3 1
relayprotocolsmoke/protocol/session.go:658.8,659.61 1 1
relayprotocolsmoke/protocol/session.go:660.28,660.28 0 1
relayprotocolsmoke/protocol/session.go:661.35,665.10 4 0
relayprotocolsmoke/protocol/session.go:666.33,670.10 4 1
relayprotocolsmoke/protocol/session.go:674.2,679.4 2 1
relayprotocolsmoke/protocol/session.go:682.74,683.22 1 1
relayprotocolsmoke/protocol/session.go:684.89,685.38 1 1
relayprotocolsmoke/protocol/session.go:686.34,687.40 1 0
relayprotocolsmoke/protocol/session.go:688.10,689.37 1 1
relayprotocolsmoke/protocol/session.go:693.88,694.48 1 1
relayprotocolsmoke/protocol/session.go:694.48,697.3 2 1
relayprotocolsmoke/protocol/session.go:698.2,699.93 2 1
relayprotocolsmoke/protocol/session.go:702.90,703.24 1 1
relayprotocolsmoke/protocol/session.go:703.24,705.3 1 0
relayprotocolsmoke/protocol/session.go:706.2,706.58 1 1
relayprotocolsmoke/protocol/session.go:706.58,707.25 1 1
relayprotocolsmoke/protocol/session.go:707.25,709.4 1 0
relayprotocolsmoke/protocol/session.go:710.3,710.28 1 1
relayprotocolsmoke/protocol/session.go:710.28,713.4 2 1
relayprotocolsmoke/protocol/session.go:714.3,714.36 1 0
relayprotocolsmoke/protocol/session.go:717.2,717.54 1 1
relayprotocolsmoke/protocol/session.go:717.54,718.28 1 1
relayprotocolsmoke/protocol/session.go:718.28,720.4 1 1
relayprotocolsmoke/protocol/session.go:722.2,722.50 1 1
relayprotocolsmoke/protocol/session.go:722.50,724.3 1 1
relayprotocolsmoke/protocol/session.go:725.2,726.28 2 1
relayprotocolsmoke/protocol/session.go:729.90,731.9 2 1
relayprotocolsmoke/protocol/session.go:731.9,733.3 1 0
relayprotocolsmoke/protocol/session.go:734.2,734.48 1 1
relayprotocolsmoke/protocol/session.go:734.48,736.3 1 0
relayprotocolsmoke/protocol/session.go:737.2,739.56 1 1
relayprotocolsmoke/protocol/session.go:739.56,741.3 1 0
relayprotocolsmoke/protocol/session.go:742.2,743.95 1 1
relayprotocolsmoke/protocol/session.go:743.95,745.3 1 0
relayprotocolsmoke/protocol/session.go:746.2,747.84 1 1
relayprotocolsmoke/protocol/session.go:747.84,749.3 1 0
relayprotocolsmoke/protocol/session.go:750.2,750.112 1 1
relayprotocolsmoke/protocol/session.go:750.112,752.3 1 0
relayprotocolsmoke/protocol/session.go:753.2,753.11 1 1
relayprotocolsmoke/protocol/session.go:756.75,757.21 1 1
relayprotocolsmoke/protocol/session.go:757.21,759.3 1 0
relayprotocolsmoke/protocol/session.go:760.2,760.69 1 1
relayprotocolsmoke/protocol/session.go:760.69,762.3 1 0
relayprotocolsmoke/protocol/session.go:763.2,763.61 1 1
relayprotocolsmoke/protocol/session.go:763.61,765.3 1 1
relayprotocolsmoke/protocol/session.go:766.2,770.32 5 1
relayprotocolsmoke/protocol/session.go:770.32,772.3 1 0
relayprotocolsmoke/protocol/session.go:773.2,773.68 1 1
relayprotocolsmoke/protocol/session.go:773.68,776.3 2 0
relayprotocolsmoke/protocol/session.go:777.2,777.34 1 1
relayprotocolsmoke/protocol/session.go:777.34,780.3 2 1
relayprotocolsmoke/protocol/session.go:781.2,782.19 2 1
relayprotocolsmoke/protocol/session.go:785.88,787.9 2 1
relayprotocolsmoke/protocol/session.go:787.9,789.3 1 0
relayprotocolsmoke/protocol/session.go:790.2,792.32 3 1
relayprotocolsmoke/protocol/session.go:792.32,795.3 2 1
relayprotocolsmoke/protocol/session.go:796.2,799.93 4 1
relayprotocolsmoke/protocol/session.go:802.87,804.9 2 1
relayprotocolsmoke/protocol/session.go:804.9,806.3 1 1
relayprotocolsmoke/protocol/session.go:807.2,810.33 4 1
relayprotocolsmoke/protocol/session.go:810.33,814.3 3 1
relayprotocolsmoke/protocol/session.go:815.2,815.45 1 1
relayprotocolsmoke/protocol/session.go:818.101,819.55 1 1
relayprotocolsmoke/protocol/session.go:819.55,821.3 1 1
relayprotocolsmoke/protocol/session.go:822.2,824.33 3 1
relayprotocolsmoke/protocol/session.go:824.33,826.3 1 1
relayprotocolsmoke/protocol/session.go:829.62,830.25 1 1
relayprotocolsmoke/protocol/session.go:830.25,834.3 3 1
relayprotocolsmoke/protocol/session.go:835.2,835.43 1 1
relayprotocolsmoke/protocol/session.go:838.95,843.2 4 1
relayprotocolsmoke/protocol/session.go:845.62,848.2 2 1
relayprotocolsmoke/protocol/session.go:854.15,855.32 1 1
relayprotocolsmoke/protocol/session.go:855.32,857.3 1 1
relayprotocolsmoke/protocol/session.go:858.2,858.30 1 1
relayprotocolsmoke/protocol/session.go:858.30,860.3 1 1
relayprotocolsmoke/protocol/session.go:861.2,861.52 1 1
relayprotocolsmoke/protocol/session.go:868.15,873.2 4 1
relayprotocolsmoke/protocol/session.go:875.62,876.30 1 1
relayprotocolsmoke/protocol/session.go:876.30,878.3 1 0
relayprotocolsmoke/protocol/session.go:879.2,880.57 2 1
relayprotocolsmoke/protocol/session.go:880.57,884.3 3 1
relayprotocolsmoke/protocol/session.go:885.2,886.29 2 1
relayprotocolsmoke/protocol/session.go:886.29,888.3 1 0
relayprotocolsmoke/protocol/session.go:889.2,891.32 3 1
relayprotocolsmoke/protocol/session.go:891.32,893.3 1 1
relayprotocolsmoke/protocol/session.go:896.43,899.2 2 1
relayprotocolsmoke/protocol/session.go:901.52,902.11 1 1
relayprotocolsmoke/protocol/session.go:902.11,904.3 1 1
relayprotocolsmoke/protocol/session.go:905.2,905.36 1 1
relayprotocolsmoke/protocol/session.go:908.51,911.20 3 1
relayprotocolsmoke/protocol/session.go:912.35,913.40 1 1
relayprotocolsmoke/protocol/session.go:914.31,915.36 1 1
relayprotocolsmoke/protocol/session.go:919.58,920.14 1 1
relayprotocolsmoke/protocol/session.go:921.31,922.35 1 1
relayprotocolsmoke/protocol/session.go:923.33,924.37 1 0
relayprotocolsmoke/protocol/session.go:925.31,926.35 1 0
relayprotocolsmoke/protocol/session.go:927.31,928.35 1 1
relayprotocolsmoke/protocol/session.go:929.26,930.30 1 1
relayprotocolsmoke/protocol/session.go:931.25,932.29 1 0
relayprotocolsmoke/protocol/session.go:933.29,934.33 1 1
relayprotocolsmoke/protocol/session.go:935.33,936.37 1 1
relayprotocolsmoke/protocol/session.go:937.33,938.37 1 1
relayprotocolsmoke/protocol/session.go:939.29,940.33 1 0
relayprotocolsmoke/protocol/session.go:941.26,942.30 1 0
relayprotocolsmoke/protocol/session.go:943.22,944.26 1 0
relayprotocolsmoke/protocol/session.go:945.10,946.31 1 0
relayprotocolsmoke/protocol/session.go:950.48,951.42 1 1
relayprotocolsmoke/protocol/session.go:951.42,952.34 1 1
relayprotocolsmoke/protocol/session.go:952.34,954.4 1 1
relayprotocolsmoke/protocol/session.go:956.2,956.14 1 1
