build for iphoneos, arm64, min version 15.0
[1;31mBUILD[0m src/core/src/hev-rbtree.c
[1;31mBUILD[0m src/core/src/hev-socks5-authenticator.c
[1;31mBUILD[0m src/core/src/hev-socks5-client-tcp.c
[1;31mBUILD[0m src/core/src/hev-socks5-client-udp.c
[1;31mBUILD[0m src/core/src/hev-socks5-client.c
[1;31mBUILD[0m src/core/src/hev-socks5-logger.c
[1;31mBUILD[0m src/core/src/hev-socks5-misc.c
[1;31mBUILD[0m src/core/src/hev-socks5-server.c
[1;31mBUILD[0m src/core/src/hev-socks5-tcp.c
[1;31mBUILD[0m src/core/src/hev-socks5-udp.c
[1;31mBUILD[0m src/core/src/hev-socks5-user.c
[1;31mBUILD[0m src/core/src/hev-socks5.c
[1;31mBUILD[0m src/hev-config.c
[1;31mBUILD[0m src/hev-jni.c
[1;31mBUILD[0m src/hev-main.c
[1;31mBUILD[0m src/hev-mapped-dns.c
[1;31mBUILD[0m src/hev-socks5-session-tcp.c
[1;31mBUILD[0m src/hev-socks5-session-udp.c
[1;31mBUILD[0m src/hev-socks5-session.c
[1;31mBUILD[0m src/hev-socks5-tunnel.c
[1;31mBUILD[0m src/hev-tunnel-freebsd.c
[1;31mBUILD[0m src/hev-tunnel-linux.c
[1;31mBUILD[0m src/hev-tunnel-macos.c
[1;31mBUILD[0m src/hev-tunnel-netbsd.c
[1;31mBUILD[0m src/hev-tunnel-windows.c
[1;31mBUILD[0m src/misc/hev-exec.c
[1;31mBUILD[0m src/misc/hev-list.c
[1;31mBUILD[0m src/misc/hev-logger.c
[1;31mBUILD[0m src/misc/hev-ring-buffer.c
[1;31mBUILD[0m src/misc/hev-utils.c
[1;31mBUILD[0m src/misc/hev-wintun.c
[1;31mBUILD[0m src/api.c
[1;31mBUILD[0m src/dumper.c
[1;31mBUILD[0m src/emitter.c
[1;31mBUILD[0m src/loader.c
[1;31mBUILD[0m src/parser.c
[1;31mBUILD[0m src/reader.c
[1;31mBUILD[0m src/scanner.c
[1;31mBUILD[0m src/writer.c
[1;34mLINK[0m  [1;32mbin/libyaml.a[0m
[1;31mBUILD[0m src/api/api_lib.c
[1;31mBUILD[0m src/api/api_msg.c
[1;31mBUILD[0m src/api/err.c
[1;31mBUILD[0m src/api/if_api.c
[1;31mBUILD[0m src/api/netbuf.c
[1;31mBUILD[0m src/api/netdb.c
[1;31mBUILD[0m src/api/netifapi.c
[1;31mBUILD[0m src/api/sockets.c
[1;31mBUILD[0m src/api/tcpip.c
[1;31mBUILD[0m src/core/altcp.c
[1;31mBUILD[0m src/core/altcp_alloc.c
[1;31mBUILD[0m src/core/altcp_tcp.c
[1;31mBUILD[0m src/core/def.c
[1;31mBUILD[0m src/core/dns.c
[1;31mBUILD[0m src/core/inet_chksum.c
[1;31mBUILD[0m src/core/init.c
[1;31mBUILD[0m src/core/ip.c
[1;31mBUILD[0m src/core/ipv4/acd.c
[1;31mBUILD[0m src/core/ipv4/autoip.c
[1;31mBUILD[0m src/core/ipv4/dhcp.c
[1;31mBUILD[0m src/core/ipv4/etharp.c
[1;31mBUILD[0m src/core/ipv4/icmp.c
[1;31mBUILD[0m src/core/ipv4/igmp.c
[1;31mBUILD[0m src/core/ipv4/ip4.c
[1;31mBUILD[0m src/core/ipv4/ip4_addr.c
[1;31mBUILD[0m src/core/ipv4/ip4_frag.c
[1;31mBUILD[0m src/core/ipv6/dhcp6.c
[1;31mBUILD[0m src/core/ipv6/ethip6.c
[1;31mBUILD[0m src/core/ipv6/icmp6.c
[1;31mBUILD[0m src/core/ipv6/inet6.c
[1;31mBUILD[0m src/core/ipv6/ip6.c
[1;31mBUILD[0m src/core/ipv6/ip6_addr.c
[1;31mBUILD[0m src/core/ipv6/ip6_frag.c
[1;31mBUILD[0m src/core/ipv6/mld6.c
[1;31mBUILD[0m src/core/ipv6/nd6.c
[1;31mBUILD[0m src/core/mem.c
[1;31mBUILD[0m src/core/memp.c
[1;31mBUILD[0m src/core/netif.c
[1;31mBUILD[0m src/core/pbuf.c
[1;31mBUILD[0m src/core/raw.c
[1;31mBUILD[0m src/core/stats.c
[1;31mBUILD[0m src/core/sys.c
[1;31mBUILD[0m src/core/tcp.c
[1;31mBUILD[0m src/core/tcp_in.c
[1;31mBUILD[0m src/core/tcp_out.c
[1;31mBUILD[0m src/core/timeouts.c
[1;31mBUILD[0m src/core/udp.c
[1;31mBUILD[0m src/netif/bridgeif.c
[1;31mBUILD[0m src/netif/bridgeif_fdb.c
[1;31mBUILD[0m src/netif/ethernet.c
[1;31mBUILD[0m src/netif/lowpan6.c
[1;31mBUILD[0m src/netif/lowpan6_ble.c
[1;31mBUILD[0m src/netif/lowpan6_common.c
[1;31mBUILD[0m src/netif/ppp/auth.c
[1;31mBUILD[0m src/netif/ppp/ccp.c
[1;31mBUILD[0m src/netif/ppp/chap-md5.c
[1;31mBUILD[0m src/netif/ppp/chap-new.c
[1;31mBUILD[0m src/netif/ppp/chap_ms.c
[1;31mBUILD[0m src/netif/ppp/demand.c
[1;31mBUILD[0m src/netif/ppp/eap.c
[1;31mBUILD[0m src/netif/ppp/ecp.c
[1;31mBUILD[0m src/netif/ppp/eui64.c
[1;31mBUILD[0m src/netif/ppp/fsm.c
[1;31mBUILD[0m src/netif/ppp/ipcp.c
[1;31mBUILD[0m src/netif/ppp/ipv6cp.c
[1;31mBUILD[0m src/netif/ppp/lcp.c
[1;31mBUILD[0m src/netif/ppp/magic.c
[1;31mBUILD[0m src/netif/ppp/mppe.c
[1;31mBUILD[0m src/netif/ppp/multilink.c
[1;31mBUILD[0m src/netif/ppp/polarssl/arc4.c
[1;31mBUILD[0m src/netif/ppp/polarssl/des.c
[1;31mBUILD[0m src/netif/ppp/polarssl/md4.c
[1;31mBUILD[0m src/netif/ppp/polarssl/md5.c
[1;31mBUILD[0m src/netif/ppp/polarssl/sha1.c
[1;31mBUILD[0m src/netif/ppp/ppp.c
[1;31mBUILD[0m src/netif/ppp/pppapi.c
[1;31mBUILD[0m src/netif/ppp/pppcrypt.c
[1;31mBUILD[0m src/netif/ppp/pppoe.c
[1;31mBUILD[0m src/netif/ppp/pppol2tp.c
[1;31mBUILD[0m src/netif/ppp/pppos.c
[1;31mBUILD[0m src/netif/ppp/upap.c
[1;31mBUILD[0m src/netif/ppp/utils.c
[1;31mBUILD[0m src/netif/ppp/vj.c
[1;31mBUILD[0m src/netif/slipif.c
[1;31mBUILD[0m src/netif/zepif.c
[1;31mBUILD[0m src/ports/lib/mem.c
[1;31mBUILD[0m src/ports/unix/lib/perf.c
[1;31mBUILD[0m src/ports/unix/lib/sys_arch.c
[1;31mBUILD[0m src/ports/unix/netif/fifo.c
[1;31mBUILD[0m src/ports/unix/netif/list.c
[1;31mBUILD[0m src/ports/unix/netif/pcapif.c
[1;31mBUILD[0m src/ports/unix/netif/sio.c
[1;31mBUILD[0m src/ports/unix/netif/tapif.c
[1;31mBUILD[0m src/ports/win32/lib/sys_arch.c
[1;31mBUILD[0m src/ports/win32/netif/sio.c
[1;34mLINK[0m  [1;32mbin/liblwip.a[0m
[1;31mBUILD[0m src/kern/aide/hev-task-aide.c
[1;31mBUILD[0m src/kern/core/hev-task-system-schedule.c
[1;31mBUILD[0m src/kern/core/hev-task-system.c
[1;31mBUILD[0m src/kern/io/hev-task-io-reactor-epoll.c
[1;31mBUILD[0m src/kern/io/hev-task-io-reactor-iocp.c
[1;31mBUILD[0m src/kern/io/hev-task-io-reactor-kqueue.c
[1;31mBUILD[0m src/kern/itc/hev-task-channel-select.c
[1;31mBUILD[0m src/kern/itc/hev-task-channel.c
[1;31mBUILD[0m src/kern/sync/hev-task-cond.c
[1;31mBUILD[0m src/kern/sync/hev-task-mutex.c
[1;31mBUILD[0m src/kern/task/hev-task-call.c
[1;31mBUILD[0m src/kern/task/hev-task-executer.c
[1;31mBUILD[0m src/kern/task/hev-task-stack-heap.c
[1;31mBUILD[0m src/kern/task/hev-task-stack-mmap.c
[1;31mBUILD[0m src/kern/task/hev-task.c
[1;31mBUILD[0m src/kern/time/hev-task-timer.c
[1;31mBUILD[0m src/lib/dns/hev-task-dns-proxy.c
[1;31mBUILD[0m src/lib/dns/hev-task-dns.c
[1;31mBUILD[0m src/lib/io/basic/hev-task-io.c
[1;31mBUILD[0m src/lib/io/buffer/hev-circular-buffer.c
[1;31mBUILD[0m src/lib/io/pipe/hev-task-io-pipe.c
[1;31mBUILD[0m src/lib/io/poll/hev-task-io-poll.c
[1;31mBUILD[0m src/lib/io/socket/hev-task-io-socket.c
[1;31mBUILD[0m src/lib/list/hev-list.c
[1;31mBUILD[0m src/lib/misc/hev-debugger.c
[1;31mBUILD[0m src/lib/misc/hev-task-stack-detector.c
[1;31mBUILD[0m src/lib/object/hev-object-atomic.c
[1;31mBUILD[0m src/lib/object/hev-object.c
[1;31mBUILD[0m src/lib/rbtree/hev-rbtree-cached.c
[1;31mBUILD[0m src/lib/rbtree/hev-rbtree.c
[1;31mBUILD[0m src/mem/api/hev-memory-allocator-api.c
[1;31mBUILD[0m src/mem/base/hev-memory-allocator.c
[1;31mBUILD[0m src/mem/simple/hev-memory-allocator-simple.c
[1;31mBUILD[0m src/mem/slice/hev-memory-allocator-slice.c
[1;31mBUILD[0m src/kern/task/hev-task-execute.S
[1;34mLINK[0m  [1;32mbin/libhev-task-system.a[0m
[1;34mLINK[0m  [1;32mbin/libhev-socks5-tunnel.a[0m
libtool: warning: 'libhev-socks5-tunnel.a(hev-jni.o)' has no symbols
libtool: warning: 'libhev-socks5-tunnel.a(hev-tunnel-freebsd.o)' has no symbols
libtool: warning: 'libhev-socks5-tunnel.a(hev-tunnel-linux.o)' has no symbols
libtool: warning: 'libhev-socks5-tunnel.a(hev-tunnel-netbsd.o)' has no symbols
libtool: warning: 'libhev-socks5-tunnel.a(hev-tunnel-windows.o)' has no symbols
libtool: warning: 'libhev-socks5-tunnel.a(hev-wintun.o)' has no symbols
libtool: warning: 'liblwip.a(api_lib.o)' has no symbols
libtool: warning: 'liblwip.a(api_msg.o)' has no symbols
libtool: warning: 'liblwip.a(err.o)' has no symbols
libtool: warning: 'liblwip.a(if_api.o)' has no symbols
libtool: warning: 'liblwip.a(netbuf.o)' has no symbols
libtool: warning: 'liblwip.a(netdb.o)' has no symbols
libtool: warning: 'liblwip.a(netifapi.o)' has no symbols
libtool: warning: 'liblwip.a(sockets.o)' has no symbols
libtool: warning: 'liblwip.a(tcpip.o)' has no symbols
libtool: warning: 'liblwip.a(altcp.o)' has no symbols
libtool: warning: 'liblwip.a(altcp_alloc.o)' has no symbols
libtool: warning: 'liblwip.a(altcp_tcp.o)' has no symbols
libtool: warning: 'liblwip.a(dns.o)' has no symbols
libtool: warning: 'liblwip.a(acd.o)' has no symbols
libtool: warning: 'liblwip.a(autoip.o)' has no symbols
libtool: warning: 'liblwip.a(dhcp.o)' has no symbols
libtool: warning: 'liblwip.a(etharp.o)' has no symbols
libtool: warning: 'liblwip.a(igmp.o)' has no symbols
libtool: warning: 'liblwip.a(dhcp6.o)' has no symbols
libtool: warning: 'liblwip.a(ethip6.o)' has no symbols
libtool: warning: 'liblwip.a(inet6.o)' has no symbols
libtool: warning: 'liblwip.a(raw.o)' has no symbols
libtool: warning: 'liblwip.a(stats.o)' has no symbols
libtool: warning: 'liblwip.a(sys.o)' has no symbols
libtool: warning: 'liblwip.a(bridgeif.o)' has no symbols
libtool: warning: 'liblwip.a(ethernet.o)' has no symbols
libtool: warning: 'liblwip.a(auth.o)' has no symbols
libtool: warning: 'liblwip.a(ccp.o)' has no symbols
libtool: warning: 'liblwip.a(chap-md5.o)' has no symbols
libtool: warning: 'liblwip.a(chap-new.o)' has no symbols
libtool: warning: 'liblwip.a(chap_ms.o)' has no symbols
libtool: warning: 'liblwip.a(demand.o)' has no symbols
libtool: warning: 'liblwip.a(eap.o)' has no symbols
libtool: warning: 'liblwip.a(ecp.o)' has no symbols
libtool: warning: 'liblwip.a(eui64.o)' has no symbols
libtool: warning: 'liblwip.a(fsm.o)' has no symbols
libtool: warning: 'liblwip.a(ipcp.o)' has no symbols
libtool: warning: 'liblwip.a(ipv6cp.o)' has no symbols
libtool: warning: 'liblwip.a(lcp.o)' has no symbols
libtool: warning: 'liblwip.a(magic.o)' has no symbols
libtool: warning: 'liblwip.a(mppe.o)' has no symbols
libtool: warning: 'liblwip.a(multilink.o)' has no symbols
libtool: warning: 'liblwip.a(arc4.o)' has no symbols
libtool: warning: 'liblwip.a(des.o)' has no symbols
libtool: warning: 'liblwip.a(md4.o)' has no symbols
libtool: warning: 'liblwip.a(md5.o)' has no symbols
libtool: warning: 'liblwip.a(sha1.o)' has no symbols
libtool: warning: 'liblwip.a(ppp.o)' has no symbols
libtool: warning: 'liblwip.a(pppapi.o)' has no symbols
libtool: warning: 'liblwip.a(pppcrypt.o)' has no symbols
libtool: warning: 'liblwip.a(pppoe.o)' has no symbols
libtool: warning: 'liblwip.a(pppol2tp.o)' has no symbols
libtool: warning: 'liblwip.a(pppos.o)' has no symbols
libtool: warning: 'liblwip.a(upap.o)' has no symbols
libtool: warning: 'liblwip.a(utils.o)' has no symbols
libtool: warning: 'liblwip.a(vj.o)' has no symbols
libtool: warning: 'liblwip.a(pcapif.o)' has no symbols
libtool: warning: 'liblwip.a(sys_arch.o)' has no symbols
libtool: warning: 'liblwip.a(sio.o)' has no symbols
libtool: warning: 'libhev-task-system.a(hev-task-io-reactor-epoll.o)' has no symbols
libtool: warning: 'libhev-task-system.a(hev-task-io-reactor-iocp.o)' has no symbols
libtool: warning: 'libhev-task-system.a(hev-task-stack-heap.o)' has no symbols
libtool: warning: 'libhev-task-system.a(hev-debugger.o)' has no symbols
[1;34mCLEAN[0m yaml
[1;34mCLEAN[0m lwip
[1;34mCLEAN[0m hev-task-system
[1;34mCLEAN[0m hev-socks5-tunnel
build for iphonesimulator, x86_64, min version 15.0
[1;31mBUILD[0m src/core/src/hev-rbtree.c
[1;31mBUILD[0m src/core/src/hev-socks5-authenticator.c
[1;31mBUILD[0m src/core/src/hev-socks5-client-tcp.c
[1;31mBUILD[0m src/core/src/hev-socks5-client-udp.c
[1;31mBUILD[0m src/core/src/hev-socks5-client.c
[1;31mBUILD[0m src/core/src/hev-socks5-logger.c
[1;31mBUILD[0m src/core/src/hev-socks5-misc.c
[1;31mBUILD[0m src/core/src/hev-socks5-server.c
[1;31mBUILD[0m src/core/src/hev-socks5-tcp.c
[1;31mBUILD[0m src/core/src/hev-socks5-udp.c
[1;31mBUILD[0m src/core/src/hev-socks5-user.c
[1;31mBUILD[0m src/core/src/hev-socks5.c
[1;31mBUILD[0m src/hev-config.c
[1;31mBUILD[0m src/hev-jni.c
[1;31mBUILD[0m src/hev-main.c
[1;31mBUILD[0m src/hev-mapped-dns.c
[1;31mBUILD[0m src/hev-socks5-session-tcp.c
[1;31mBUILD[0m src/hev-socks5-session-udp.c
[1;31mBUILD[0m src/hev-socks5-session.c
[1;31mBUILD[0m src/hev-socks5-tunnel.c
[1;31mBUILD[0m src/hev-tunnel-freebsd.c
[1;31mBUILD[0m src/hev-tunnel-linux.c
[1;31mBUILD[0m src/hev-tunnel-macos.c
[1;31mBUILD[0m src/hev-tunnel-netbsd.c
[1;31mBUILD[0m src/hev-tunnel-windows.c
[1;31mBUILD[0m src/misc/hev-exec.c
[1;31mBUILD[0m src/misc/hev-list.c
[1;31mBUILD[0m src/misc/hev-logger.c
[1;31mBUILD[0m src/misc/hev-ring-buffer.c
[1;31mBUILD[0m src/misc/hev-utils.c
[1;31mBUILD[0m src/misc/hev-wintun.c
[1;31mBUILD[0m src/api.c
[1;31mBUILD[0m src/dumper.c
[1;31mBUILD[0m src/emitter.c
[1;31mBUILD[0m src/loader.c
[1;31mBUILD[0m src/parser.c
[1;31mBUILD[0m src/reader.c
[1;31mBUILD[0m src/scanner.c
[1;31mBUILD[0m src/writer.c
[1;34mLINK[0m  [1;32mbin/libyaml.a[0m
[1;31mBUILD[0m src/api/api_lib.c
[1;31mBUILD[0m src/api/api_msg.c
[1;31mBUILD[0m src/api/err.c
[1;31mBUILD[0m src/api/if_api.c
[1;31mBUILD[0m src/api/netbuf.c
[1;31mBUILD[0m src/api/netdb.c
[1;31mBUILD[0m src/api/netifapi.c
[1;31mBUILD[0m src/api/sockets.c
[1;31mBUILD[0m src/api/tcpip.c
[1;31mBUILD[0m src/core/altcp.c
[1;31mBUILD[0m src/core/altcp_alloc.c
[1;31mBUILD[0m src/core/altcp_tcp.c
[1;31mBUILD[0m src/core/def.c
[1;31mBUILD[0m src/core/dns.c
[1;31mBUILD[0m src/core/inet_chksum.c
[1;31mBUILD[0m src/core/init.c
[1;31mBUILD[0m src/core/ip.c
[1;31mBUILD[0m src/core/ipv4/acd.c
[1;31mBUILD[0m src/core/ipv4/autoip.c
[1;31mBUILD[0m src/core/ipv4/dhcp.c
[1;31mBUILD[0m src/core/ipv4/etharp.c
[1;31mBUILD[0m src/core/ipv4/icmp.c
[1;31mBUILD[0m src/core/ipv4/igmp.c
[1;31mBUILD[0m src/core/ipv4/ip4.c
[1;31mBUILD[0m src/core/ipv4/ip4_addr.c
[1;31mBUILD[0m src/core/ipv4/ip4_frag.c
[1;31mBUILD[0m src/core/ipv6/dhcp6.c
[1;31mBUILD[0m src/core/ipv6/ethip6.c
[1;31mBUILD[0m src/core/ipv6/icmp6.c
[1;31mBUILD[0m src/core/ipv6/inet6.c
[1;31mBUILD[0m src/core/ipv6/ip6.c
[1;31mBUILD[0m src/core/ipv6/ip6_addr.c
[1;31mBUILD[0m src/core/ipv6/ip6_frag.c
[1;31mBUILD[0m src/core/ipv6/mld6.c
[1;31mBUILD[0m src/core/ipv6/nd6.c
[1;31mBUILD[0m src/core/mem.c
[1;31mBUILD[0m src/core/memp.c
[1;31mBUILD[0m src/core/netif.c
[1;31mBUILD[0m src/core/pbuf.c
[1;31mBUILD[0m src/core/raw.c
[1;31mBUILD[0m src/core/stats.c
[1;31mBUILD[0m src/core/sys.c
[1;31mBUILD[0m src/core/tcp.c
[1;31mBUILD[0m src/core/tcp_in.c
[1;31mBUILD[0m src/core/tcp_out.c
[1;31mBUILD[0m src/core/timeouts.c
[1;31mBUILD[0m src/core/udp.c
[1;31mBUILD[0m src/netif/bridgeif.c
[1;31mBUILD[0m src/netif/bridgeif_fdb.c
[1;31mBUILD[0m src/netif/ethernet.c
[1;31mBUILD[0m src/netif/lowpan6.c
[1;31mBUILD[0m src/netif/lowpan6_ble.c
[1;31mBUILD[0m src/netif/lowpan6_common.c
[1;31mBUILD[0m src/netif/ppp/auth.c
[1;31mBUILD[0m src/netif/ppp/ccp.c
[1;31mBUILD[0m src/netif/ppp/chap-md5.c
[1;31mBUILD[0m src/netif/ppp/chap-new.c
[1;31mBUILD[0m src/netif/ppp/chap_ms.c
[1;31mBUILD[0m src/netif/ppp/demand.c
[1;31mBUILD[0m src/netif/ppp/eap.c
[1;31mBUILD[0m src/netif/ppp/ecp.c
[1;31mBUILD[0m src/netif/ppp/eui64.c
[1;31mBUILD[0m src/netif/ppp/fsm.c
[1;31mBUILD[0m src/netif/ppp/ipcp.c
[1;31mBUILD[0m src/netif/ppp/ipv6cp.c
[1;31mBUILD[0m src/netif/ppp/lcp.c
[1;31mBUILD[0m src/netif/ppp/magic.c
[1;31mBUILD[0m src/netif/ppp/mppe.c
[1;31mBUILD[0m src/netif/ppp/multilink.c
[1;31mBUILD[0m src/netif/ppp/polarssl/arc4.c
[1;31mBUILD[0m src/netif/ppp/polarssl/des.c
[1;31mBUILD[0m src/netif/ppp/polarssl/md4.c
[1;31mBUILD[0m src/netif/ppp/polarssl/md5.c
[1;31mBUILD[0m src/netif/ppp/polarssl/sha1.c
[1;31mBUILD[0m src/netif/ppp/ppp.c
[1;31mBUILD[0m src/netif/ppp/pppapi.c
[1;31mBUILD[0m src/netif/ppp/pppcrypt.c
[1;31mBUILD[0m src/netif/ppp/pppoe.c
[1;31mBUILD[0m src/netif/ppp/pppol2tp.c
[1;31mBUILD[0m src/netif/ppp/pppos.c
[1;31mBUILD[0m src/netif/ppp/upap.c
[1;31mBUILD[0m src/netif/ppp/utils.c
[1;31mBUILD[0m src/netif/ppp/vj.c
[1;31mBUILD[0m src/netif/slipif.c
[1;31mBUILD[0m src/netif/zepif.c
[1;31mBUILD[0m src/ports/lib/mem.c
[1;31mBUILD[0m src/ports/unix/lib/perf.c
[1;31mBUILD[0m src/ports/unix/lib/sys_arch.c
[1;31mBUILD[0m src/ports/unix/netif/fifo.c
[1;31mBUILD[0m src/ports/unix/netif/list.c
[1;31mBUILD[0m src/ports/unix/netif/pcapif.c
[1;31mBUILD[0m src/ports/unix/netif/sio.c
[1;31mBUILD[0m src/ports/unix/netif/tapif.c
[1;31mBUILD[0m src/ports/win32/lib/sys_arch.c
[1;31mBUILD[0m src/ports/win32/netif/sio.c
[1;34mLINK[0m  [1;32mbin/liblwip.a[0m
[1;31mBUILD[0m src/kern/aide/hev-task-aide.c
[1;31mBUILD[0m src/kern/core/hev-task-system-schedule.c
[1;31mBUILD[0m src/kern/core/hev-task-system.c
[1;31mBUILD[0m src/kern/io/hev-task-io-reactor-epoll.c
[1;31mBUILD[0m src/kern/io/hev-task-io-reactor-iocp.c
[1;31mBUILD[0m src/kern/io/hev-task-io-reactor-kqueue.c
[1;31mBUILD[0m src/kern/itc/hev-task-channel-select.c
[1;31mBUILD[0m src/kern/itc/hev-task-channel.c
[1;31mBUILD[0m src/kern/sync/hev-task-cond.c
[1;31mBUILD[0m src/kern/sync/hev-task-mutex.c
[1;31mBUILD[0m src/kern/task/hev-task-call.c
[1;31mBUILD[0m src/kern/task/hev-task-executer.c
[1;31mBUILD[0m src/kern/task/hev-task-stack-heap.c
[1;31mBUILD[0m src/kern/task/hev-task-stack-mmap.c
[1;31mBUILD[0m src/kern/task/hev-task.c
[1;31mBUILD[0m src/kern/time/hev-task-timer.c
[1;31mBUILD[0m src/lib/dns/hev-task-dns-proxy.c
[1;31mBUILD[0m src/lib/dns/hev-task-dns.c
[1;31mBUILD[0m src/lib/io/basic/hev-task-io.c
[1;31mBUILD[0m src/lib/io/buffer/hev-circular-buffer.c
[1;31mBUILD[0m src/lib/io/pipe/hev-task-io-pipe.c
[1;31mBUILD[0m src/lib/io/poll/hev-task-io-poll.c
[1;31mBUILD[0m src/lib/io/socket/hev-task-io-socket.c
[1;31mBUILD[0m src/lib/list/hev-list.c
[1;31mBUILD[0m src/lib/misc/hev-debugger.c
[1;31mBUILD[0m src/lib/misc/hev-task-stack-detector.c
[1;31mBUILD[0m src/lib/object/hev-object-atomic.c
[1;31mBUILD[0m src/lib/object/hev-object.c
[1;31mBUILD[0m src/lib/rbtree/hev-rbtree-cached.c
[1;31mBUILD[0m src/lib/rbtree/hev-rbtree.c
[1;31mBUILD[0m src/mem/api/hev-memory-allocator-api.c
[1;31mBUILD[0m src/mem/base/hev-memory-allocator.c
[1;31mBUILD[0m src/mem/simple/hev-memory-allocator-simple.c
[1;31mBUILD[0m src/mem/slice/hev-memory-allocator-slice.c
[1;31mBUILD[0m src/kern/task/hev-task-execute.S
[1;34mLINK[0m  [1;32mbin/libhev-task-system.a[0m
[1;34mLINK[0m  [1;32mbin/libhev-socks5-tunnel.a[0m
libtool: warning: 'libhev-socks5-tunnel.a(hev-jni.o)' has no symbols
libtool: warning: 'libhev-socks5-tunnel.a(hev-tunnel-freebsd.o)' has no symbols
libtool: warning: 'libhev-socks5-tunnel.a(hev-tunnel-linux.o)' has no symbols
libtool: warning: 'libhev-socks5-tunnel.a(hev-tunnel-netbsd.o)' has no symbols
libtool: warning: 'libhev-socks5-tunnel.a(hev-tunnel-windows.o)' has no symbols
libtool: warning: 'libhev-socks5-tunnel.a(hev-wintun.o)' has no symbols
libtool: warning: 'liblwip.a(api_lib.o)' has no symbols
libtool: warning: 'liblwip.a(api_msg.o)' has no symbols
libtool: warning: 'liblwip.a(err.o)' has no symbols
libtool: warning: 'liblwip.a(if_api.o)' has no symbols
libtool: warning: 'liblwip.a(netbuf.o)' has no symbols
libtool: warning: 'liblwip.a(netdb.o)' has no symbols
libtool: warning: 'liblwip.a(netifapi.o)' has no symbols
libtool: warning: 'liblwip.a(sockets.o)' has no symbols
libtool: warning: 'liblwip.a(tcpip.o)' has no symbols
libtool: warning: 'liblwip.a(altcp.o)' has no symbols
libtool: warning: 'liblwip.a(altcp_alloc.o)' has no symbols
libtool: warning: 'liblwip.a(altcp_tcp.o)' has no symbols
libtool: warning: 'liblwip.a(dns.o)' has no symbols
libtool: warning: 'liblwip.a(acd.o)' has no symbols
libtool: warning: 'liblwip.a(autoip.o)' has no symbols
libtool: warning: 'liblwip.a(dhcp.o)' has no symbols
libtool: warning: 'liblwip.a(etharp.o)' has no symbols
libtool: warning: 'liblwip.a(igmp.o)' has no symbols
libtool: warning: 'liblwip.a(dhcp6.o)' has no symbols
libtool: warning: 'liblwip.a(ethip6.o)' has no symbols
libtool: warning: 'liblwip.a(inet6.o)' has no symbols
libtool: warning: 'liblwip.a(raw.o)' has no symbols
libtool: warning: 'liblwip.a(stats.o)' has no symbols
libtool: warning: 'liblwip.a(sys.o)' has no symbols
libtool: warning: 'liblwip.a(bridgeif.o)' has no symbols
libtool: warning: 'liblwip.a(ethernet.o)' has no symbols
libtool: warning: 'liblwip.a(auth.o)' has no symbols
libtool: warning: 'liblwip.a(ccp.o)' has no symbols
libtool: warning: 'liblwip.a(chap-md5.o)' has no symbols
libtool: warning: 'liblwip.a(chap-new.o)' has no symbols
libtool: warning: 'liblwip.a(chap_ms.o)' has no symbols
libtool: warning: 'liblwip.a(demand.o)' has no symbols
libtool: warning: 'liblwip.a(eap.o)' has no symbols
libtool: warning: 'liblwip.a(ecp.o)' has no symbols
libtool: warning: 'liblwip.a(eui64.o)' has no symbols
libtool: warning: 'liblwip.a(fsm.o)' has no symbols
libtool: warning: 'liblwip.a(ipcp.o)' has no symbols
libtool: warning: 'liblwip.a(ipv6cp.o)' has no symbols
libtool: warning: 'liblwip.a(lcp.o)' has no symbols
libtool: warning: 'liblwip.a(magic.o)' has no symbols
libtool: warning: 'liblwip.a(mppe.o)' has no symbols
libtool: warning: 'liblwip.a(multilink.o)' has no symbols
libtool: warning: 'liblwip.a(arc4.o)' has no symbols
libtool: warning: 'liblwip.a(des.o)' has no symbols
libtool: warning: 'liblwip.a(md4.o)' has no symbols
libtool: warning: 'liblwip.a(md5.o)' has no symbols
libtool: warning: 'liblwip.a(sha1.o)' has no symbols
libtool: warning: 'liblwip.a(ppp.o)' has no symbols
libtool: warning: 'liblwip.a(pppapi.o)' has no symbols
libtool: warning: 'liblwip.a(pppcrypt.o)' has no symbols
libtool: warning: 'liblwip.a(pppoe.o)' has no symbols
libtool: warning: 'liblwip.a(pppol2tp.o)' has no symbols
libtool: warning: 'liblwip.a(pppos.o)' has no symbols
libtool: warning: 'liblwip.a(upap.o)' has no symbols
libtool: warning: 'liblwip.a(utils.o)' has no symbols
libtool: warning: 'liblwip.a(vj.o)' has no symbols
libtool: warning: 'liblwip.a(pcapif.o)' has no symbols
libtool: warning: 'liblwip.a(sys_arch.o)' has no symbols
libtool: warning: 'liblwip.a(sio.o)' has no symbols
libtool: warning: 'libhev-task-system.a(hev-task-io-reactor-epoll.o)' has no symbols
libtool: warning: 'libhev-task-system.a(hev-task-io-reactor-iocp.o)' has no symbols
libtool: warning: 'libhev-task-system.a(hev-task-stack-heap.o)' has no symbols
libtool: warning: 'libhev-task-system.a(hev-debugger.o)' has no symbols
[1;34mCLEAN[0m yaml
[1;34mCLEAN[0m lwip
[1;34mCLEAN[0m hev-task-system
[1;34mCLEAN[0m hev-socks5-tunnel
build for iphonesimulator, arm64, min version 15.0
[1;31mBUILD[0m src/core/src/hev-rbtree.c
[1;31mBUILD[0m src/core/src/hev-socks5-authenticator.c
[1;31mBUILD[0m src/core/src/hev-socks5-client-tcp.c
[1;31mBUILD[0m src/core/src/hev-socks5-client-udp.c
[1;31mBUILD[0m src/core/src/hev-socks5-client.c
[1;31mBUILD[0m src/core/src/hev-socks5-logger.c
[1;31mBUILD[0m src/core/src/hev-socks5-misc.c
[1;31mBUILD[0m src/core/src/hev-socks5-server.c
[1;31mBUILD[0m src/core/src/hev-socks5-tcp.c
[1;31mBUILD[0m src/core/src/hev-socks5-udp.c
[1;31mBUILD[0m src/core/src/hev-socks5-user.c
[1;31mBUILD[0m src/core/src/hev-socks5.c
[1;31mBUILD[0m src/hev-config.c
[1;31mBUILD[0m src/hev-jni.c
[1;31mBUILD[0m src/hev-main.c
[1;31mBUILD[0m src/hev-mapped-dns.c
[1;31mBUILD[0m src/hev-socks5-session-tcp.c
[1;31mBUILD[0m src/hev-socks5-session-udp.c
[1;31mBUILD[0m src/hev-socks5-session.c
[1;31mBUILD[0m src/hev-socks5-tunnel.c
[1;31mBUILD[0m src/hev-tunnel-freebsd.c
[1;31mBUILD[0m src/hev-tunnel-linux.c
[1;31mBUILD[0m src/hev-tunnel-macos.c
[1;31mBUILD[0m src/hev-tunnel-netbsd.c
[1;31mBUILD[0m src/hev-tunnel-windows.c
[1;31mBUILD[0m src/misc/hev-exec.c
[1;31mBUILD[0m src/misc/hev-list.c
[1;31mBUILD[0m src/misc/hev-logger.c
[1;31mBUILD[0m src/misc/hev-ring-buffer.c
[1;31mBUILD[0m src/misc/hev-utils.c
[1;31mBUILD[0m src/misc/hev-wintun.c
[1;31mBUILD[0m src/api.c
[1;31mBUILD[0m src/dumper.c
[1;31mBUILD[0m src/emitter.c
[1;31mBUILD[0m src/loader.c
[1;31mBUILD[0m src/parser.c
[1;31mBUILD[0m src/reader.c
[1;31mBUILD[0m src/scanner.c
[1;31mBUILD[0m src/writer.c
[1;34mLINK[0m  [1;32mbin/libyaml.a[0m
[1;31mBUILD[0m src/api/api_lib.c
[1;31mBUILD[0m src/api/api_msg.c
[1;31mBUILD[0m src/api/err.c
[1;31mBUILD[0m src/api/if_api.c
[1;31mBUILD[0m src/api/netbuf.c
[1;31mBUILD[0m src/api/netdb.c
[1;31mBUILD[0m src/api/netifapi.c
[1;31mBUILD[0m src/api/sockets.c
[1;31mBUILD[0m src/api/tcpip.c
[1;31mBUILD[0m src/core/altcp.c
[1;31mBUILD[0m src/core/altcp_alloc.c
[1;31mBUILD[0m src/core/altcp_tcp.c
[1;31mBUILD[0m src/core/def.c
[1;31mBUILD[0m src/core/dns.c
[1;31mBUILD[0m src/core/inet_chksum.c
[1;31mBUILD[0m src/core/init.c
[1;31mBUILD[0m src/core/ip.c
[1;31mBUILD[0m src/core/ipv4/acd.c
[1;31mBUILD[0m src/core/ipv4/autoip.c
[1;31mBUILD[0m src/core/ipv4/dhcp.c
[1;31mBUILD[0m src/core/ipv4/etharp.c
[1;31mBUILD[0m src/core/ipv4/icmp.c
[1;31mBUILD[0m src/core/ipv4/igmp.c
[1;31mBUILD[0m src/core/ipv4/ip4.c
[1;31mBUILD[0m src/core/ipv4/ip4_addr.c
[1;31mBUILD[0m src/core/ipv4/ip4_frag.c
[1;31mBUILD[0m src/core/ipv6/dhcp6.c
[1;31mBUILD[0m src/core/ipv6/ethip6.c
[1;31mBUILD[0m src/core/ipv6/icmp6.c
[1;31mBUILD[0m src/core/ipv6/inet6.c
[1;31mBUILD[0m src/core/ipv6/ip6.c
[1;31mBUILD[0m src/core/ipv6/ip6_addr.c
[1;31mBUILD[0m src/core/ipv6/ip6_frag.c
[1;31mBUILD[0m src/core/ipv6/mld6.c
[1;31mBUILD[0m src/core/ipv6/nd6.c
[1;31mBUILD[0m src/core/mem.c
[1;31mBUILD[0m src/core/memp.c
[1;31mBUILD[0m src/core/netif.c
[1;31mBUILD[0m src/core/pbuf.c
[1;31mBUILD[0m src/core/raw.c
[1;31mBUILD[0m src/core/stats.c
[1;31mBUILD[0m src/core/sys.c
[1;31mBUILD[0m src/core/tcp.c
[1;31mBUILD[0m src/core/tcp_in.c
[1;31mBUILD[0m src/core/tcp_out.c
[1;31mBUILD[0m src/core/timeouts.c
[1;31mBUILD[0m src/core/udp.c
[1;31mBUILD[0m src/netif/bridgeif.c
[1;31mBUILD[0m src/netif/bridgeif_fdb.c
[1;31mBUILD[0m src/netif/ethernet.c
[1;31mBUILD[0m src/netif/lowpan6.c
[1;31mBUILD[0m src/netif/lowpan6_ble.c
[1;31mBUILD[0m src/netif/lowpan6_common.c
[1;31mBUILD[0m src/netif/ppp/auth.c
[1;31mBUILD[0m src/netif/ppp/ccp.c
[1;31mBUILD[0m src/netif/ppp/chap-md5.c
[1;31mBUILD[0m src/netif/ppp/chap-new.c
[1;31mBUILD[0m src/netif/ppp/chap_ms.c
[1;31mBUILD[0m src/netif/ppp/demand.c
[1;31mBUILD[0m src/netif/ppp/eap.c
[1;31mBUILD[0m src/netif/ppp/ecp.c
[1;31mBUILD[0m src/netif/ppp/eui64.c
[1;31mBUILD[0m src/netif/ppp/fsm.c
[1;31mBUILD[0m src/netif/ppp/ipcp.c
[1;31mBUILD[0m src/netif/ppp/ipv6cp.c
[1;31mBUILD[0m src/netif/ppp/lcp.c
[1;31mBUILD[0m src/netif/ppp/magic.c
[1;31mBUILD[0m src/netif/ppp/mppe.c
[1;31mBUILD[0m src/netif/ppp/multilink.c
[1;31mBUILD[0m src/netif/ppp/polarssl/arc4.c
[1;31mBUILD[0m src/netif/ppp/polarssl/des.c
[1;31mBUILD[0m src/netif/ppp/polarssl/md4.c
[1;31mBUILD[0m src/netif/ppp/polarssl/md5.c
[1;31mBUILD[0m src/netif/ppp/polarssl/sha1.c
[1;31mBUILD[0m src/netif/ppp/ppp.c
[1;31mBUILD[0m src/netif/ppp/pppapi.c
[1;31mBUILD[0m src/netif/ppp/pppcrypt.c
[1;31mBUILD[0m src/netif/ppp/pppoe.c
[1;31mBUILD[0m src/netif/ppp/pppol2tp.c
[1;31mBUILD[0m src/netif/ppp/pppos.c
[1;31mBUILD[0m src/netif/ppp/upap.c
[1;31mBUILD[0m src/netif/ppp/utils.c
[1;31mBUILD[0m src/netif/ppp/vj.c
[1;31mBUILD[0m src/netif/slipif.c
[1;31mBUILD[0m src/netif/zepif.c
[1;31mBUILD[0m src/ports/lib/mem.c
[1;31mBUILD[0m src/ports/unix/lib/perf.c
[1;31mBUILD[0m src/ports/unix/lib/sys_arch.c
[1;31mBUILD[0m src/ports/unix/netif/fifo.c
[1;31mBUILD[0m src/ports/unix/netif/list.c
[1;31mBUILD[0m src/ports/unix/netif/pcapif.c
[1;31mBUILD[0m src/ports/unix/netif/sio.c
[1;31mBUILD[0m src/ports/unix/netif/tapif.c
[1;31mBUILD[0m src/ports/win32/lib/sys_arch.c
[1;31mBUILD[0m src/ports/win32/netif/sio.c
[1;34mLINK[0m  [1;32mbin/liblwip.a[0m
[1;31mBUILD[0m src/kern/aide/hev-task-aide.c
[1;31mBUILD[0m src/kern/core/hev-task-system-schedule.c
[1;31mBUILD[0m src/kern/core/hev-task-system.c
[1;31mBUILD[0m src/kern/io/hev-task-io-reactor-epoll.c
[1;31mBUILD[0m src/kern/io/hev-task-io-reactor-iocp.c
[1;31mBUILD[0m src/kern/io/hev-task-io-reactor-kqueue.c
[1;31mBUILD[0m src/kern/itc/hev-task-channel-select.c
[1;31mBUILD[0m src/kern/itc/hev-task-channel.c
[1;31mBUILD[0m src/kern/sync/hev-task-cond.c
[1;31mBUILD[0m src/kern/sync/hev-task-mutex.c
[1;31mBUILD[0m src/kern/task/hev-task-call.c
[1;31mBUILD[0m src/kern/task/hev-task-executer.c
[1;31mBUILD[0m src/kern/task/hev-task-stack-heap.c
[1;31mBUILD[0m src/kern/task/hev-task-stack-mmap.c
[1;31mBUILD[0m src/kern/task/hev-task.c
[1;31mBUILD[0m src/kern/time/hev-task-timer.c
[1;31mBUILD[0m src/lib/dns/hev-task-dns-proxy.c
[1;31mBUILD[0m src/lib/dns/hev-task-dns.c
[1;31mBUILD[0m src/lib/io/basic/hev-task-io.c
[1;31mBUILD[0m src/lib/io/buffer/hev-circular-buffer.c
[1;31mBUILD[0m src/lib/io/pipe/hev-task-io-pipe.c
[1;31mBUILD[0m src/lib/io/poll/hev-task-io-poll.c
[1;31mBUILD[0m src/lib/io/socket/hev-task-io-socket.c
[1;31mBUILD[0m src/lib/list/hev-list.c
[1;31mBUILD[0m src/lib/misc/hev-debugger.c
[1;31mBUILD[0m src/lib/misc/hev-task-stack-detector.c
[1;31mBUILD[0m src/lib/object/hev-object-atomic.c
[1;31mBUILD[0m src/lib/object/hev-object.c
[1;31mBUILD[0m src/lib/rbtree/hev-rbtree-cached.c
[1;31mBUILD[0m src/lib/rbtree/hev-rbtree.c
[1;31mBUILD[0m src/mem/api/hev-memory-allocator-api.c
[1;31mBUILD[0m src/mem/base/hev-memory-allocator.c
[1;31mBUILD[0m src/mem/simple/hev-memory-allocator-simple.c
[1;31mBUILD[0m src/mem/slice/hev-memory-allocator-slice.c
[1;31mBUILD[0m src/kern/task/hev-task-execute.S
[1;34mLINK[0m  [1;32mbin/libhev-task-system.a[0m
[1;34mLINK[0m  [1;32mbin/libhev-socks5-tunnel.a[0m
libtool: warning: 'libhev-socks5-tunnel.a(hev-jni.o)' has no symbols
libtool: warning: 'libhev-socks5-tunnel.a(hev-tunnel-freebsd.o)' has no symbols
libtool: warning: 'libhev-socks5-tunnel.a(hev-tunnel-linux.o)' has no symbols
libtool: warning: 'libhev-socks5-tunnel.a(hev-tunnel-netbsd.o)' has no symbols
libtool: warning: 'libhev-socks5-tunnel.a(hev-tunnel-windows.o)' has no symbols
libtool: warning: 'libhev-socks5-tunnel.a(hev-wintun.o)' has no symbols
libtool: warning: 'liblwip.a(api_lib.o)' has no symbols
libtool: warning: 'liblwip.a(api_msg.o)' has no symbols
libtool: warning: 'liblwip.a(err.o)' has no symbols
libtool: warning: 'liblwip.a(if_api.o)' has no symbols
libtool: warning: 'liblwip.a(netbuf.o)' has no symbols
libtool: warning: 'liblwip.a(netdb.o)' has no symbols
libtool: warning: 'liblwip.a(netifapi.o)' has no symbols
libtool: warning: 'liblwip.a(sockets.o)' has no symbols
libtool: warning: 'liblwip.a(tcpip.o)' has no symbols
libtool: warning: 'liblwip.a(altcp.o)' has no symbols
libtool: warning: 'liblwip.a(altcp_alloc.o)' has no symbols
libtool: warning: 'liblwip.a(altcp_tcp.o)' has no symbols
libtool: warning: 'liblwip.a(dns.o)' has no symbols
libtool: warning: 'liblwip.a(acd.o)' has no symbols
libtool: warning: 'liblwip.a(autoip.o)' has no symbols
libtool: warning: 'liblwip.a(dhcp.o)' has no symbols
libtool: warning: 'liblwip.a(etharp.o)' has no symbols
libtool: warning: 'liblwip.a(igmp.o)' has no symbols
libtool: warning: 'liblwip.a(dhcp6.o)' has no symbols
libtool: warning: 'liblwip.a(ethip6.o)' has no symbols
libtool: warning: 'liblwip.a(inet6.o)' has no symbols
libtool: warning: 'liblwip.a(raw.o)' has no symbols
libtool: warning: 'liblwip.a(stats.o)' has no symbols
libtool: warning: 'liblwip.a(sys.o)' has no symbols
libtool: warning: 'liblwip.a(bridgeif.o)' has no symbols
libtool: warning: 'liblwip.a(ethernet.o)' has no symbols
libtool: warning: 'liblwip.a(auth.o)' has no symbols
libtool: warning: 'liblwip.a(ccp.o)' has no symbols
libtool: warning: 'liblwip.a(chap-md5.o)' has no symbols
libtool: warning: 'liblwip.a(chap-new.o)' has no symbols
libtool: warning: 'liblwip.a(chap_ms.o)' has no symbols
libtool: warning: 'liblwip.a(demand.o)' has no symbols
libtool: warning: 'liblwip.a(eap.o)' has no symbols
libtool: warning: 'liblwip.a(ecp.o)' has no symbols
libtool: warning: 'liblwip.a(eui64.o)' has no symbols
libtool: warning: 'liblwip.a(fsm.o)' has no symbols
libtool: warning: 'liblwip.a(ipcp.o)' has no symbols
libtool: warning: 'liblwip.a(ipv6cp.o)' has no symbols
libtool: warning: 'liblwip.a(lcp.o)' has no symbols
libtool: warning: 'liblwip.a(magic.o)' has no symbols
libtool: warning: 'liblwip.a(mppe.o)' has no symbols
libtool: warning: 'liblwip.a(multilink.o)' has no symbols
libtool: warning: 'liblwip.a(arc4.o)' has no symbols
libtool: warning: 'liblwip.a(des.o)' has no symbols
libtool: warning: 'liblwip.a(md4.o)' has no symbols
libtool: warning: 'liblwip.a(md5.o)' has no symbols
libtool: warning: 'liblwip.a(sha1.o)' has no symbols
libtool: warning: 'liblwip.a(ppp.o)' has no symbols
libtool: warning: 'liblwip.a(pppapi.o)' has no symbols
libtool: warning: 'liblwip.a(pppcrypt.o)' has no symbols
libtool: warning: 'liblwip.a(pppoe.o)' has no symbols
libtool: warning: 'liblwip.a(pppol2tp.o)' has no symbols
libtool: warning: 'liblwip.a(pppos.o)' has no symbols
libtool: warning: 'liblwip.a(upap.o)' has no symbols
libtool: warning: 'liblwip.a(utils.o)' has no symbols
libtool: warning: 'liblwip.a(vj.o)' has no symbols
libtool: warning: 'liblwip.a(pcapif.o)' has no symbols
libtool: warning: 'liblwip.a(sys_arch.o)' has no symbols
libtool: warning: 'liblwip.a(sio.o)' has no symbols
libtool: warning: 'libhev-task-system.a(hev-task-io-reactor-epoll.o)' has no symbols
libtool: warning: 'libhev-task-system.a(hev-task-io-reactor-iocp.o)' has no symbols
libtool: warning: 'libhev-task-system.a(hev-task-stack-heap.o)' has no symbols
libtool: warning: 'libhev-task-system.a(hev-debugger.o)' has no symbols
[1;34mCLEAN[0m yaml
[1;34mCLEAN[0m lwip
[1;34mCLEAN[0m hev-task-system
[1;34mCLEAN[0m hev-socks5-tunnel
merge for iphonesimulator, x86_64, arm64
build for macosx, x86_64, min version 10.14
[1;31mBUILD[0m src/core/src/hev-rbtree.c
[1;31mBUILD[0m src/core/src/hev-socks5-authenticator.c
[1;31mBUILD[0m src/core/src/hev-socks5-client-tcp.c
[1;31mBUILD[0m src/core/src/hev-socks5-client-udp.c
[1;31mBUILD[0m src/core/src/hev-socks5-client.c
[1;31mBUILD[0m src/core/src/hev-socks5-logger.c
[1;31mBUILD[0m src/core/src/hev-socks5-misc.c
[1;31mBUILD[0m src/core/src/hev-socks5-server.c
[1;31mBUILD[0m src/core/src/hev-socks5-tcp.c
[1;31mBUILD[0m src/core/src/hev-socks5-udp.c
[1;31mBUILD[0m src/core/src/hev-socks5-user.c
[1;31mBUILD[0m src/core/src/hev-socks5.c
[1;31mBUILD[0m src/hev-config.c
[1;31mBUILD[0m src/hev-jni.c
[1;31mBUILD[0m src/hev-main.c
[1;31mBUILD[0m src/hev-mapped-dns.c
[1;31mBUILD[0m src/hev-socks5-session-tcp.c
[1;31mBUILD[0m src/hev-socks5-session-udp.c
[1;31mBUILD[0m src/hev-socks5-session.c
[1;31mBUILD[0m src/hev-socks5-tunnel.c
[1;31mBUILD[0m src/hev-tunnel-freebsd.c
[1;31mBUILD[0m src/hev-tunnel-linux.c
[1;31mBUILD[0m src/hev-tunnel-macos.c
[1;31mBUILD[0m src/hev-tunnel-netbsd.c
[1;31mBUILD[0m src/hev-tunnel-windows.c
[1;31mBUILD[0m src/misc/hev-exec.c
[1;31mBUILD[0m src/misc/hev-list.c
[1;31mBUILD[0m src/misc/hev-logger.c
[1;31mBUILD[0m src/misc/hev-ring-buffer.c
[1;31mBUILD[0m src/misc/hev-utils.c
[1;31mBUILD[0m src/misc/hev-wintun.c
[1;31mBUILD[0m src/api.c
[1;31mBUILD[0m src/dumper.c
[1;31mBUILD[0m src/emitter.c
[1;31mBUILD[0m src/loader.c
[1;31mBUILD[0m src/parser.c
[1;31mBUILD[0m src/reader.c
[1;31mBUILD[0m src/scanner.c
[1;31mBUILD[0m src/writer.c
[1;34mLINK[0m  [1;32mbin/libyaml.a[0m
[1;31mBUILD[0m src/api/api_lib.c
[1;31mBUILD[0m src/api/api_msg.c
[1;31mBUILD[0m src/api/err.c
[1;31mBUILD[0m src/api/if_api.c
[1;31mBUILD[0m src/api/netbuf.c
[1;31mBUILD[0m src/api/netdb.c
[1;31mBUILD[0m src/api/netifapi.c
[1;31mBUILD[0m src/api/sockets.c
[1;31mBUILD[0m src/api/tcpip.c
[1;31mBUILD[0m src/core/altcp.c
[1;31mBUILD[0m src/core/altcp_alloc.c
[1;31mBUILD[0m src/core/altcp_tcp.c
[1;31mBUILD[0m src/core/def.c
[1;31mBUILD[0m src/core/dns.c
[1;31mBUILD[0m src/core/inet_chksum.c
[1;31mBUILD[0m src/core/init.c
[1;31mBUILD[0m src/core/ip.c
[1;31mBUILD[0m src/core/ipv4/acd.c
[1;31mBUILD[0m src/core/ipv4/autoip.c
[1;31mBUILD[0m src/core/ipv4/dhcp.c
[1;31mBUILD[0m src/core/ipv4/etharp.c
[1;31mBUILD[0m src/core/ipv4/icmp.c
[1;31mBUILD[0m src/core/ipv4/igmp.c
[1;31mBUILD[0m src/core/ipv4/ip4.c
[1;31mBUILD[0m src/core/ipv4/ip4_addr.c
[1;31mBUILD[0m src/core/ipv4/ip4_frag.c
[1;31mBUILD[0m src/core/ipv6/dhcp6.c
[1;31mBUILD[0m src/core/ipv6/ethip6.c
[1;31mBUILD[0m src/core/ipv6/icmp6.c
[1;31mBUILD[0m src/core/ipv6/inet6.c
[1;31mBUILD[0m src/core/ipv6/ip6.c
[1;31mBUILD[0m src/core/ipv6/ip6_addr.c
[1;31mBUILD[0m src/core/ipv6/ip6_frag.c
[1;31mBUILD[0m src/core/ipv6/mld6.c
[1;31mBUILD[0m src/core/ipv6/nd6.c
[1;31mBUILD[0m src/core/mem.c
[1;31mBUILD[0m src/core/memp.c
[1;31mBUILD[0m src/core/netif.c
[1;31mBUILD[0m src/core/pbuf.c
[1;31mBUILD[0m src/core/raw.c
[1;31mBUILD[0m src/core/stats.c
[1;31mBUILD[0m src/core/sys.c
[1;31mBUILD[0m src/core/tcp.c
[1;31mBUILD[0m src/core/tcp_in.c
[1;31mBUILD[0m src/core/tcp_out.c
[1;31mBUILD[0m src/core/timeouts.c
[1;31mBUILD[0m src/core/udp.c
[1;31mBUILD[0m src/netif/bridgeif.c
[1;31mBUILD[0m src/netif/bridgeif_fdb.c
[1;31mBUILD[0m src/netif/ethernet.c
[1;31mBUILD[0m src/netif/lowpan6.c
[1;31mBUILD[0m src/netif/lowpan6_ble.c
[1;31mBUILD[0m src/netif/lowpan6_common.c
[1;31mBUILD[0m src/netif/ppp/auth.c
[1;31mBUILD[0m src/netif/ppp/ccp.c
[1;31mBUILD[0m src/netif/ppp/chap-md5.c
[1;31mBUILD[0m src/netif/ppp/chap-new.c
[1;31mBUILD[0m src/netif/ppp/chap_ms.c
[1;31mBUILD[0m src/netif/ppp/demand.c
[1;31mBUILD[0m src/netif/ppp/eap.c
[1;31mBUILD[0m src/netif/ppp/ecp.c
[1;31mBUILD[0m src/netif/ppp/eui64.c
[1;31mBUILD[0m src/netif/ppp/fsm.c
[1;31mBUILD[0m src/netif/ppp/ipcp.c
[1;31mBUILD[0m src/netif/ppp/ipv6cp.c
[1;31mBUILD[0m src/netif/ppp/lcp.c
[1;31mBUILD[0m src/netif/ppp/magic.c
[1;31mBUILD[0m src/netif/ppp/mppe.c
[1;31mBUILD[0m src/netif/ppp/multilink.c
[1;31mBUILD[0m src/netif/ppp/polarssl/arc4.c
[1;31mBUILD[0m src/netif/ppp/polarssl/des.c
[1;31mBUILD[0m src/netif/ppp/polarssl/md4.c
[1;31mBUILD[0m src/netif/ppp/polarssl/md5.c
[1;31mBUILD[0m src/netif/ppp/polarssl/sha1.c
[1;31mBUILD[0m src/netif/ppp/ppp.c
[1;31mBUILD[0m src/netif/ppp/pppapi.c
[1;31mBUILD[0m src/netif/ppp/pppcrypt.c
[1;31mBUILD[0m src/netif/ppp/pppoe.c
[1;31mBUILD[0m src/netif/ppp/pppol2tp.c
[1;31mBUILD[0m src/netif/ppp/pppos.c
[1;31mBUILD[0m src/netif/ppp/upap.c
[1;31mBUILD[0m src/netif/ppp/utils.c
[1;31mBUILD[0m src/netif/ppp/vj.c
[1;31mBUILD[0m src/netif/slipif.c
[1;31mBUILD[0m src/netif/zepif.c
[1;31mBUILD[0m src/ports/lib/mem.c
[1;31mBUILD[0m src/ports/unix/lib/perf.c
[1;31mBUILD[0m src/ports/unix/lib/sys_arch.c
[1;31mBUILD[0m src/ports/unix/netif/fifo.c
[1;31mBUILD[0m src/ports/unix/netif/list.c
[1;31mBUILD[0m src/ports/unix/netif/pcapif.c
[1;31mBUILD[0m src/ports/unix/netif/sio.c
[1;31mBUILD[0m src/ports/unix/netif/tapif.c
[1;31mBUILD[0m src/ports/win32/lib/sys_arch.c
[1;31mBUILD[0m src/ports/win32/netif/sio.c
[1;34mLINK[0m  [1;32mbin/liblwip.a[0m
[1;31mBUILD[0m src/kern/aide/hev-task-aide.c
[1;31mBUILD[0m src/kern/core/hev-task-system-schedule.c
[1;31mBUILD[0m src/kern/core/hev-task-system.c
[1;31mBUILD[0m src/kern/io/hev-task-io-reactor-epoll.c
[1;31mBUILD[0m src/kern/io/hev-task-io-reactor-iocp.c
[1;31mBUILD[0m src/kern/io/hev-task-io-reactor-kqueue.c
[1;31mBUILD[0m src/kern/itc/hev-task-channel-select.c
[1;31mBUILD[0m src/kern/itc/hev-task-channel.c
[1;31mBUILD[0m src/kern/sync/hev-task-cond.c
[1;31mBUILD[0m src/kern/sync/hev-task-mutex.c
[1;31mBUILD[0m src/kern/task/hev-task-call.c
[1;31mBUILD[0m src/kern/task/hev-task-executer.c
[1;31mBUILD[0m src/kern/task/hev-task-stack-heap.c
[1;31mBUILD[0m src/kern/task/hev-task-stack-mmap.c
[1;31mBUILD[0m src/kern/task/hev-task.c
[1;31mBUILD[0m src/kern/time/hev-task-timer.c
[1;31mBUILD[0m src/lib/dns/hev-task-dns-proxy.c
[1;31mBUILD[0m src/lib/dns/hev-task-dns.c
[1;31mBUILD[0m src/lib/io/basic/hev-task-io.c
[1;31mBUILD[0m src/lib/io/buffer/hev-circular-buffer.c
[1;31mBUILD[0m src/lib/io/pipe/hev-task-io-pipe.c
[1;31mBUILD[0m src/lib/io/poll/hev-task-io-poll.c
[1;31mBUILD[0m src/lib/io/socket/hev-task-io-socket.c
[1;31mBUILD[0m src/lib/list/hev-list.c
[1;31mBUILD[0m src/lib/misc/hev-debugger.c
[1;31mBUILD[0m src/lib/misc/hev-task-stack-detector.c
[1;31mBUILD[0m src/lib/object/hev-object-atomic.c
[1;31mBUILD[0m src/lib/object/hev-object.c
[1;31mBUILD[0m src/lib/rbtree/hev-rbtree-cached.c
[1;31mBUILD[0m src/lib/rbtree/hev-rbtree.c
[1;31mBUILD[0m src/mem/api/hev-memory-allocator-api.c
[1;31mBUILD[0m src/mem/base/hev-memory-allocator.c
[1;31mBUILD[0m src/mem/simple/hev-memory-allocator-simple.c
[1;31mBUILD[0m src/mem/slice/hev-memory-allocator-slice.c
[1;31mBUILD[0m src/kern/task/hev-task-execute.S
[1;34mLINK[0m  [1;32mbin/libhev-task-system.a[0m
[1;34mLINK[0m  [1;32mbin/libhev-socks5-tunnel.a[0m
libtool: warning: 'libhev-socks5-tunnel.a(hev-jni.o)' has no symbols
libtool: warning: 'libhev-socks5-tunnel.a(hev-tunnel-freebsd.o)' has no symbols
libtool: warning: 'libhev-socks5-tunnel.a(hev-tunnel-linux.o)' has no symbols
libtool: warning: 'libhev-socks5-tunnel.a(hev-tunnel-netbsd.o)' has no symbols
libtool: warning: 'libhev-socks5-tunnel.a(hev-tunnel-windows.o)' has no symbols
libtool: warning: 'libhev-socks5-tunnel.a(hev-wintun.o)' has no symbols
libtool: warning: 'liblwip.a(api_lib.o)' has no symbols
libtool: warning: 'liblwip.a(api_msg.o)' has no symbols
libtool: warning: 'liblwip.a(err.o)' has no symbols
libtool: warning: 'liblwip.a(if_api.o)' has no symbols
libtool: warning: 'liblwip.a(netbuf.o)' has no symbols
libtool: warning: 'liblwip.a(netdb.o)' has no symbols
libtool: warning: 'liblwip.a(netifapi.o)' has no symbols
libtool: warning: 'liblwip.a(sockets.o)' has no symbols
libtool: warning: 'liblwip.a(tcpip.o)' has no symbols
libtool: warning: 'liblwip.a(altcp.o)' has no symbols
libtool: warning: 'liblwip.a(altcp_alloc.o)' has no symbols
libtool: warning: 'liblwip.a(altcp_tcp.o)' has no symbols
libtool: warning: 'liblwip.a(dns.o)' has no symbols
libtool: warning: 'liblwip.a(acd.o)' has no symbols
libtool: warning: 'liblwip.a(autoip.o)' has no symbols
libtool: warning: 'liblwip.a(dhcp.o)' has no symbols
libtool: warning: 'liblwip.a(etharp.o)' has no symbols
libtool: warning: 'liblwip.a(igmp.o)' has no symbols
libtool: warning: 'liblwip.a(dhcp6.o)' has no symbols
libtool: warning: 'liblwip.a(ethip6.o)' has no symbols
libtool: warning: 'liblwip.a(inet6.o)' has no symbols
libtool: warning: 'liblwip.a(raw.o)' has no symbols
libtool: warning: 'liblwip.a(stats.o)' has no symbols
libtool: warning: 'liblwip.a(sys.o)' has no symbols
libtool: warning: 'liblwip.a(bridgeif.o)' has no symbols
libtool: warning: 'liblwip.a(ethernet.o)' has no symbols
libtool: warning: 'liblwip.a(auth.o)' has no symbols
libtool: warning: 'liblwip.a(ccp.o)' has no symbols
libtool: warning: 'liblwip.a(chap-md5.o)' has no symbols
libtool: warning: 'liblwip.a(chap-new.o)' has no symbols
libtool: warning: 'liblwip.a(chap_ms.o)' has no symbols
libtool: warning: 'liblwip.a(demand.o)' has no symbols
libtool: warning: 'liblwip.a(eap.o)' has no symbols
libtool: warning: 'liblwip.a(ecp.o)' has no symbols
libtool: warning: 'liblwip.a(eui64.o)' has no symbols
libtool: warning: 'liblwip.a(fsm.o)' has no symbols
libtool: warning: 'liblwip.a(ipcp.o)' has no symbols
libtool: warning: 'liblwip.a(ipv6cp.o)' has no symbols
libtool: warning: 'liblwip.a(lcp.o)' has no symbols
libtool: warning: 'liblwip.a(magic.o)' has no symbols
libtool: warning: 'liblwip.a(mppe.o)' has no symbols
libtool: warning: 'liblwip.a(multilink.o)' has no symbols
libtool: warning: 'liblwip.a(arc4.o)' has no symbols
libtool: warning: 'liblwip.a(des.o)' has no symbols
libtool: warning: 'liblwip.a(md4.o)' has no symbols
libtool: warning: 'liblwip.a(md5.o)' has no symbols
libtool: warning: 'liblwip.a(sha1.o)' has no symbols
libtool: warning: 'liblwip.a(ppp.o)' has no symbols
libtool: warning: 'liblwip.a(pppapi.o)' has no symbols
libtool: warning: 'liblwip.a(pppcrypt.o)' has no symbols
libtool: warning: 'liblwip.a(pppoe.o)' has no symbols
libtool: warning: 'liblwip.a(pppol2tp.o)' has no symbols
libtool: warning: 'liblwip.a(pppos.o)' has no symbols
libtool: warning: 'liblwip.a(upap.o)' has no symbols
libtool: warning: 'liblwip.a(utils.o)' has no symbols
libtool: warning: 'liblwip.a(vj.o)' has no symbols
libtool: warning: 'liblwip.a(pcapif.o)' has no symbols
libtool: warning: 'liblwip.a(sys_arch.o)' has no symbols
libtool: warning: 'liblwip.a(sio.o)' has no symbols
libtool: warning: 'libhev-task-system.a(hev-task-io-reactor-epoll.o)' has no symbols
libtool: warning: 'libhev-task-system.a(hev-task-io-reactor-iocp.o)' has no symbols
libtool: warning: 'libhev-task-system.a(hev-task-stack-heap.o)' has no symbols
libtool: warning: 'libhev-task-system.a(hev-debugger.o)' has no symbols
[1;34mCLEAN[0m yaml
[1;34mCLEAN[0m lwip
[1;34mCLEAN[0m hev-task-system
[1;34mCLEAN[0m hev-socks5-tunnel
build for macosx, arm64, min version 10.14
[1;31mBUILD[0m src/core/src/hev-rbtree.c
[1;31mBUILD[0m src/core/src/hev-socks5-authenticator.c
[1;31mBUILD[0m src/core/src/hev-socks5-client-tcp.c
[1;31mBUILD[0m src/core/src/hev-socks5-client-udp.c
[1;31mBUILD[0m src/core/src/hev-socks5-client.c
[1;31mBUILD[0m src/core/src/hev-socks5-logger.c
[1;31mBUILD[0m src/core/src/hev-socks5-misc.c
[1;31mBUILD[0m src/core/src/hev-socks5-server.c
[1;31mBUILD[0m src/core/src/hev-socks5-tcp.c
[1;31mBUILD[0m src/core/src/hev-socks5-udp.c
[1;31mBUILD[0m src/core/src/hev-socks5-user.c
[1;31mBUILD[0m src/core/src/hev-socks5.c
[1;31mBUILD[0m src/hev-config.c
[1;31mBUILD[0m src/hev-jni.c
[1;31mBUILD[0m src/hev-main.c
[1;31mBUILD[0m src/hev-mapped-dns.c
[1;31mBUILD[0m src/hev-socks5-session-tcp.c
[1;31mBUILD[0m src/hev-socks5-session-udp.c
[1;31mBUILD[0m src/hev-socks5-session.c
[1;31mBUILD[0m src/hev-socks5-tunnel.c
[1;31mBUILD[0m src/hev-tunnel-freebsd.c
[1;31mBUILD[0m src/hev-tunnel-linux.c
[1;31mBUILD[0m src/hev-tunnel-macos.c
[1;31mBUILD[0m src/hev-tunnel-netbsd.c
[1;31mBUILD[0m src/hev-tunnel-windows.c
[1;31mBUILD[0m src/misc/hev-exec.c
[1;31mBUILD[0m src/misc/hev-list.c
[1;31mBUILD[0m src/misc/hev-logger.c
[1;31mBUILD[0m src/misc/hev-ring-buffer.c
[1;31mBUILD[0m src/misc/hev-utils.c
[1;31mBUILD[0m src/misc/hev-wintun.c
[1;31mBUILD[0m src/api.c
[1;31mBUILD[0m src/dumper.c
[1;31mBUILD[0m src/emitter.c
[1;31mBUILD[0m src/loader.c
[1;31mBUILD[0m src/parser.c
[1;31mBUILD[0m src/reader.c
[1;31mBUILD[0m src/scanner.c
[1;31mBUILD[0m src/writer.c
[1;34mLINK[0m  [1;32mbin/libyaml.a[0m
[1;31mBUILD[0m src/api/api_lib.c
[1;31mBUILD[0m src/api/api_msg.c
[1;31mBUILD[0m src/api/err.c
[1;31mBUILD[0m src/api/if_api.c
[1;31mBUILD[0m src/api/netbuf.c
[1;31mBUILD[0m src/api/netdb.c
[1;31mBUILD[0m src/api/netifapi.c
[1;31mBUILD[0m src/api/sockets.c
[1;31mBUILD[0m src/api/tcpip.c
[1;31mBUILD[0m src/core/altcp.c
[1;31mBUILD[0m src/core/altcp_alloc.c
[1;31mBUILD[0m src/core/altcp_tcp.c
[1;31mBUILD[0m src/core/def.c
[1;31mBUILD[0m src/core/dns.c
[1;31mBUILD[0m src/core/inet_chksum.c
[1;31mBUILD[0m src/core/init.c
[1;31mBUILD[0m src/core/ip.c
[1;31mBUILD[0m src/core/ipv4/acd.c
[1;31mBUILD[0m src/core/ipv4/autoip.c
[1;31mBUILD[0m src/core/ipv4/dhcp.c
[1;31mBUILD[0m src/core/ipv4/etharp.c
[1;31mBUILD[0m src/core/ipv4/icmp.c
[1;31mBUILD[0m src/core/ipv4/igmp.c
[1;31mBUILD[0m src/core/ipv4/ip4.c
[1;31mBUILD[0m src/core/ipv4/ip4_addr.c
[1;31mBUILD[0m src/core/ipv4/ip4_frag.c
[1;31mBUILD[0m src/core/ipv6/dhcp6.c
[1;31mBUILD[0m src/core/ipv6/ethip6.c
[1;31mBUILD[0m src/core/ipv6/icmp6.c
[1;31mBUILD[0m src/core/ipv6/inet6.c
[1;31mBUILD[0m src/core/ipv6/ip6.c
[1;31mBUILD[0m src/core/ipv6/ip6_addr.c
[1;31mBUILD[0m src/core/ipv6/ip6_frag.c
[1;31mBUILD[0m src/core/ipv6/mld6.c
[1;31mBUILD[0m src/core/ipv6/nd6.c
[1;31mBUILD[0m src/core/mem.c
[1;31mBUILD[0m src/core/memp.c
[1;31mBUILD[0m src/core/netif.c
[1;31mBUILD[0m src/core/pbuf.c
[1;31mBUILD[0m src/core/raw.c
[1;31mBUILD[0m src/core/stats.c
[1;31mBUILD[0m src/core/sys.c
[1;31mBUILD[0m src/core/tcp.c
[1;31mBUILD[0m src/core/tcp_in.c
[1;31mBUILD[0m src/core/tcp_out.c
[1;31mBUILD[0m src/core/timeouts.c
[1;31mBUILD[0m src/core/udp.c
[1;31mBUILD[0m src/netif/bridgeif.c
[1;31mBUILD[0m src/netif/bridgeif_fdb.c
[1;31mBUILD[0m src/netif/ethernet.c
[1;31mBUILD[0m src/netif/lowpan6.c
[1;31mBUILD[0m src/netif/lowpan6_ble.c
[1;31mBUILD[0m src/netif/lowpan6_common.c
[1;31mBUILD[0m src/netif/ppp/auth.c
[1;31mBUILD[0m src/netif/ppp/ccp.c
[1;31mBUILD[0m src/netif/ppp/chap-md5.c
[1;31mBUILD[0m src/netif/ppp/chap-new.c
[1;31mBUILD[0m src/netif/ppp/chap_ms.c
[1;31mBUILD[0m src/netif/ppp/demand.c
[1;31mBUILD[0m src/netif/ppp/eap.c
[1;31mBUILD[0m src/netif/ppp/ecp.c
[1;31mBUILD[0m src/netif/ppp/eui64.c
[1;31mBUILD[0m src/netif/ppp/fsm.c
[1;31mBUILD[0m src/netif/ppp/ipcp.c
[1;31mBUILD[0m src/netif/ppp/ipv6cp.c
[1;31mBUILD[0m src/netif/ppp/lcp.c
[1;31mBUILD[0m src/netif/ppp/magic.c
[1;31mBUILD[0m src/netif/ppp/mppe.c
[1;31mBUILD[0m src/netif/ppp/multilink.c
[1;31mBUILD[0m src/netif/ppp/polarssl/arc4.c
[1;31mBUILD[0m src/netif/ppp/polarssl/des.c
[1;31mBUILD[0m src/netif/ppp/polarssl/md4.c
[1;31mBUILD[0m src/netif/ppp/polarssl/md5.c
[1;31mBUILD[0m src/netif/ppp/polarssl/sha1.c
[1;31mBUILD[0m src/netif/ppp/ppp.c
[1;31mBUILD[0m src/netif/ppp/pppapi.c
[1;31mBUILD[0m src/netif/ppp/pppcrypt.c
[1;31mBUILD[0m src/netif/ppp/pppoe.c
[1;31mBUILD[0m src/netif/ppp/pppol2tp.c
[1;31mBUILD[0m src/netif/ppp/pppos.c
[1;31mBUILD[0m src/netif/ppp/upap.c
[1;31mBUILD[0m src/netif/ppp/utils.c
[1;31mBUILD[0m src/netif/ppp/vj.c
[1;31mBUILD[0m src/netif/slipif.c
[1;31mBUILD[0m src/netif/zepif.c
[1;31mBUILD[0m src/ports/lib/mem.c
[1;31mBUILD[0m src/ports/unix/lib/perf.c
[1;31mBUILD[0m src/ports/unix/lib/sys_arch.c
[1;31mBUILD[0m src/ports/unix/netif/fifo.c
[1;31mBUILD[0m src/ports/unix/netif/list.c
[1;31mBUILD[0m src/ports/unix/netif/pcapif.c
[1;31mBUILD[0m src/ports/unix/netif/sio.c
[1;31mBUILD[0m src/ports/unix/netif/tapif.c
[1;31mBUILD[0m src/ports/win32/lib/sys_arch.c
[1;31mBUILD[0m src/ports/win32/netif/sio.c
[1;34mLINK[0m  [1;32mbin/liblwip.a[0m
[1;31mBUILD[0m src/kern/aide/hev-task-aide.c
[1;31mBUILD[0m src/kern/core/hev-task-system-schedule.c
[1;31mBUILD[0m src/kern/core/hev-task-system.c
[1;31mBUILD[0m src/kern/io/hev-task-io-reactor-epoll.c
[1;31mBUILD[0m src/kern/io/hev-task-io-reactor-iocp.c
[1;31mBUILD[0m src/kern/io/hev-task-io-reactor-kqueue.c
[1;31mBUILD[0m src/kern/itc/hev-task-channel-select.c
[1;31mBUILD[0m src/kern/itc/hev-task-channel.c
[1;31mBUILD[0m src/kern/sync/hev-task-cond.c
[1;31mBUILD[0m src/kern/sync/hev-task-mutex.c
[1;31mBUILD[0m src/kern/task/hev-task-call.c
[1;31mBUILD[0m src/kern/task/hev-task-executer.c
[1;31mBUILD[0m src/kern/task/hev-task-stack-heap.c
[1;31mBUILD[0m src/kern/task/hev-task-stack-mmap.c
[1;31mBUILD[0m src/kern/task/hev-task.c
[1;31mBUILD[0m src/kern/time/hev-task-timer.c
[1;31mBUILD[0m src/lib/dns/hev-task-dns-proxy.c
[1;31mBUILD[0m src/lib/dns/hev-task-dns.c
[1;31mBUILD[0m src/lib/io/basic/hev-task-io.c
[1;31mBUILD[0m src/lib/io/buffer/hev-circular-buffer.c
[1;31mBUILD[0m src/lib/io/pipe/hev-task-io-pipe.c
[1;31mBUILD[0m src/lib/io/poll/hev-task-io-poll.c
[1;31mBUILD[0m src/lib/io/socket/hev-task-io-socket.c
[1;31mBUILD[0m src/lib/list/hev-list.c
[1;31mBUILD[0m src/lib/misc/hev-debugger.c
[1;31mBUILD[0m src/lib/misc/hev-task-stack-detector.c
[1;31mBUILD[0m src/lib/object/hev-object-atomic.c
[1;31mBUILD[0m src/lib/object/hev-object.c
[1;31mBUILD[0m src/lib/rbtree/hev-rbtree-cached.c
[1;31mBUILD[0m src/lib/rbtree/hev-rbtree.c
[1;31mBUILD[0m src/mem/api/hev-memory-allocator-api.c
[1;31mBUILD[0m src/mem/base/hev-memory-allocator.c
[1;31mBUILD[0m src/mem/simple/hev-memory-allocator-simple.c
[1;31mBUILD[0m src/mem/slice/hev-memory-allocator-slice.c
[1;31mBUILD[0m src/kern/task/hev-task-execute.S
[1;34mLINK[0m  [1;32mbin/libhev-task-system.a[0m
[1;34mLINK[0m  [1;32mbin/libhev-socks5-tunnel.a[0m
libtool: warning: 'libhev-socks5-tunnel.a(hev-jni.o)' has no symbols
libtool: warning: 'libhev-socks5-tunnel.a(hev-tunnel-freebsd.o)' has no symbols
libtool: warning: 'libhev-socks5-tunnel.a(hev-tunnel-linux.o)' has no symbols
libtool: warning: 'libhev-socks5-tunnel.a(hev-tunnel-netbsd.o)' has no symbols
libtool: warning: 'libhev-socks5-tunnel.a(hev-tunnel-windows.o)' has no symbols
libtool: warning: 'libhev-socks5-tunnel.a(hev-wintun.o)' has no symbols
libtool: warning: 'liblwip.a(api_lib.o)' has no symbols
libtool: warning: 'liblwip.a(api_msg.o)' has no symbols
libtool: warning: 'liblwip.a(err.o)' has no symbols
libtool: warning: 'liblwip.a(if_api.o)' has no symbols
libtool: warning: 'liblwip.a(netbuf.o)' has no symbols
libtool: warning: 'liblwip.a(netdb.o)' has no symbols
libtool: warning: 'liblwip.a(netifapi.o)' has no symbols
libtool: warning: 'liblwip.a(sockets.o)' has no symbols
libtool: warning: 'liblwip.a(tcpip.o)' has no symbols
libtool: warning: 'liblwip.a(altcp.o)' has no symbols
libtool: warning: 'liblwip.a(altcp_alloc.o)' has no symbols
libtool: warning: 'liblwip.a(altcp_tcp.o)' has no symbols
libtool: warning: 'liblwip.a(dns.o)' has no symbols
libtool: warning: 'liblwip.a(acd.o)' has no symbols
libtool: warning: 'liblwip.a(autoip.o)' has no symbols
libtool: warning: 'liblwip.a(dhcp.o)' has no symbols
libtool: warning: 'liblwip.a(etharp.o)' has no symbols
libtool: warning: 'liblwip.a(igmp.o)' has no symbols
libtool: warning: 'liblwip.a(dhcp6.o)' has no symbols
libtool: warning: 'liblwip.a(ethip6.o)' has no symbols
libtool: warning: 'liblwip.a(inet6.o)' has no symbols
libtool: warning: 'liblwip.a(raw.o)' has no symbols
libtool: warning: 'liblwip.a(stats.o)' has no symbols
libtool: warning: 'liblwip.a(sys.o)' has no symbols
libtool: warning: 'liblwip.a(bridgeif.o)' has no symbols
libtool: warning: 'liblwip.a(ethernet.o)' has no symbols
libtool: warning: 'liblwip.a(auth.o)' has no symbols
libtool: warning: 'liblwip.a(ccp.o)' has no symbols
libtool: warning: 'liblwip.a(chap-md5.o)' has no symbols
libtool: warning: 'liblwip.a(chap-new.o)' has no symbols
libtool: warning: 'liblwip.a(chap_ms.o)' has no symbols
libtool: warning: 'liblwip.a(demand.o)' has no symbols
libtool: warning: 'liblwip.a(eap.o)' has no symbols
libtool: warning: 'liblwip.a(ecp.o)' has no symbols
libtool: warning: 'liblwip.a(eui64.o)' has no symbols
libtool: warning: 'liblwip.a(fsm.o)' has no symbols
libtool: warning: 'liblwip.a(ipcp.o)' has no symbols
libtool: warning: 'liblwip.a(ipv6cp.o)' has no symbols
libtool: warning: 'liblwip.a(lcp.o)' has no symbols
libtool: warning: 'liblwip.a(magic.o)' has no symbols
libtool: warning: 'liblwip.a(mppe.o)' has no symbols
libtool: warning: 'liblwip.a(multilink.o)' has no symbols
libtool: warning: 'liblwip.a(arc4.o)' has no symbols
libtool: warning: 'liblwip.a(des.o)' has no symbols
libtool: warning: 'liblwip.a(md4.o)' has no symbols
libtool: warning: 'liblwip.a(md5.o)' has no symbols
libtool: warning: 'liblwip.a(sha1.o)' has no symbols
libtool: warning: 'liblwip.a(ppp.o)' has no symbols
libtool: warning: 'liblwip.a(pppapi.o)' has no symbols
libtool: warning: 'liblwip.a(pppcrypt.o)' has no symbols
libtool: warning: 'liblwip.a(pppoe.o)' has no symbols
libtool: warning: 'liblwip.a(pppol2tp.o)' has no symbols
libtool: warning: 'liblwip.a(pppos.o)' has no symbols
libtool: warning: 'liblwip.a(upap.o)' has no symbols
libtool: warning: 'liblwip.a(utils.o)' has no symbols
libtool: warning: 'liblwip.a(vj.o)' has no symbols
libtool: warning: 'liblwip.a(pcapif.o)' has no symbols
libtool: warning: 'liblwip.a(sys_arch.o)' has no symbols
libtool: warning: 'liblwip.a(sio.o)' has no symbols
libtool: warning: 'libhev-task-system.a(hev-task-io-reactor-epoll.o)' has no symbols
libtool: warning: 'libhev-task-system.a(hev-task-io-reactor-iocp.o)' has no symbols
libtool: warning: 'libhev-task-system.a(hev-task-stack-heap.o)' has no symbols
libtool: warning: 'libhev-task-system.a(hev-debugger.o)' has no symbols
[1;34mCLEAN[0m yaml
[1;34mCLEAN[0m lwip
[1;34mCLEAN[0m hev-task-system
[1;34mCLEAN[0m hev-socks5-tunnel
merge for macosx, x86_64, arm64
build for appletvos, arm64, min version 17.0
[1;31mBUILD[0m src/core/src/hev-rbtree.c
[1;31mBUILD[0m src/core/src/hev-socks5-authenticator.c
[1;31mBUILD[0m src/core/src/hev-socks5-client-tcp.c
[1;31mBUILD[0m src/core/src/hev-socks5-client-udp.c
[1;31mBUILD[0m src/core/src/hev-socks5-client.c
[1;31mBUILD[0m src/core/src/hev-socks5-logger.c
[1;31mBUILD[0m src/core/src/hev-socks5-misc.c
[1;31mBUILD[0m src/core/src/hev-socks5-server.c
[1;31mBUILD[0m src/core/src/hev-socks5-tcp.c
[1;31mBUILD[0m src/core/src/hev-socks5-udp.c
[1;31mBUILD[0m src/core/src/hev-socks5-user.c
[1;31mBUILD[0m src/core/src/hev-socks5.c
[1;31mBUILD[0m src/hev-config.c
[1;31mBUILD[0m src/hev-jni.c
[1;31mBUILD[0m src/hev-main.c
[1;31mBUILD[0m src/hev-mapped-dns.c
[1;31mBUILD[0m src/hev-socks5-session-tcp.c
[1;31mBUILD[0m src/hev-socks5-session-udp.c
[1;31mBUILD[0m src/hev-socks5-session.c
[1;31mBUILD[0m src/hev-socks5-tunnel.c
[1;31mBUILD[0m src/hev-tunnel-freebsd.c
[1;31mBUILD[0m src/hev-tunnel-linux.c
[1;31mBUILD[0m src/hev-tunnel-macos.c
[1;31mBUILD[0m src/hev-tunnel-netbsd.c
[1;31mBUILD[0m src/hev-tunnel-windows.c
[1;31mBUILD[0m src/misc/hev-exec.c
[1;31mBUILD[0m src/misc/hev-list.c
[1;31mBUILD[0m src/misc/hev-logger.c
[1;31mBUILD[0m src/misc/hev-ring-buffer.c
[1;31mBUILD[0m src/misc/hev-utils.c
[1;31mBUILD[0m src/misc/hev-wintun.c
[1;31mBUILD[0m src/api.c
[1;31mBUILD[0m src/dumper.c
[1;31mBUILD[0m src/emitter.c
[1;31mBUILD[0m src/loader.c
[1;31mBUILD[0m src/parser.c
[1;31mBUILD[0m src/reader.c
[1;31mBUILD[0m src/scanner.c
[1;31mBUILD[0m src/writer.c
[1;34mLINK[0m  [1;32mbin/libyaml.a[0m
[1;31mBUILD[0m src/api/api_lib.c
[1;31mBUILD[0m src/api/api_msg.c
[1;31mBUILD[0m src/api/err.c
[1;31mBUILD[0m src/api/if_api.c
[1;31mBUILD[0m src/api/netbuf.c
[1;31mBUILD[0m src/api/netdb.c
[1;31mBUILD[0m src/api/netifapi.c
[1;31mBUILD[0m src/api/sockets.c
[1;31mBUILD[0m src/api/tcpip.c
[1;31mBUILD[0m src/core/altcp.c
[1;31mBUILD[0m src/core/altcp_alloc.c
[1;31mBUILD[0m src/core/altcp_tcp.c
[1;31mBUILD[0m src/core/def.c
[1;31mBUILD[0m src/core/dns.c
[1;31mBUILD[0m src/core/inet_chksum.c
[1;31mBUILD[0m src/core/init.c
[1;31mBUILD[0m src/core/ip.c
[1;31mBUILD[0m src/core/ipv4/acd.c
[1;31mBUILD[0m src/core/ipv4/autoip.c
[1;31mBUILD[0m src/core/ipv4/dhcp.c
[1;31mBUILD[0m src/core/ipv4/etharp.c
[1;31mBUILD[0m src/core/ipv4/icmp.c
[1;31mBUILD[0m src/core/ipv4/igmp.c
[1;31mBUILD[0m src/core/ipv4/ip4.c
[1;31mBUILD[0m src/core/ipv4/ip4_addr.c
[1;31mBUILD[0m src/core/ipv4/ip4_frag.c
[1;31mBUILD[0m src/core/ipv6/dhcp6.c
[1;31mBUILD[0m src/core/ipv6/ethip6.c
[1;31mBUILD[0m src/core/ipv6/icmp6.c
[1;31mBUILD[0m src/core/ipv6/inet6.c
[1;31mBUILD[0m src/core/ipv6/ip6.c
[1;31mBUILD[0m src/core/ipv6/ip6_addr.c
[1;31mBUILD[0m src/core/ipv6/ip6_frag.c
[1;31mBUILD[0m src/core/ipv6/mld6.c
[1;31mBUILD[0m src/core/ipv6/nd6.c
[1;31mBUILD[0m src/core/mem.c
[1;31mBUILD[0m src/core/memp.c
[1;31mBUILD[0m src/core/netif.c
[1;31mBUILD[0m src/core/pbuf.c
[1;31mBUILD[0m src/core/raw.c
[1;31mBUILD[0m src/core/stats.c
[1;31mBUILD[0m src/core/sys.c
[1;31mBUILD[0m src/core/tcp.c
[1;31mBUILD[0m src/core/tcp_in.c
[1;31mBUILD[0m src/core/tcp_out.c
[1;31mBUILD[0m src/core/timeouts.c
[1;31mBUILD[0m src/core/udp.c
[1;31mBUILD[0m src/netif/bridgeif.c
[1;31mBUILD[0m src/netif/bridgeif_fdb.c
[1;31mBUILD[0m src/netif/ethernet.c
[1;31mBUILD[0m src/netif/lowpan6.c
[1;31mBUILD[0m src/netif/lowpan6_ble.c
[1;31mBUILD[0m src/netif/lowpan6_common.c
[1;31mBUILD[0m src/netif/ppp/auth.c
[1;31mBUILD[0m src/netif/ppp/ccp.c
[1;31mBUILD[0m src/netif/ppp/chap-md5.c
[1;31mBUILD[0m src/netif/ppp/chap-new.c
[1;31mBUILD[0m src/netif/ppp/chap_ms.c
[1;31mBUILD[0m src/netif/ppp/demand.c
[1;31mBUILD[0m src/netif/ppp/eap.c
[1;31mBUILD[0m src/netif/ppp/ecp.c
[1;31mBUILD[0m src/netif/ppp/eui64.c
[1;31mBUILD[0m src/netif/ppp/fsm.c
[1;31mBUILD[0m src/netif/ppp/ipcp.c
[1;31mBUILD[0m src/netif/ppp/ipv6cp.c
[1;31mBUILD[0m src/netif/ppp/lcp.c
[1;31mBUILD[0m src/netif/ppp/magic.c
[1;31mBUILD[0m src/netif/ppp/mppe.c
[1;31mBUILD[0m src/netif/ppp/multilink.c
[1;31mBUILD[0m src/netif/ppp/polarssl/arc4.c
[1;31mBUILD[0m src/netif/ppp/polarssl/des.c
[1;31mBUILD[0m src/netif/ppp/polarssl/md4.c
[1;31mBUILD[0m src/netif/ppp/polarssl/md5.c
[1;31mBUILD[0m src/netif/ppp/polarssl/sha1.c
[1;31mBUILD[0m src/netif/ppp/ppp.c
[1;31mBUILD[0m src/netif/ppp/pppapi.c
[1;31mBUILD[0m src/netif/ppp/pppcrypt.c
[1;31mBUILD[0m src/netif/ppp/pppoe.c
[1;31mBUILD[0m src/netif/ppp/pppol2tp.c
[1;31mBUILD[0m src/netif/ppp/pppos.c
[1;31mBUILD[0m src/netif/ppp/upap.c
[1;31mBUILD[0m src/netif/ppp/utils.c
[1;31mBUILD[0m src/netif/ppp/vj.c
[1;31mBUILD[0m src/netif/slipif.c
[1;31mBUILD[0m src/netif/zepif.c
[1;31mBUILD[0m src/ports/lib/mem.c
[1;31mBUILD[0m src/ports/unix/lib/perf.c
[1;31mBUILD[0m src/ports/unix/lib/sys_arch.c
[1;31mBUILD[0m src/ports/unix/netif/fifo.c
[1;31mBUILD[0m src/ports/unix/netif/list.c
[1;31mBUILD[0m src/ports/unix/netif/pcapif.c
[1;31mBUILD[0m src/ports/unix/netif/sio.c
[1;31mBUILD[0m src/ports/unix/netif/tapif.c
[1;31mBUILD[0m src/ports/win32/lib/sys_arch.c
[1;31mBUILD[0m src/ports/win32/netif/sio.c
[1;34mLINK[0m  [1;32mbin/liblwip.a[0m
[1;31mBUILD[0m src/kern/aide/hev-task-aide.c
[1;31mBUILD[0m src/kern/core/hev-task-system-schedule.c
[1;31mBUILD[0m src/kern/core/hev-task-system.c
[1;31mBUILD[0m src/kern/io/hev-task-io-reactor-epoll.c
[1;31mBUILD[0m src/kern/io/hev-task-io-reactor-iocp.c
[1;31mBUILD[0m src/kern/io/hev-task-io-reactor-kqueue.c
[1;31mBUILD[0m src/kern/itc/hev-task-channel-select.c
[1;31mBUILD[0m src/kern/itc/hev-task-channel.c
[1;31mBUILD[0m src/kern/sync/hev-task-cond.c
[1;31mBUILD[0m src/kern/sync/hev-task-mutex.c
[1;31mBUILD[0m src/kern/task/hev-task-call.c
[1;31mBUILD[0m src/kern/task/hev-task-executer.c
[1;31mBUILD[0m src/kern/task/hev-task-stack-heap.c
[1;31mBUILD[0m src/kern/task/hev-task-stack-mmap.c
[1;31mBUILD[0m src/kern/task/hev-task.c
[1;31mBUILD[0m src/kern/time/hev-task-timer.c
[1;31mBUILD[0m src/lib/dns/hev-task-dns-proxy.c
[1;31mBUILD[0m src/lib/dns/hev-task-dns.c
[1;31mBUILD[0m src/lib/io/basic/hev-task-io.c
[1;31mBUILD[0m src/lib/io/buffer/hev-circular-buffer.c
[1;31mBUILD[0m src/lib/io/pipe/hev-task-io-pipe.c
[1;31mBUILD[0m src/lib/io/poll/hev-task-io-poll.c
[1;31mBUILD[0m src/lib/io/socket/hev-task-io-socket.c
[1;31mBUILD[0m src/lib/list/hev-list.c
[1;31mBUILD[0m src/lib/misc/hev-debugger.c
[1;31mBUILD[0m src/lib/misc/hev-task-stack-detector.c
[1;31mBUILD[0m src/lib/object/hev-object-atomic.c
[1;31mBUILD[0m src/lib/object/hev-object.c
[1;31mBUILD[0m src/lib/rbtree/hev-rbtree-cached.c
[1;31mBUILD[0m src/lib/rbtree/hev-rbtree.c
[1;31mBUILD[0m src/mem/api/hev-memory-allocator-api.c
[1;31mBUILD[0m src/mem/base/hev-memory-allocator.c
[1;31mBUILD[0m src/mem/simple/hev-memory-allocator-simple.c
[1;31mBUILD[0m src/mem/slice/hev-memory-allocator-slice.c
[1;31mBUILD[0m src/kern/task/hev-task-execute.S
[1;34mLINK[0m  [1;32mbin/libhev-task-system.a[0m
[1;34mLINK[0m  [1;32mbin/libhev-socks5-tunnel.a[0m
libtool: warning: 'libhev-socks5-tunnel.a(hev-jni.o)' has no symbols
libtool: warning: 'libhev-socks5-tunnel.a(hev-tunnel-freebsd.o)' has no symbols
libtool: warning: 'libhev-socks5-tunnel.a(hev-tunnel-linux.o)' has no symbols
libtool: warning: 'libhev-socks5-tunnel.a(hev-tunnel-netbsd.o)' has no symbols
libtool: warning: 'libhev-socks5-tunnel.a(hev-tunnel-windows.o)' has no symbols
libtool: warning: 'libhev-socks5-tunnel.a(hev-wintun.o)' has no symbols
libtool: warning: 'liblwip.a(api_lib.o)' has no symbols
libtool: warning: 'liblwip.a(api_msg.o)' has no symbols
libtool: warning: 'liblwip.a(err.o)' has no symbols
libtool: warning: 'liblwip.a(if_api.o)' has no symbols
libtool: warning: 'liblwip.a(netbuf.o)' has no symbols
libtool: warning: 'liblwip.a(netdb.o)' has no symbols
libtool: warning: 'liblwip.a(netifapi.o)' has no symbols
libtool: warning: 'liblwip.a(sockets.o)' has no symbols
libtool: warning: 'liblwip.a(tcpip.o)' has no symbols
libtool: warning: 'liblwip.a(altcp.o)' has no symbols
libtool: warning: 'liblwip.a(altcp_alloc.o)' has no symbols
libtool: warning: 'liblwip.a(altcp_tcp.o)' has no symbols
libtool: warning: 'liblwip.a(dns.o)' has no symbols
libtool: warning: 'liblwip.a(acd.o)' has no symbols
libtool: warning: 'liblwip.a(autoip.o)' has no symbols
libtool: warning: 'liblwip.a(dhcp.o)' has no symbols
libtool: warning: 'liblwip.a(etharp.o)' has no symbols
libtool: warning: 'liblwip.a(igmp.o)' has no symbols
libtool: warning: 'liblwip.a(dhcp6.o)' has no symbols
libtool: warning: 'liblwip.a(ethip6.o)' has no symbols
libtool: warning: 'liblwip.a(inet6.o)' has no symbols
libtool: warning: 'liblwip.a(raw.o)' has no symbols
libtool: warning: 'liblwip.a(stats.o)' has no symbols
libtool: warning: 'liblwip.a(sys.o)' has no symbols
libtool: warning: 'liblwip.a(bridgeif.o)' has no symbols
libtool: warning: 'liblwip.a(ethernet.o)' has no symbols
libtool: warning: 'liblwip.a(auth.o)' has no symbols
libtool: warning: 'liblwip.a(ccp.o)' has no symbols
libtool: warning: 'liblwip.a(chap-md5.o)' has no symbols
libtool: warning: 'liblwip.a(chap-new.o)' has no symbols
libtool: warning: 'liblwip.a(chap_ms.o)' has no symbols
libtool: warning: 'liblwip.a(demand.o)' has no symbols
libtool: warning: 'liblwip.a(eap.o)' has no symbols
libtool: warning: 'liblwip.a(ecp.o)' has no symbols
libtool: warning: 'liblwip.a(eui64.o)' has no symbols
libtool: warning: 'liblwip.a(fsm.o)' has no symbols
libtool: warning: 'liblwip.a(ipcp.o)' has no symbols
libtool: warning: 'liblwip.a(ipv6cp.o)' has no symbols
libtool: warning: 'liblwip.a(lcp.o)' has no symbols
libtool: warning: 'liblwip.a(magic.o)' has no symbols
libtool: warning: 'liblwip.a(mppe.o)' has no symbols
libtool: warning: 'liblwip.a(multilink.o)' has no symbols
libtool: warning: 'liblwip.a(arc4.o)' has no symbols
libtool: warning: 'liblwip.a(des.o)' has no symbols
libtool: warning: 'liblwip.a(md4.o)' has no symbols
libtool: warning: 'liblwip.a(md5.o)' has no symbols
libtool: warning: 'liblwip.a(sha1.o)' has no symbols
libtool: warning: 'liblwip.a(ppp.o)' has no symbols
libtool: warning: 'liblwip.a(pppapi.o)' has no symbols
libtool: warning: 'liblwip.a(pppcrypt.o)' has no symbols
libtool: warning: 'liblwip.a(pppoe.o)' has no symbols
libtool: warning: 'liblwip.a(pppol2tp.o)' has no symbols
libtool: warning: 'liblwip.a(pppos.o)' has no symbols
libtool: warning: 'liblwip.a(upap.o)' has no symbols
libtool: warning: 'liblwip.a(utils.o)' has no symbols
libtool: warning: 'liblwip.a(vj.o)' has no symbols
libtool: warning: 'liblwip.a(pcapif.o)' has no symbols
libtool: warning: 'liblwip.a(sys_arch.o)' has no symbols
libtool: warning: 'liblwip.a(sio.o)' has no symbols
libtool: warning: 'libhev-task-system.a(hev-task-io-reactor-epoll.o)' has no symbols
libtool: warning: 'libhev-task-system.a(hev-task-io-reactor-iocp.o)' has no symbols
libtool: warning: 'libhev-task-system.a(hev-task-stack-heap.o)' has no symbols
libtool: warning: 'libhev-task-system.a(hev-debugger.o)' has no symbols
[1;34mCLEAN[0m yaml
[1;34mCLEAN[0m lwip
[1;34mCLEAN[0m hev-task-system
[1;34mCLEAN[0m hev-socks5-tunnel
build for appletvsimulator, x86_64, min version 17.0
[1;31mBUILD[0m src/core/src/hev-rbtree.c
[1;31mBUILD[0m src/core/src/hev-socks5-authenticator.c
[1;31mBUILD[0m src/core/src/hev-socks5-client-tcp.c
[1;31mBUILD[0m src/core/src/hev-socks5-client-udp.c
[1;31mBUILD[0m src/core/src/hev-socks5-client.c
[1;31mBUILD[0m src/core/src/hev-socks5-logger.c
[1;31mBUILD[0m src/core/src/hev-socks5-misc.c
[1;31mBUILD[0m src/core/src/hev-socks5-server.c
[1;31mBUILD[0m src/core/src/hev-socks5-tcp.c
[1;31mBUILD[0m src/core/src/hev-socks5-udp.c
[1;31mBUILD[0m src/core/src/hev-socks5-user.c
[1;31mBUILD[0m src/core/src/hev-socks5.c
[1;31mBUILD[0m src/hev-config.c
[1;31mBUILD[0m src/hev-jni.c
[1;31mBUILD[0m src/hev-main.c
[1;31mBUILD[0m src/hev-mapped-dns.c
[1;31mBUILD[0m src/hev-socks5-session-tcp.c
[1;31mBUILD[0m src/hev-socks5-session-udp.c
[1;31mBUILD[0m src/hev-socks5-session.c
[1;31mBUILD[0m src/hev-socks5-tunnel.c
[1;31mBUILD[0m src/hev-tunnel-freebsd.c
[1;31mBUILD[0m src/hev-tunnel-linux.c
[1;31mBUILD[0m src/hev-tunnel-macos.c
[1;31mBUILD[0m src/hev-tunnel-netbsd.c
[1;31mBUILD[0m src/hev-tunnel-windows.c
[1;31mBUILD[0m src/misc/hev-exec.c
[1;31mBUILD[0m src/misc/hev-list.c
[1;31mBUILD[0m src/misc/hev-logger.c
[1;31mBUILD[0m src/misc/hev-ring-buffer.c
[1;31mBUILD[0m src/misc/hev-utils.c
[1;31mBUILD[0m src/misc/hev-wintun.c
[1;31mBUILD[0m src/api.c
[1;31mBUILD[0m src/dumper.c
[1;31mBUILD[0m src/emitter.c
[1;31mBUILD[0m src/loader.c
[1;31mBUILD[0m src/parser.c
[1;31mBUILD[0m src/reader.c
[1;31mBUILD[0m src/scanner.c
[1;31mBUILD[0m src/writer.c
[1;34mLINK[0m  [1;32mbin/libyaml.a[0m
[1;31mBUILD[0m src/api/api_lib.c
[1;31mBUILD[0m src/api/api_msg.c
[1;31mBUILD[0m src/api/err.c
[1;31mBUILD[0m src/api/if_api.c
[1;31mBUILD[0m src/api/netbuf.c
[1;31mBUILD[0m src/api/netdb.c
[1;31mBUILD[0m src/api/netifapi.c
[1;31mBUILD[0m src/api/sockets.c
[1;31mBUILD[0m src/api/tcpip.c
[1;31mBUILD[0m src/core/altcp.c
[1;31mBUILD[0m src/core/altcp_alloc.c
[1;31mBUILD[0m src/core/altcp_tcp.c
[1;31mBUILD[0m src/core/def.c
[1;31mBUILD[0m src/core/dns.c
[1;31mBUILD[0m src/core/inet_chksum.c
[1;31mBUILD[0m src/core/init.c
[1;31mBUILD[0m src/core/ip.c
[1;31mBUILD[0m src/core/ipv4/acd.c
[1;31mBUILD[0m src/core/ipv4/autoip.c
[1;31mBUILD[0m src/core/ipv4/dhcp.c
[1;31mBUILD[0m src/core/ipv4/etharp.c
[1;31mBUILD[0m src/core/ipv4/icmp.c
[1;31mBUILD[0m src/core/ipv4/igmp.c
[1;31mBUILD[0m src/core/ipv4/ip4.c
[1;31mBUILD[0m src/core/ipv4/ip4_addr.c
[1;31mBUILD[0m src/core/ipv4/ip4_frag.c
[1;31mBUILD[0m src/core/ipv6/dhcp6.c
[1;31mBUILD[0m src/core/ipv6/ethip6.c
[1;31mBUILD[0m src/core/ipv6/icmp6.c
[1;31mBUILD[0m src/core/ipv6/inet6.c
[1;31mBUILD[0m src/core/ipv6/ip6.c
[1;31mBUILD[0m src/core/ipv6/ip6_addr.c
[1;31mBUILD[0m src/core/ipv6/ip6_frag.c
[1;31mBUILD[0m src/core/ipv6/mld6.c
[1;31mBUILD[0m src/core/ipv6/nd6.c
[1;31mBUILD[0m src/core/mem.c
[1;31mBUILD[0m src/core/memp.c
[1;31mBUILD[0m src/core/netif.c
[1;31mBUILD[0m src/core/pbuf.c
[1;31mBUILD[0m src/core/raw.c
[1;31mBUILD[0m src/core/stats.c
[1;31mBUILD[0m src/core/sys.c
[1;31mBUILD[0m src/core/tcp.c
[1;31mBUILD[0m src/core/tcp_in.c
[1;31mBUILD[0m src/core/tcp_out.c
[1;31mBUILD[0m src/core/timeouts.c
[1;31mBUILD[0m src/core/udp.c
[1;31mBUILD[0m src/netif/bridgeif.c
[1;31mBUILD[0m src/netif/bridgeif_fdb.c
[1;31mBUILD[0m src/netif/ethernet.c
[1;31mBUILD[0m src/netif/lowpan6.c
[1;31mBUILD[0m src/netif/lowpan6_ble.c
[1;31mBUILD[0m src/netif/lowpan6_common.c
[1;31mBUILD[0m src/netif/ppp/auth.c
[1;31mBUILD[0m src/netif/ppp/ccp.c
[1;31mBUILD[0m src/netif/ppp/chap-md5.c
[1;31mBUILD[0m src/netif/ppp/chap-new.c
[1;31mBUILD[0m src/netif/ppp/chap_ms.c
[1;31mBUILD[0m src/netif/ppp/demand.c
[1;31mBUILD[0m src/netif/ppp/eap.c
[1;31mBUILD[0m src/netif/ppp/ecp.c
[1;31mBUILD[0m src/netif/ppp/eui64.c
[1;31mBUILD[0m src/netif/ppp/fsm.c
[1;31mBUILD[0m src/netif/ppp/ipcp.c
[1;31mBUILD[0m src/netif/ppp/ipv6cp.c
[1;31mBUILD[0m src/netif/ppp/lcp.c
[1;31mBUILD[0m src/netif/ppp/magic.c
[1;31mBUILD[0m src/netif/ppp/mppe.c
[1;31mBUILD[0m src/netif/ppp/multilink.c
[1;31mBUILD[0m src/netif/ppp/polarssl/arc4.c
[1;31mBUILD[0m src/netif/ppp/polarssl/des.c
[1;31mBUILD[0m src/netif/ppp/polarssl/md4.c
[1;31mBUILD[0m src/netif/ppp/polarssl/md5.c
[1;31mBUILD[0m src/netif/ppp/polarssl/sha1.c
[1;31mBUILD[0m src/netif/ppp/ppp.c
[1;31mBUILD[0m src/netif/ppp/pppapi.c
[1;31mBUILD[0m src/netif/ppp/pppcrypt.c
[1;31mBUILD[0m src/netif/ppp/pppoe.c
[1;31mBUILD[0m src/netif/ppp/pppol2tp.c
[1;31mBUILD[0m src/netif/ppp/pppos.c
[1;31mBUILD[0m src/netif/ppp/upap.c
[1;31mBUILD[0m src/netif/ppp/utils.c
[1;31mBUILD[0m src/netif/ppp/vj.c
[1;31mBUILD[0m src/netif/slipif.c
[1;31mBUILD[0m src/netif/zepif.c
[1;31mBUILD[0m src/ports/lib/mem.c
[1;31mBUILD[0m src/ports/unix/lib/perf.c
[1;31mBUILD[0m src/ports/unix/lib/sys_arch.c
[1;31mBUILD[0m src/ports/unix/netif/fifo.c
[1;31mBUILD[0m src/ports/unix/netif/list.c
[1;31mBUILD[0m src/ports/unix/netif/pcapif.c
[1;31mBUILD[0m src/ports/unix/netif/sio.c
[1;31mBUILD[0m src/ports/unix/netif/tapif.c
[1;31mBUILD[0m src/ports/win32/lib/sys_arch.c
[1;31mBUILD[0m src/ports/win32/netif/sio.c
[1;34mLINK[0m  [1;32mbin/liblwip.a[0m
[1;31mBUILD[0m src/kern/aide/hev-task-aide.c
[1;31mBUILD[0m src/kern/core/hev-task-system-schedule.c
[1;31mBUILD[0m src/kern/core/hev-task-system.c
[1;31mBUILD[0m src/kern/io/hev-task-io-reactor-epoll.c
[1;31mBUILD[0m src/kern/io/hev-task-io-reactor-iocp.c
[1;31mBUILD[0m src/kern/io/hev-task-io-reactor-kqueue.c
[1;31mBUILD[0m src/kern/itc/hev-task-channel-select.c
[1;31mBUILD[0m src/kern/itc/hev-task-channel.c
[1;31mBUILD[0m src/kern/sync/hev-task-cond.c
[1;31mBUILD[0m src/kern/sync/hev-task-mutex.c
[1;31mBUILD[0m src/kern/task/hev-task-call.c
[1;31mBUILD[0m src/kern/task/hev-task-executer.c
[1;31mBUILD[0m src/kern/task/hev-task-stack-heap.c
[1;31mBUILD[0m src/kern/task/hev-task-stack-mmap.c
[1;31mBUILD[0m src/kern/task/hev-task.c
[1;31mBUILD[0m src/kern/time/hev-task-timer.c
[1;31mBUILD[0m src/lib/dns/hev-task-dns-proxy.c
[1;31mBUILD[0m src/lib/dns/hev-task-dns.c
[1;31mBUILD[0m src/lib/io/basic/hev-task-io.c
[1;31mBUILD[0m src/lib/io/buffer/hev-circular-buffer.c
[1;31mBUILD[0m src/lib/io/pipe/hev-task-io-pipe.c
[1;31mBUILD[0m src/lib/io/poll/hev-task-io-poll.c
[1;31mBUILD[0m src/lib/io/socket/hev-task-io-socket.c
[1;31mBUILD[0m src/lib/list/hev-list.c
[1;31mBUILD[0m src/lib/misc/hev-debugger.c
[1;31mBUILD[0m src/lib/misc/hev-task-stack-detector.c
[1;31mBUILD[0m src/lib/object/hev-object-atomic.c
[1;31mBUILD[0m src/lib/object/hev-object.c
[1;31mBUILD[0m src/lib/rbtree/hev-rbtree-cached.c
[1;31mBUILD[0m src/lib/rbtree/hev-rbtree.c
[1;31mBUILD[0m src/mem/api/hev-memory-allocator-api.c
[1;31mBUILD[0m src/mem/base/hev-memory-allocator.c
[1;31mBUILD[0m src/mem/simple/hev-memory-allocator-simple.c
[1;31mBUILD[0m src/mem/slice/hev-memory-allocator-slice.c
[1;31mBUILD[0m src/kern/task/hev-task-execute.S
[1;34mLINK[0m  [1;32mbin/libhev-task-system.a[0m
[1;34mLINK[0m  [1;32mbin/libhev-socks5-tunnel.a[0m
libtool: warning: 'libhev-socks5-tunnel.a(hev-jni.o)' has no symbols
libtool: warning: 'libhev-socks5-tunnel.a(hev-tunnel-freebsd.o)' has no symbols
libtool: warning: 'libhev-socks5-tunnel.a(hev-tunnel-linux.o)' has no symbols
libtool: warning: 'libhev-socks5-tunnel.a(hev-tunnel-netbsd.o)' has no symbols
libtool: warning: 'libhev-socks5-tunnel.a(hev-tunnel-windows.o)' has no symbols
libtool: warning: 'libhev-socks5-tunnel.a(hev-wintun.o)' has no symbols
libtool: warning: 'liblwip.a(api_lib.o)' has no symbols
libtool: warning: 'liblwip.a(api_msg.o)' has no symbols
libtool: warning: 'liblwip.a(err.o)' has no symbols
libtool: warning: 'liblwip.a(if_api.o)' has no symbols
libtool: warning: 'liblwip.a(netbuf.o)' has no symbols
libtool: warning: 'liblwip.a(netdb.o)' has no symbols
libtool: warning: 'liblwip.a(netifapi.o)' has no symbols
libtool: warning: 'liblwip.a(sockets.o)' has no symbols
libtool: warning: 'liblwip.a(tcpip.o)' has no symbols
libtool: warning: 'liblwip.a(altcp.o)' has no symbols
libtool: warning: 'liblwip.a(altcp_alloc.o)' has no symbols
libtool: warning: 'liblwip.a(altcp_tcp.o)' has no symbols
libtool: warning: 'liblwip.a(dns.o)' has no symbols
libtool: warning: 'liblwip.a(acd.o)' has no symbols
libtool: warning: 'liblwip.a(autoip.o)' has no symbols
libtool: warning: 'liblwip.a(dhcp.o)' has no symbols
libtool: warning: 'liblwip.a(etharp.o)' has no symbols
libtool: warning: 'liblwip.a(igmp.o)' has no symbols
libtool: warning: 'liblwip.a(dhcp6.o)' has no symbols
libtool: warning: 'liblwip.a(ethip6.o)' has no symbols
libtool: warning: 'liblwip.a(inet6.o)' has no symbols
libtool: warning: 'liblwip.a(raw.o)' has no symbols
libtool: warning: 'liblwip.a(stats.o)' has no symbols
libtool: warning: 'liblwip.a(sys.o)' has no symbols
libtool: warning: 'liblwip.a(bridgeif.o)' has no symbols
libtool: warning: 'liblwip.a(ethernet.o)' has no symbols
libtool: warning: 'liblwip.a(auth.o)' has no symbols
libtool: warning: 'liblwip.a(ccp.o)' has no symbols
libtool: warning: 'liblwip.a(chap-md5.o)' has no symbols
libtool: warning: 'liblwip.a(chap-new.o)' has no symbols
libtool: warning: 'liblwip.a(chap_ms.o)' has no symbols
libtool: warning: 'liblwip.a(demand.o)' has no symbols
libtool: warning: 'liblwip.a(eap.o)' has no symbols
libtool: warning: 'liblwip.a(ecp.o)' has no symbols
libtool: warning: 'liblwip.a(eui64.o)' has no symbols
libtool: warning: 'liblwip.a(fsm.o)' has no symbols
libtool: warning: 'liblwip.a(ipcp.o)' has no symbols
libtool: warning: 'liblwip.a(ipv6cp.o)' has no symbols
libtool: warning: 'liblwip.a(lcp.o)' has no symbols
libtool: warning: 'liblwip.a(magic.o)' has no symbols
libtool: warning: 'liblwip.a(mppe.o)' has no symbols
libtool: warning: 'liblwip.a(multilink.o)' has no symbols
libtool: warning: 'liblwip.a(arc4.o)' has no symbols
libtool: warning: 'liblwip.a(des.o)' has no symbols
libtool: warning: 'liblwip.a(md4.o)' has no symbols
libtool: warning: 'liblwip.a(md5.o)' has no symbols
libtool: warning: 'liblwip.a(sha1.o)' has no symbols
libtool: warning: 'liblwip.a(ppp.o)' has no symbols
libtool: warning: 'liblwip.a(pppapi.o)' has no symbols
libtool: warning: 'liblwip.a(pppcrypt.o)' has no symbols
libtool: warning: 'liblwip.a(pppoe.o)' has no symbols
libtool: warning: 'liblwip.a(pppol2tp.o)' has no symbols
libtool: warning: 'liblwip.a(pppos.o)' has no symbols
libtool: warning: 'liblwip.a(upap.o)' has no symbols
libtool: warning: 'liblwip.a(utils.o)' has no symbols
libtool: warning: 'liblwip.a(vj.o)' has no symbols
libtool: warning: 'liblwip.a(pcapif.o)' has no symbols
libtool: warning: 'liblwip.a(sys_arch.o)' has no symbols
libtool: warning: 'liblwip.a(sio.o)' has no symbols
libtool: warning: 'libhev-task-system.a(hev-task-io-reactor-epoll.o)' has no symbols
libtool: warning: 'libhev-task-system.a(hev-task-io-reactor-iocp.o)' has no symbols
libtool: warning: 'libhev-task-system.a(hev-task-stack-heap.o)' has no symbols
libtool: warning: 'libhev-task-system.a(hev-debugger.o)' has no symbols
[1;34mCLEAN[0m yaml
[1;34mCLEAN[0m lwip
[1;34mCLEAN[0m hev-task-system
[1;34mCLEAN[0m hev-socks5-tunnel
build for appletvsimulator, arm64, min version 17.0
[1;31mBUILD[0m src/core/src/hev-rbtree.c
[1;31mBUILD[0m src/core/src/hev-socks5-authenticator.c
[1;31mBUILD[0m src/core/src/hev-socks5-client-tcp.c
[1;31mBUILD[0m src/core/src/hev-socks5-client-udp.c
[1;31mBUILD[0m src/core/src/hev-socks5-client.c
[1;31mBUILD[0m src/core/src/hev-socks5-logger.c
[1;31mBUILD[0m src/core/src/hev-socks5-misc.c
[1;31mBUILD[0m src/core/src/hev-socks5-server.c
[1;31mBUILD[0m src/core/src/hev-socks5-tcp.c
[1;31mBUILD[0m src/core/src/hev-socks5-udp.c
[1;31mBUILD[0m src/core/src/hev-socks5-user.c
[1;31mBUILD[0m src/core/src/hev-socks5.c
[1;31mBUILD[0m src/hev-config.c
[1;31mBUILD[0m src/hev-jni.c
[1;31mBUILD[0m src/hev-main.c
[1;31mBUILD[0m src/hev-mapped-dns.c
[1;31mBUILD[0m src/hev-socks5-session-tcp.c
[1;31mBUILD[0m src/hev-socks5-session-udp.c
[1;31mBUILD[0m src/hev-socks5-session.c
[1;31mBUILD[0m src/hev-socks5-tunnel.c
[1;31mBUILD[0m src/hev-tunnel-freebsd.c
[1;31mBUILD[0m src/hev-tunnel-linux.c
[1;31mBUILD[0m src/hev-tunnel-macos.c
[1;31mBUILD[0m src/hev-tunnel-netbsd.c
[1;31mBUILD[0m src/hev-tunnel-windows.c
[1;31mBUILD[0m src/misc/hev-exec.c
[1;31mBUILD[0m src/misc/hev-list.c
[1;31mBUILD[0m src/misc/hev-logger.c
[1;31mBUILD[0m src/misc/hev-ring-buffer.c
[1;31mBUILD[0m src/misc/hev-utils.c
[1;31mBUILD[0m src/misc/hev-wintun.c
[1;31mBUILD[0m src/api.c
[1;31mBUILD[0m src/dumper.c
[1;31mBUILD[0m src/emitter.c
[1;31mBUILD[0m src/loader.c
[1;31mBUILD[0m src/parser.c
[1;31mBUILD[0m src/reader.c
[1;31mBUILD[0m src/scanner.c
[1;31mBUILD[0m src/writer.c
[1;34mLINK[0m  [1;32mbin/libyaml.a[0m
[1;31mBUILD[0m src/api/api_lib.c
[1;31mBUILD[0m src/api/api_msg.c
[1;31mBUILD[0m src/api/err.c
[1;31mBUILD[0m src/api/if_api.c
[1;31mBUILD[0m src/api/netbuf.c
[1;31mBUILD[0m src/api/netdb.c
[1;31mBUILD[0m src/api/netifapi.c
[1;31mBUILD[0m src/api/sockets.c
[1;31mBUILD[0m src/api/tcpip.c
[1;31mBUILD[0m src/core/altcp.c
[1;31mBUILD[0m src/core/altcp_alloc.c
[1;31mBUILD[0m src/core/altcp_tcp.c
[1;31mBUILD[0m src/core/def.c
[1;31mBUILD[0m src/core/dns.c
[1;31mBUILD[0m src/core/inet_chksum.c
[1;31mBUILD[0m src/core/init.c
[1;31mBUILD[0m src/core/ip.c
[1;31mBUILD[0m src/core/ipv4/acd.c
[1;31mBUILD[0m src/core/ipv4/autoip.c
[1;31mBUILD[0m src/core/ipv4/dhcp.c
[1;31mBUILD[0m src/core/ipv4/etharp.c
[1;31mBUILD[0m src/core/ipv4/icmp.c
[1;31mBUILD[0m src/core/ipv4/igmp.c
[1;31mBUILD[0m src/core/ipv4/ip4.c
[1;31mBUILD[0m src/core/ipv4/ip4_addr.c
[1;31mBUILD[0m src/core/ipv4/ip4_frag.c
[1;31mBUILD[0m src/core/ipv6/dhcp6.c
[1;31mBUILD[0m src/core/ipv6/ethip6.c
[1;31mBUILD[0m src/core/ipv6/icmp6.c
[1;31mBUILD[0m src/core/ipv6/inet6.c
[1;31mBUILD[0m src/core/ipv6/ip6.c
[1;31mBUILD[0m src/core/ipv6/ip6_addr.c
[1;31mBUILD[0m src/core/ipv6/ip6_frag.c
[1;31mBUILD[0m src/core/ipv6/mld6.c
[1;31mBUILD[0m src/core/ipv6/nd6.c
[1;31mBUILD[0m src/core/mem.c
[1;31mBUILD[0m src/core/memp.c
[1;31mBUILD[0m src/core/netif.c
[1;31mBUILD[0m src/core/pbuf.c
[1;31mBUILD[0m src/core/raw.c
[1;31mBUILD[0m src/core/stats.c
[1;31mBUILD[0m src/core/sys.c
[1;31mBUILD[0m src/core/tcp.c
[1;31mBUILD[0m src/core/tcp_in.c
[1;31mBUILD[0m src/core/tcp_out.c
[1;31mBUILD[0m src/core/timeouts.c
[1;31mBUILD[0m src/core/udp.c
[1;31mBUILD[0m src/netif/bridgeif.c
[1;31mBUILD[0m src/netif/bridgeif_fdb.c
[1;31mBUILD[0m src/netif/ethernet.c
[1;31mBUILD[0m src/netif/lowpan6.c
[1;31mBUILD[0m src/netif/lowpan6_ble.c
[1;31mBUILD[0m src/netif/lowpan6_common.c
[1;31mBUILD[0m src/netif/ppp/auth.c
[1;31mBUILD[0m src/netif/ppp/ccp.c
[1;31mBUILD[0m src/netif/ppp/chap-md5.c
[1;31mBUILD[0m src/netif/ppp/chap-new.c
[1;31mBUILD[0m src/netif/ppp/chap_ms.c
[1;31mBUILD[0m src/netif/ppp/demand.c
[1;31mBUILD[0m src/netif/ppp/eap.c
[1;31mBUILD[0m src/netif/ppp/ecp.c
[1;31mBUILD[0m src/netif/ppp/eui64.c
[1;31mBUILD[0m src/netif/ppp/fsm.c
[1;31mBUILD[0m src/netif/ppp/ipcp.c
[1;31mBUILD[0m src/netif/ppp/ipv6cp.c
[1;31mBUILD[0m src/netif/ppp/lcp.c
[1;31mBUILD[0m src/netif/ppp/magic.c
[1;31mBUILD[0m src/netif/ppp/mppe.c
[1;31mBUILD[0m src/netif/ppp/multilink.c
[1;31mBUILD[0m src/netif/ppp/polarssl/arc4.c
[1;31mBUILD[0m src/netif/ppp/polarssl/des.c
[1;31mBUILD[0m src/netif/ppp/polarssl/md4.c
[1;31mBUILD[0m src/netif/ppp/polarssl/md5.c
[1;31mBUILD[0m src/netif/ppp/polarssl/sha1.c
[1;31mBUILD[0m src/netif/ppp/ppp.c
[1;31mBUILD[0m src/netif/ppp/pppapi.c
[1;31mBUILD[0m src/netif/ppp/pppcrypt.c
[1;31mBUILD[0m src/netif/ppp/pppoe.c
[1;31mBUILD[0m src/netif/ppp/pppol2tp.c
[1;31mBUILD[0m src/netif/ppp/pppos.c
[1;31mBUILD[0m src/netif/ppp/upap.c
[1;31mBUILD[0m src/netif/ppp/utils.c
[1;31mBUILD[0m src/netif/ppp/vj.c
[1;31mBUILD[0m src/netif/slipif.c
[1;31mBUILD[0m src/netif/zepif.c
[1;31mBUILD[0m src/ports/lib/mem.c
[1;31mBUILD[0m src/ports/unix/lib/perf.c
[1;31mBUILD[0m src/ports/unix/lib/sys_arch.c
[1;31mBUILD[0m src/ports/unix/netif/fifo.c
[1;31mBUILD[0m src/ports/unix/netif/list.c
[1;31mBUILD[0m src/ports/unix/netif/pcapif.c
[1;31mBUILD[0m src/ports/unix/netif/sio.c
[1;31mBUILD[0m src/ports/unix/netif/tapif.c
[1;31mBUILD[0m src/ports/win32/lib/sys_arch.c
[1;31mBUILD[0m src/ports/win32/netif/sio.c
[1;34mLINK[0m  [1;32mbin/liblwip.a[0m
[1;31mBUILD[0m src/kern/aide/hev-task-aide.c
[1;31mBUILD[0m src/kern/core/hev-task-system-schedule.c
[1;31mBUILD[0m src/kern/core/hev-task-system.c
[1;31mBUILD[0m src/kern/io/hev-task-io-reactor-epoll.c
[1;31mBUILD[0m src/kern/io/hev-task-io-reactor-iocp.c
[1;31mBUILD[0m src/kern/io/hev-task-io-reactor-kqueue.c
[1;31mBUILD[0m src/kern/itc/hev-task-channel-select.c
[1;31mBUILD[0m src/kern/itc/hev-task-channel.c
[1;31mBUILD[0m src/kern/sync/hev-task-cond.c
[1;31mBUILD[0m src/kern/sync/hev-task-mutex.c
[1;31mBUILD[0m src/kern/task/hev-task-call.c
[1;31mBUILD[0m src/kern/task/hev-task-executer.c
[1;31mBUILD[0m src/kern/task/hev-task-stack-heap.c
[1;31mBUILD[0m src/kern/task/hev-task-stack-mmap.c
[1;31mBUILD[0m src/kern/task/hev-task.c
[1;31mBUILD[0m src/kern/time/hev-task-timer.c
[1;31mBUILD[0m src/lib/dns/hev-task-dns-proxy.c
[1;31mBUILD[0m src/lib/dns/hev-task-dns.c
[1;31mBUILD[0m src/lib/io/basic/hev-task-io.c
[1;31mBUILD[0m src/lib/io/buffer/hev-circular-buffer.c
[1;31mBUILD[0m src/lib/io/pipe/hev-task-io-pipe.c
[1;31mBUILD[0m src/lib/io/poll/hev-task-io-poll.c
[1;31mBUILD[0m src/lib/io/socket/hev-task-io-socket.c
[1;31mBUILD[0m src/lib/list/hev-list.c
[1;31mBUILD[0m src/lib/misc/hev-debugger.c
[1;31mBUILD[0m src/lib/misc/hev-task-stack-detector.c
[1;31mBUILD[0m src/lib/object/hev-object-atomic.c
[1;31mBUILD[0m src/lib/object/hev-object.c
[1;31mBUILD[0m src/lib/rbtree/hev-rbtree-cached.c
[1;31mBUILD[0m src/lib/rbtree/hev-rbtree.c
[1;31mBUILD[0m src/mem/api/hev-memory-allocator-api.c
[1;31mBUILD[0m src/mem/base/hev-memory-allocator.c
[1;31mBUILD[0m src/mem/simple/hev-memory-allocator-simple.c
[1;31mBUILD[0m src/mem/slice/hev-memory-allocator-slice.c
[1;31mBUILD[0m src/kern/task/hev-task-execute.S
[1;34mLINK[0m  [1;32mbin/libhev-task-system.a[0m
[1;34mLINK[0m  [1;32mbin/libhev-socks5-tunnel.a[0m
libtool: warning: 'libhev-socks5-tunnel.a(hev-jni.o)' has no symbols
libtool: warning: 'libhev-socks5-tunnel.a(hev-tunnel-freebsd.o)' has no symbols
libtool: warning: 'libhev-socks5-tunnel.a(hev-tunnel-linux.o)' has no symbols
libtool: warning: 'libhev-socks5-tunnel.a(hev-tunnel-netbsd.o)' has no symbols
libtool: warning: 'libhev-socks5-tunnel.a(hev-tunnel-windows.o)' has no symbols
libtool: warning: 'libhev-socks5-tunnel.a(hev-wintun.o)' has no symbols
libtool: warning: 'liblwip.a(api_lib.o)' has no symbols
libtool: warning: 'liblwip.a(api_msg.o)' has no symbols
libtool: warning: 'liblwip.a(err.o)' has no symbols
libtool: warning: 'liblwip.a(if_api.o)' has no symbols
libtool: warning: 'liblwip.a(netbuf.o)' has no symbols
libtool: warning: 'liblwip.a(netdb.o)' has no symbols
libtool: warning: 'liblwip.a(netifapi.o)' has no symbols
libtool: warning: 'liblwip.a(sockets.o)' has no symbols
libtool: warning: 'liblwip.a(tcpip.o)' has no symbols
libtool: warning: 'liblwip.a(altcp.o)' has no symbols
libtool: warning: 'liblwip.a(altcp_alloc.o)' has no symbols
libtool: warning: 'liblwip.a(altcp_tcp.o)' has no symbols
libtool: warning: 'liblwip.a(dns.o)' has no symbols
libtool: warning: 'liblwip.a(acd.o)' has no symbols
libtool: warning: 'liblwip.a(autoip.o)' has no symbols
libtool: warning: 'liblwip.a(dhcp.o)' has no symbols
libtool: warning: 'liblwip.a(etharp.o)' has no symbols
libtool: warning: 'liblwip.a(igmp.o)' has no symbols
libtool: warning: 'liblwip.a(dhcp6.o)' has no symbols
libtool: warning: 'liblwip.a(ethip6.o)' has no symbols
libtool: warning: 'liblwip.a(inet6.o)' has no symbols
libtool: warning: 'liblwip.a(raw.o)' has no symbols
libtool: warning: 'liblwip.a(stats.o)' has no symbols
libtool: warning: 'liblwip.a(sys.o)' has no symbols
libtool: warning: 'liblwip.a(bridgeif.o)' has no symbols
libtool: warning: 'liblwip.a(ethernet.o)' has no symbols
libtool: warning: 'liblwip.a(auth.o)' has no symbols
libtool: warning: 'liblwip.a(ccp.o)' has no symbols
libtool: warning: 'liblwip.a(chap-md5.o)' has no symbols
libtool: warning: 'liblwip.a(chap-new.o)' has no symbols
libtool: warning: 'liblwip.a(chap_ms.o)' has no symbols
libtool: warning: 'liblwip.a(demand.o)' has no symbols
libtool: warning: 'liblwip.a(eap.o)' has no symbols
libtool: warning: 'liblwip.a(ecp.o)' has no symbols
libtool: warning: 'liblwip.a(eui64.o)' has no symbols
libtool: warning: 'liblwip.a(fsm.o)' has no symbols
libtool: warning: 'liblwip.a(ipcp.o)' has no symbols
libtool: warning: 'liblwip.a(ipv6cp.o)' has no symbols
libtool: warning: 'liblwip.a(lcp.o)' has no symbols
libtool: warning: 'liblwip.a(magic.o)' has no symbols
libtool: warning: 'liblwip.a(mppe.o)' has no symbols
libtool: warning: 'liblwip.a(multilink.o)' has no symbols
libtool: warning: 'liblwip.a(arc4.o)' has no symbols
libtool: warning: 'liblwip.a(des.o)' has no symbols
libtool: warning: 'liblwip.a(md4.o)' has no symbols
libtool: warning: 'liblwip.a(md5.o)' has no symbols
libtool: warning: 'liblwip.a(sha1.o)' has no symbols
libtool: warning: 'liblwip.a(ppp.o)' has no symbols
libtool: warning: 'liblwip.a(pppapi.o)' has no symbols
libtool: warning: 'liblwip.a(pppcrypt.o)' has no symbols
libtool: warning: 'liblwip.a(pppoe.o)' has no symbols
libtool: warning: 'liblwip.a(pppol2tp.o)' has no symbols
libtool: warning: 'liblwip.a(pppos.o)' has no symbols
libtool: warning: 'liblwip.a(upap.o)' has no symbols
libtool: warning: 'liblwip.a(utils.o)' has no symbols
libtool: warning: 'liblwip.a(vj.o)' has no symbols
libtool: warning: 'liblwip.a(pcapif.o)' has no symbols
libtool: warning: 'liblwip.a(sys_arch.o)' has no symbols
libtool: warning: 'liblwip.a(sio.o)' has no symbols
libtool: warning: 'libhev-task-system.a(hev-task-io-reactor-epoll.o)' has no symbols
libtool: warning: 'libhev-task-system.a(hev-task-io-reactor-iocp.o)' has no symbols
libtool: warning: 'libhev-task-system.a(hev-task-stack-heap.o)' has no symbols
libtool: warning: 'libhev-task-system.a(hev-debugger.o)' has no symbols
[1;34mCLEAN[0m yaml
[1;34mCLEAN[0m lwip
[1;34mCLEAN[0m hev-task-system
[1;34mCLEAN[0m hev-socks5-tunnel
merge for appletvsimulator, x86_64, arm64
xcframework successfully written out to: /Users/iv/Developer/relux-tunnel/.temp/TASK-260715-uopycx/hev-socks5-tunnel/HevSocks5Tunnel.xcframework
