accepted_resource_sha256:
63faf7a35b1c3554bbe5c23def6edddb9bc8454d40bfc1fb94071e1461f23ddd  /Users/iv/Developer/relux-tunnel/.task-board/.resources/TASK-260715-nphtib/TASK-260715-nphtib_results.md
d9278fb1baec644d27c2fbd4a263758dee8f583b796f9c8ae7cc5e2e80985679  /Users/iv/Developer/relux-tunnel/.task-board/.resources/TASK-260715-nphtib/TASK-260715-nphtib_final-delta-review-results.md
f2dc587541386cdc5eb7e10328adda21b8bbba3af32d5c722e62616a2abca173  /Users/iv/Developer/relux-tunnel/.task-board/.resources/TASK-260715-2jatnd/TASK-260715-2jatnd_m0-bridge-hev-decision-adr.md
73de6f96adadbd4b9469e26d760c3edbe6bd56120b97ab4f3d752812d3df8246  /Users/iv/Developer/relux-tunnel/.task-board/.resources/TASK-260715-2jatnd/TASK-260715-2jatnd_review-verdict-rev2.md
f1d2369a694c7a6f6642cff4324b46a6727b7a6aef3d65a9cf13ee8821ea2282  /Users/iv/Developer/relux-tunnel/.task-board/.resources/TASK-260715-1gjxer/TASK-260715-1gjxer_ssh-engine-selection-adr.md
3583369777a0d897ef2a156ddddeea92cd15b5c0b3b290582015667a37044a31  /Users/iv/Developer/relux-tunnel/.task-board/.resources/TASK-260715-1gjxer/TASK-260715-1gjxer_results.md
c13bbb54a455da89f3e66121c81532b298eab73fac30b6d14d2e2df43fff8851  /Users/iv/Developer/relux-tunnel/.task-board/.resources/TASK-260715-30zng6/TASK-260715-30zng6_runtime-contract.md
7a64ad098efd8cff52e0c6d144763b29e4d4008aab8e0967ce805c6134b0b756  /Users/iv/Developer/relux-tunnel/.task-board/.resources/TASK-260715-30zng6/TASK-260715-30zng6_review.md
manifest_and_patch_sha256:
40333862b46b7af04cdd966ade91e8c9cc917e573c6601e26e7fa956d11ae161  Configuration/TASK-260720-1qhxqa_m0-production-bindings-v1.json
5548d1ad73a87a67fbd9ca6d5b073de0c3e38cf18780801e1f973b487c3f8281  /Users/iv/Developer/relux-tunnel/.task-board/.resources/TASK-260720-1qhxqa/TASK-260720-1qhxqa_change-request_rev10.patch
candidate_tree_identity:
candidate_worktree_diff_exit=0
exact_delta_paths:
Configuration/TASK-260720-1qhxqa_m0-production-bindings-v1.json
LOGBOOK.md
Makefile
README.md
docs/TASK-260720-1qhxqa_m0-production-bindings.md
scripts/tests/test_m0_production_bindings.py
scripts/validate-m0-production-bindings.py
