 M LOGBOOK.md
 M Makefile
 M README.md
?? Configuration/TASK-260720-1qhxqa_m0-production-bindings-v1.json
?? docs/TASK-260720-1qhxqa_m0-production-bindings.md
?? scripts/tests/test_m0_production_bindings.py
?? scripts/validate-m0-production-bindings.py
b3422b05226253a17676b9b84c764071fe3dbe74
953e225a18db5fe7e347e0d63728c431ce93a056
 ...SK-260720-1qhxqa_m0-production-bindings-v1.json | 299 ++++++++
 LOGBOOK.md                                         |  14 +
 Makefile                                           |  13 +
 README.md                                          |   1 +
 docs/TASK-260720-1qhxqa_m0-production-bindings.md  | 122 ++++
 scripts/tests/test_m0_production_bindings.py       | 425 +++++++++++
 scripts/validate-m0-production-bindings.py         | 776 +++++++++++++++++++++
 7 files changed, 1650 insertions(+)
A	Configuration/TASK-260720-1qhxqa_m0-production-bindings-v1.json
M	LOGBOOK.md
M	Makefile
M	README.md
A	docs/TASK-260720-1qhxqa_m0-production-bindings.md
A	scripts/tests/test_m0_production_bindings.py
A	scripts/validate-m0-production-bindings.py
241f9dd32ffe1a494524ee905442a0fe6893baf0831996e6ef412f3301948777  .temp/review-TASK-260720-1qhxqa/rev5-recomputed.patch
Manage attached resources such as screenshots, docs, logs, and other files.

Use "task-board resource add" to create a new attached resource, "task-board
resource adopt" to register an orphaned local payload, "task-board resource
update" to replace an existing one, "task-board resource delete" to remove it,
and "task-board resource get" to materialize a resource back to the local
filesystem for inspection.

Usage:
  task-board resource [command]

Available Commands:
  add         Attach a new file resource to an element
  adopt       Register an existing unreferenced local resource payload
  delete      Delete a resource from an element (requires --confirm)
  get         Download a resource to the local filesystem
  update      Replace an existing file resource on an element

Flags:
  -h, --help   help for resource

Global Flags:
      --board-dir string         Path to the board directory (overrides TASK_BOARD_DIR and config local.board_dir) (default ".task-board")
      --context-profile string   Agent context profile override: full or lite
      --insecure                 Skip TLS certificate verification (for self-signed certs)
      --json                     Output in JSON format
      --no-update-check          Disable automatic update check
      --remote string            Remote board server URL (overrides TASK_BOARD_REMOTE)
      --remote-board string      Remote board ID (overrides TASK_BOARD_ID)

Use "task-board resource [command] --help" for more information about a command.
