Building for debugging...
[0/6] Write sources
[1/6] Write swift-version-45881B103DA9D485.txt
[3/6] Compiling ReluxTunnelCoreTests OwnedVPNManagerRepositoryTests.swift
[4/6] Emitting module ReluxTunnelCoreTests
[4/6] Write Objects.LinkFileList
ld: warning: reducing alignment of section __DATA,__common from 0x8000 to 0x4000 because it exceeds segment maximum alignment
[5/6] Linking ReluxTunnelPackageTests
Build complete! (3.00s)
Test Suite 'Selected tests' started at 2026-07-21 04:36:52.721.
Test Suite 'ReluxTunnelPackageTests.xctest' started at 2026-07-21 04:36:52.727.
Test Suite 'ReluxTunnelPackageTests.xctest' passed at 2026-07-21 04:36:52.727.
	 Executed 0 tests, with 0 failures (0 unexpected) in 0.000 (0.000) seconds
Test Suite 'Selected tests' passed at 2026-07-21 04:36:52.728.
	 Executed 0 tests, with 0 failures (0 unexpected) in 0.000 (0.007) seconds
􀟈  Test run started.
􀄵  Testing Library Version: 1902
􀄵  Target Platform: arm64e-apple-macos14.0
􀟈  Suite "Owned VPN manager repository" started.
􀟈  Test "notification before registration returns resolves once and retires its token" started.
􀟈  Test "resolved observation ignores duplicate and late notifications" started.
􀟈  Test "operation gate queues every repository entry point behind an active callback" started.
􀟈  Test "future owned configuration is preserved and corruption is repaired only by ensure" started.
􀟈  Test "a second stale save maps to concurrent modification" started.
􀟈  Test "enable rejects every active session transition without writes" started.
􀟈  Test "cancelled observation unregisters once and ignores late notification" started.
􀟈  Test "terminal transition during registration is caught by the authoritative recheck" started.
􀟈  Test "production identities fail closed while both injected host seams compile" started.
􀟈  Test "macOS seam decodes NSNumber manager versions exactly and preserves invalid values" started.
􀟈  Test "inactive duplicate repair removes exact owned managers only and recreates one" started.
􀟈  Test "zero and one owned ensure converge without enabling" started.
􀟈  Test "active duplicate and future duplicate repair paths perform zero writes" started.
􀟈  Test "notification-first terminal completion wins exactly once" started.
􀟈  Test "authorization and saved-but-reload-failed results are stable" started.
􀟈  Test "a stale save retries once with a freshly loaded manager" started.
􀟈  Test "concurrent zero-manager ensure saves one canonical manager" started.
􀟈  Test "ensure preserves an existing enabled state while replacing all noncanonical fields" started.
􀟈  Test "unmarked and type-confused provider lookalikes are zero-write conflicts" started.
􀟈  Test "stale enable retries revalidate unrelated unmarked and future replacements" started.
􀟈  Test "provider configuration contains only the marker version and bounded opaque reference" started.
􀟈  Test "save verification uses a distinct reload and rejects noncanonical persistence" started.
􀟈  Test case passing 1 argument platform → macOS to "notification before registration returns resolves once and retires its token" started.
􀟈  Test "cancellation retires a load token and ignores its late callback" started.
􀟈  Test case passing 1 argument platform → iOS to "notification before registration returns resolves once and retires its token" started.
􀟈  Test case passing 1 argument platform → iOS to "resolved observation ignores duplicate and late notifications" started.
􀟈  Test case passing 1 argument platform → macOS to "resolved observation ignores duplicate and late notifications" started.
􀟈  Test "terminal status present before registration resolves without waiting" started.
􀟈  Test "stop timeout prevents disable and preference save" started.
􀟈  Test "exact ownership predicate never mutates unrelated or wrong-type managers" started.
􀟈  Test "already enabled still follows explicit save and fresh reload verification" started.
􀟈  Test case passing 1 argument platform → iOS to "cancelled observation unregisters once and ignores late notification" started.
􀟈  Test "enable is explicit and reports the enterprise VPN system effect" started.
􀟈  Test case passing 1 argument platform → macOS to "cancelled observation unregisters once and ignores late notification" started.
􀟈  Test "iOS seam decodes NSNumber manager versions exactly and preserves invalid values" started.
􀟈  Test case passing 1 argument platform → iOS to "terminal transition during registration is caught by the authoritative recheck" started.
􀟈  Test "nil manager collection fails closed without constructing or writing" started.
􀟈  Test "every positive future manager version is preserved without writes" started.
􀟈  Test "timeout retires a load token and ignores its late callback" started.
􀟈  Test "disable and removal stop active sessions before preference writes" started.
􀟈  Test case passing 1 argument platform → macOS to "terminal transition during registration is caught by the authoritative recheck" started.
􀟈  Test case passing 1 argument platform → macOS to "notification-first terminal completion wins exactly once" started.
􀟈  Test case passing 1 argument platform → iOS to "notification-first terminal completion wins exactly once" started.
􀟈  Test case passing 1 argument platform → iOS to "terminal status present before registration resolves without waiting" started.
􀟈  Test case passing 1 argument platform → macOS to "terminal status present before registration resolves without waiting" started.
􁁛  Test "terminal transition during registration is caught by the authoritative recheck" with 2 test cases passed after 0.001 seconds.
􁁛  Test "cancelled observation unregisters once and ignores late notification" with 2 test cases passed after 0.001 seconds.
􁁛  Test "notification before registration returns resolves once and retires its token" with 2 test cases passed after 0.001 seconds.
􁁛  Test "resolved observation ignores duplicate and late notifications" with 2 test cases passed after 0.001 seconds.
􁁛  Test "production identities fail closed while both injected host seams compile" passed after 0.001 seconds.
􁁛  Test "notification-first terminal completion wins exactly once" with 2 test cases passed after 0.001 seconds.
􁁛  Test "terminal status present before registration resolves without waiting" with 2 test cases passed after 0.001 seconds.
􁁛  Test "exact ownership predicate never mutates unrelated or wrong-type managers" passed after 0.001 seconds.
􁁛  Test "unmarked and type-confused provider lookalikes are zero-write conflicts" passed after 0.001 seconds.
􁁛  Test "ensure preserves an existing enabled state while replacing all noncanonical fields" passed after 0.001 seconds.
􁁛  Test "future owned configuration is preserved and corruption is repaired only by ensure" passed after 0.001 seconds.
􁁛  Test "save verification uses a distinct reload and rejects noncanonical persistence" passed after 0.001 seconds.
􁁛  Test "nil manager collection fails closed without constructing or writing" passed after 0.001 seconds.
􁁛  Test "enable is explicit and reports the enterprise VPN system effect" passed after 0.001 seconds.
􁁛  Test "already enabled still follows explicit save and fresh reload verification" passed after 0.001 seconds.
􁁛  Test "inactive duplicate repair removes exact owned managers only and recreates one" passed after 0.001 seconds.
􁁛  Test "a stale save retries once with a freshly loaded manager" passed after 0.001 seconds.
􁁛  Test "zero and one owned ensure converge without enabling" passed after 0.001 seconds.
􁁛  Test "enable rejects every active session transition without writes" passed after 0.002 seconds.
􁁛  Test "a second stale save maps to concurrent modification" passed after 0.002 seconds.
􁁛  Test "authorization and saved-but-reload-failed results are stable" passed after 0.002 seconds.
􁁛  Test "stale enable retries revalidate unrelated unmarked and future replacements" passed after 0.002 seconds.
􁁛  Test "disable and removal stop active sessions before preference writes" passed after 0.001 seconds.
􁁛  Test "every positive future manager version is preserved without writes" passed after 0.001 seconds.
􁁛  Test "stop timeout prevents disable and preference save" passed after 0.002 seconds.
􁁛  Test "timeout retires a load token and ignores its late callback" passed after 0.002 seconds.
􁁛  Test "cancellation retires a load token and ignores its late callback" passed after 0.002 seconds.
􁁛  Test "concurrent zero-manager ensure saves one canonical manager" passed after 0.002 seconds.
􁁛  Test "active duplicate and future duplicate repair paths perform zero writes" passed after 0.002 seconds.
􁁛  Test "macOS seam decodes NSNumber manager versions exactly and preserves invalid values" passed after 0.002 seconds.
􁁛  Test "iOS seam decodes NSNumber manager versions exactly and preserves invalid values" passed after 0.002 seconds.
􁁛  Test "operation gate queues every repository entry point behind an active callback" passed after 0.003 seconds.
􁁛  Test "provider configuration contains only the marker version and bounded opaque reference" passed after 0.005 seconds.
􁁛  Suite "Owned VPN manager repository" passed after 0.005 seconds.
􁁛  Test run with 33 tests in 1 suite passed after 0.005 seconds.
