current_branch=task-board/story/STORY-260715-1y04r0
head=9bf4d0892db03035b989a4c040cfee37636ff8df
remote_story=9bf4d0892db03035b989a4c040cfee37636ff8df
remote_main=b3422b05226253a17676b9b84c764071fe3dbe74
merge_base=b3422b05226253a17676b9b84c764071fe3dbe74
exact_branch_exit=0
remote_story_match_exit=0
base_match_exit=0
ahead_behind_main=0	5
ahead_behind_remote_story=0	0
Good "git" signature for oparin@me.com with ECDSA key SHA256:V6JiKG7J29mjsvikcLoSVp0bLa77VTsFy12gnLO81cM
verify_commit 12b1a72e0d9d76712ab5bca75bdbd828a08ada1b exit=0
Good "git" signature for oparin@me.com with ECDSA key SHA256:V6JiKG7J29mjsvikcLoSVp0bLa77VTsFy12gnLO81cM
verify_commit 5d47bca7b5742dc97d41510081b10968dc281b22 exit=0
Good "git" signature for oparin@me.com with ECDSA key SHA256:V6JiKG7J29mjsvikcLoSVp0bLa77VTsFy12gnLO81cM
verify_commit 8b49b792541339d82408804988d9b4a4778297ac exit=0
Good "git" signature for oparin@me.com with ECDSA key SHA256:V6JiKG7J29mjsvikcLoSVp0bLa77VTsFy12gnLO81cM
verify_commit de5f11fec32edc353c8563ad1500609190b2aed9 exit=0
Good "git" signature for oparin@me.com with ECDSA key SHA256:V6JiKG7J29mjsvikcLoSVp0bLa77VTsFy12gnLO81cM
verify_commit 9bf4d0892db03035b989a4c040cfee37636ff8df exit=0
candidate_tree=0ca11378213cc02a78eeac937f94aef6c5209545
story_delta_paths=42
git_diff_check_exit=0
## task-board/story/STORY-260715-1y04r0...origin/task-board/story/STORY-260715-1y04r0
 M LOGBOOK.md
 M scripts/tests/test-credential-free-validation.sh
 M task-board.config.json
