[0/1] Planning build
Building for debugging...
[0/8] Write sources
[1/8] Write swift-version-45881B103DA9D485.txt
[3/9] Emitting module ReluxTunnelHarnessSupport
[4/7] Emitting module ReluxTunnelNativeAdapterTests
[5/7] Compiling ReluxTunnelNativeAdapterTests HEVBridgeIntegrationTests.swift
[5/7] Write Objects.LinkFileList
ld: warning: reducing alignment of section __DATA,__common from 0x8000 to 0x4000 because it exceeds segment maximum alignment
[6/7] Linking ReluxTunnelPackageTests
Build complete! (3.78s)
Test Suite 'Selected tests' started at 2026-08-27 07:21:03.873.
Test Suite 'ReluxTunnelPackageTests.xctest' started at 2026-08-27 07:21:03.880.
Test Suite 'ReluxTunnelPackageTests.xctest' passed at 2026-08-27 07:21:03.880.
	 Executed 0 tests, with 0 failures (0 unexpected) in 0.000 (0.000) seconds
Test Suite 'Selected tests' passed at 2026-08-27 07:21:03.880.
	 Executed 0 tests, with 0 failures (0 unexpected) in 0.000 (0.007) seconds
􀟈  Test run started.
􀄵  Testing Library Version: 1902
􀄵  Target Platform: arm64e-apple-macos14.0
􀟈  Suite "Pinned HEV integration" started.
􀟈  Test "physical Mac HEV memory and concurrency matrix emits bounded raw evidence" started.
􀢄  Test "physical Mac HEV memory and concurrency matrix emits bounded raw evidence" recorded an issue at HEVBridgeIntegrationTests.swift:242:4: Caught error: physical footprint was non-decreasing with at least one increase after the fixed 10-cycle warmup: net=163840, increase/equal/decrease=7/82/0
􀢄  Test "physical Mac HEV memory and concurrency matrix emits bounded raw evidence" failed after 5.245 seconds with 1 issue.
􀢄  Suite "Pinned HEV integration" failed after 5.245 seconds with 1 issue.
􀢄  Test run with 1 test in 1 suite failed after 5.245 seconds with 1 issue.
