[0/1] Planning build
Building for debugging...
[0/7] Write swift-version-45881B103DA9D485.txt
[2/7] Emitting module ReluxTunnelHarnessSupport
[3/5] Emitting module ReluxTunnelNativeAdapterTests
ld: warning: reducing alignment of section __DATA,__common from 0x8000 to 0x4000 because it exceeds segment maximum alignment
[3/4] Linking ReluxTunnelPackageTests
Build complete! (4.83s)
Test Suite 'Selected tests' started at 2026-08-27 08:23:12.948.
Test Suite 'ReluxTunnelPackageTests.xctest' started at 2026-08-27 08:23:12.955.
Test Suite 'ReluxTunnelPackageTests.xctest' passed at 2026-08-27 08:23:12.956.
	 Executed 0 tests, with 0 failures (0 unexpected) in 0.000 (0.000) seconds
Test Suite 'Selected tests' passed at 2026-08-27 08:23:12.956.
	 Executed 0 tests, with 0 failures (0 unexpected) in 0.000 (0.007) seconds
􀟈  Test run started.
􀄵  Testing Library Version: 1902
􀄵  Target Platform: arm64e-apple-macos14.0
􀟈  Suite "Pinned HEV integration" started.
􀟈  Test "physical Mac HEV memory and concurrency matrix emits bounded raw evidence" started.
􀢄  Test "physical Mac HEV memory and concurrency matrix emits bounded raw evidence" recorded an issue at HEVBridgeIntegrationTests.swift:287:4: Caught error: .mismatch("RELUX_CANDIDATE_TREE_OID does not match the independently resolved working tree")
􀢄  Test "physical Mac HEV memory and concurrency matrix emits bounded raw evidence" failed after 7.672 seconds with 1 issue.
􀢄  Suite "Pinned HEV integration" failed after 7.672 seconds with 1 issue.
􀢄  Test run with 1 test in 1 suite failed after 7.672 seconds with 1 issue.
