[0/1] Planning build
Building for debugging...
[0/6] Write swift-version-45881B103DA9D485.txt
[2/3] Emitting module ReluxTunnelNativeAdapterTests
Build complete! (0.82s)
Test Suite 'Selected tests' started at 2026-08-27 08:04:44.814.
Test Suite 'ReluxTunnelPackageTests.xctest' started at 2026-08-27 08:04:44.821.
Test Suite 'ReluxTunnelPackageTests.xctest' passed at 2026-08-27 08:04:44.821.
	 Executed 0 tests, with 0 failures (0 unexpected) in 0.000 (0.000) seconds
Test Suite 'Selected tests' passed at 2026-08-27 08:04:44.821.
	 Executed 0 tests, with 0 failures (0 unexpected) in 0.000 (0.007) seconds
􀟈  Test run started.
􀄵  Testing Library Version: 1902
􀄵  Target Platform: arm64e-apple-macos14.0
􀟈  Suite "Pinned HEV integration" started.
􀟈  Test "physical Mac HEV memory and concurrency matrix emits bounded raw evidence" started.
􀢄  Test "physical Mac HEV memory and concurrency matrix emits bounded raw evidence" recorded an issue at HEVBridgeIntegrationTests.swift:287:4: Caught error: physical footprint did not prove bounded convergence: samples=490, post-warmup net/max-drawup=180224/180224, trailing net/max-drawup=0/0, trailing increase/equal/decrease=0/0/0, ceiling=262144
􀢄  Test "physical Mac HEV memory and concurrency matrix emits bounded raw evidence" failed after 20.356 seconds with 1 issue.
􀢄  Suite "Pinned HEV integration" failed after 20.356 seconds with 1 issue.
􀢄  Test run with 1 test in 1 suite failed after 20.357 seconds with 1 issue.
