[0/1] Planning build
Building for debugging...
[0/8] Write swift-version-45881B103DA9D485.txt
[2/7] Emitting module ReluxTunnelHarnessTests
[3/7] Emitting module ReluxTunnelNativeAdapterTests
ld: warning: reducing alignment of section __DATA,__common from 0x8000 to 0x4000 because it exceeds segment maximum alignment
[3/6] Linking ReluxTunnelHarness
[4/6] Applying ReluxTunnelHarness
ld: warning: reducing alignment of section __DATA,__common from 0x8000 to 0x4000 because it exceeds segment maximum alignment
[5/6] Linking ReluxTunnelPackageTests
Build complete! (6.14s)
Test Suite 'Selected tests' started at 2026-08-27 08:23:32.483.
Test Suite 'ReluxTunnelPackageTests.xctest' started at 2026-08-27 08:23:32.491.
Test Suite 'ReluxTunnelPackageTests.xctest' passed at 2026-08-27 08:23:32.491.
	 Executed 0 tests, with 0 failures (0 unexpected) in 0.000 (0.000) seconds
Test Suite 'Selected tests' passed at 2026-08-27 08:23:32.492.
	 Executed 0 tests, with 0 failures (0 unexpected) in 0.000 (0.009) seconds
􀟈  Test run started.
􀄵  Testing Library Version: 1902
􀄵  Target Platform: arm64e-apple-macos14.0
􀟈  Suite "Pinned HEV integration" started.
􀟈  Test "production matrix emission gate preserves evidence before refusing" started.
􁁛  Test "production matrix emission gate preserves evidence before refusing" passed after 0.001 seconds.
􁁛  Suite "Pinned HEV integration" passed after 0.001 seconds.
􁁛  Test run with 1 test in 1 suite passed after 0.001 seconds.
