mode: set
relayprotocolsmoke/protocol/codec.go:73.37,74.14 1 1
relayprotocolsmoke/protocol/codec.go:74.14,76.3 1 0
relayprotocolsmoke/protocol/codec.go:77.2,80.3 1 1
relayprotocolsmoke/protocol/codec.go:83.70,90.2 1 1
relayprotocolsmoke/protocol/codec.go:108.99,109.73 1 1
relayprotocolsmoke/protocol/codec.go:109.73,111.3 1 1
relayprotocolsmoke/protocol/codec.go:112.2,112.64 1 1
relayprotocolsmoke/protocol/codec.go:112.64,114.3 1 1
relayprotocolsmoke/protocol/codec.go:115.2,116.35 2 1
relayprotocolsmoke/protocol/codec.go:116.35,118.3 1 1
relayprotocolsmoke/protocol/codec.go:119.2,119.28 1 1
relayprotocolsmoke/protocol/codec.go:129.50,130.25 1 1
relayprotocolsmoke/protocol/codec.go:130.25,132.3 1 0
relayprotocolsmoke/protocol/codec.go:133.2,133.41 1 1
relayprotocolsmoke/protocol/codec.go:136.43,138.2 1 1
relayprotocolsmoke/protocol/codec.go:140.42,144.2 3 1
relayprotocolsmoke/protocol/codec.go:159.35,160.80 1 1
relayprotocolsmoke/protocol/codec.go:160.80,162.3 1 0
relayprotocolsmoke/protocol/codec.go:163.2,163.96 1 1
relayprotocolsmoke/protocol/codec.go:163.96,165.3 1 0
relayprotocolsmoke/protocol/codec.go:166.2,171.8 1 1
relayprotocolsmoke/protocol/codec.go:174.50,176.2 1 1
relayprotocolsmoke/protocol/codec.go:178.82,180.20 2 1
relayprotocolsmoke/protocol/codec.go:180.20,183.3 2 0
relayprotocolsmoke/protocol/codec.go:184.2,191.120 2 1
relayprotocolsmoke/protocol/codec.go:191.120,194.3 2 1
relayprotocolsmoke/protocol/codec.go:196.2,203.21 8 1
relayprotocolsmoke/protocol/codec.go:234.35,235.80 1 1
relayprotocolsmoke/protocol/codec.go:235.80,237.3 1 0
relayprotocolsmoke/protocol/codec.go:238.2,238.96 1 1
relayprotocolsmoke/protocol/codec.go:238.96,240.3 1 0
relayprotocolsmoke/protocol/codec.go:241.2,247.8 1 1
relayprotocolsmoke/protocol/codec.go:250.50,252.2 1 1
relayprotocolsmoke/protocol/codec.go:257.50,259.2 1 1
relayprotocolsmoke/protocol/codec.go:261.75,262.30 1 1
relayprotocolsmoke/protocol/codec.go:262.30,264.3 1 1
relayprotocolsmoke/protocol/codec.go:265.2,265.29 1 1
relayprotocolsmoke/protocol/codec.go:265.29,266.22 1 1
relayprotocolsmoke/protocol/codec.go:266.22,268.4 1 1
relayprotocolsmoke/protocol/codec.go:269.3,270.80 2 1
relayprotocolsmoke/protocol/codec.go:272.2,272.21 1 1
relayprotocolsmoke/protocol/codec.go:272.21,274.3 1 1
relayprotocolsmoke/protocol/codec.go:276.2,280.30 5 1
relayprotocolsmoke/protocol/codec.go:280.30,282.20 2 1
relayprotocolsmoke/protocol/codec.go:282.20,286.42 4 1
relayprotocolsmoke/protocol/codec.go:286.42,288.52 2 1
relayprotocolsmoke/protocol/codec.go:288.52,290.6 1 1
relayprotocolsmoke/protocol/codec.go:292.4,292.12 1 1
relayprotocolsmoke/protocol/codec.go:295.3,295.34 1 1
relayprotocolsmoke/protocol/codec.go:295.34,297.4 1 0
relayprotocolsmoke/protocol/codec.go:298.3,301.64 4 1
relayprotocolsmoke/protocol/codec.go:301.64,303.60 2 1
relayprotocolsmoke/protocol/codec.go:303.60,305.5 1 1
relayprotocolsmoke/protocol/codec.go:306.4,306.28 1 1
relayprotocolsmoke/protocol/codec.go:308.3,308.34 1 1
relayprotocolsmoke/protocol/codec.go:308.34,311.22 3 1
relayprotocolsmoke/protocol/codec.go:311.22,313.5 1 0
relayprotocolsmoke/protocol/codec.go:314.4,314.34 1 1
relayprotocolsmoke/protocol/codec.go:317.2,317.20 1 1
relayprotocolsmoke/protocol/codec.go:320.53,321.30 1 1
relayprotocolsmoke/protocol/codec.go:321.30,323.3 1 0
relayprotocolsmoke/protocol/codec.go:324.2,324.29 1 1
relayprotocolsmoke/protocol/codec.go:324.29,326.3 1 1
relayprotocolsmoke/protocol/codec.go:327.2,327.63 1 1
relayprotocolsmoke/protocol/codec.go:327.63,329.3 1 1
relayprotocolsmoke/protocol/codec.go:330.2,331.12 2 1
relayprotocolsmoke/protocol/codec.go:334.48,335.30 1 1
relayprotocolsmoke/protocol/codec.go:335.30,337.3 1 0
relayprotocolsmoke/protocol/codec.go:338.2,338.29 1 1
relayprotocolsmoke/protocol/codec.go:338.29,340.3 1 0
relayprotocolsmoke/protocol/codec.go:341.2,341.69 1 1
relayprotocolsmoke/protocol/codec.go:344.35,349.2 4 1
relayprotocolsmoke/protocol/codec.go:351.54,352.40 1 1
relayprotocolsmoke/protocol/codec.go:352.40,354.3 1 0
relayprotocolsmoke/protocol/codec.go:355.2,356.29 2 1
relayprotocolsmoke/protocol/codec.go:356.29,358.3 1 1
relayprotocolsmoke/protocol/codec.go:359.2,359.29 1 1
relayprotocolsmoke/protocol/codec.go:359.29,361.3 1 1
relayprotocolsmoke/protocol/codec.go:362.2,362.39 1 1
relayprotocolsmoke/protocol/codec.go:362.39,364.3 1 0
relayprotocolsmoke/protocol/codec.go:365.2,368.69 4 1
relayprotocolsmoke/protocol/codec.go:368.69,370.3 1 1
relayprotocolsmoke/protocol/codec.go:371.2,371.12 1 1
relayprotocolsmoke/protocol/codec.go:374.63,375.95 1 1
relayprotocolsmoke/protocol/codec.go:375.95,377.3 1 0
relayprotocolsmoke/protocol/codec.go:378.2,379.46 2 1
relayprotocolsmoke/protocol/codec.go:379.46,381.3 1 1
relayprotocolsmoke/protocol/codec.go:382.2,394.3 2 1
relayprotocolsmoke/protocol/codec.go:397.72,398.72 1 1
relayprotocolsmoke/protocol/codec.go:398.72,400.3 1 0
relayprotocolsmoke/protocol/codec.go:401.2,412.19 7 1
relayprotocolsmoke/protocol/codec.go:415.69,423.2 7 1
relayprotocolsmoke/protocol/codec.go:429.15,433.2 3 1
relayprotocolsmoke/protocol/codec.go:435.42,442.2 6 1
relayprotocolsmoke/protocol/codec.go:444.51,446.59 2 1
relayprotocolsmoke/protocol/codec.go:446.59,448.3 1 1
relayprotocolsmoke/protocol/codec.go:456.15,457.51 1 1
relayprotocolsmoke/protocol/codec.go:457.51,459.3 1 1
relayprotocolsmoke/protocol/codec.go:460.2,463.54 1 1
relayprotocolsmoke/protocol/codec.go:463.54,465.3 1 1
relayprotocolsmoke/protocol/codec.go:466.2,467.9 2 1
relayprotocolsmoke/protocol/codec.go:467.9,469.3 1 0
relayprotocolsmoke/protocol/codec.go:470.2,471.103 1 1
relayprotocolsmoke/protocol/codec.go:471.103,473.3 1 1
relayprotocolsmoke/protocol/codec.go:474.2,475.86 1 1
relayprotocolsmoke/protocol/codec.go:475.86,477.3 1 1
relayprotocolsmoke/protocol/codec.go:478.2,478.106 1 1
relayprotocolsmoke/protocol/codec.go:478.106,480.3 1 1
relayprotocolsmoke/protocol/codec.go:481.2,481.22 1 1
relayprotocolsmoke/protocol/codec.go:481.22,482.45 1 1
relayprotocolsmoke/protocol/codec.go:482.45,484.4 1 1
relayprotocolsmoke/protocol/codec.go:486.2,486.12 1 1
relayprotocolsmoke/protocol/codec.go:489.71,490.48 1 1
relayprotocolsmoke/protocol/codec.go:490.48,491.35 1 1
relayprotocolsmoke/protocol/codec.go:491.35,493.4 1 1
relayprotocolsmoke/protocol/codec.go:495.2,495.33 1 1
relayprotocolsmoke/protocol/codec.go:498.63,500.2 1 1
relayprotocolsmoke/protocol/codec.go:502.19,504.2 1 1
relayprotocolsmoke/protocol/codec.go:563.40,564.14 1 1
relayprotocolsmoke/protocol/codec.go:564.14,566.3 1 0
relayprotocolsmoke/protocol/codec.go:567.2,570.3 1 1
relayprotocolsmoke/protocol/codec.go:588.85,589.91 1 1
relayprotocolsmoke/protocol/codec.go:589.91,591.3 1 1
relayprotocolsmoke/protocol/codec.go:592.2,592.72 1 1
relayprotocolsmoke/protocol/codec.go:595.55,597.2 1 0
relayprotocolsmoke/protocol/codec.go:599.56,601.2 1 1
relayprotocolsmoke/protocol/codec.go:609.25,610.91 1 1
relayprotocolsmoke/protocol/codec.go:610.91,612.3 1 0
relayprotocolsmoke/protocol/codec.go:613.2,614.20 2 1
relayprotocolsmoke/protocol/codec.go:614.20,616.3 1 1
relayprotocolsmoke/protocol/codec.go:617.2,618.54 1 1
relayprotocolsmoke/protocol/codec.go:618.54,620.3 1 1
relayprotocolsmoke/protocol/codec.go:621.2,621.56 1 1
relayprotocolsmoke/protocol/codec.go:621.56,626.3 1 1
relayprotocolsmoke/protocol/codec.go:627.2,627.47 1 1
relayprotocolsmoke/protocol/codec.go:627.47,632.3 1 1
relayprotocolsmoke/protocol/codec.go:633.2,634.46 2 1
relayprotocolsmoke/protocol/codec.go:634.46,636.3 1 0
relayprotocolsmoke/protocol/codec.go:637.2,637.31 1 1
relayprotocolsmoke/protocol/codec.go:640.76,646.20 2 1
relayprotocolsmoke/protocol/codec.go:646.20,649.3 2 0
relayprotocolsmoke/protocol/codec.go:650.2,657.57 7 1
relayprotocolsmoke/protocol/codec.go:657.57,660.3 2 1
relayprotocolsmoke/protocol/codec.go:661.2,668.20 7 1
relayprotocolsmoke/protocol/codec.go:674.74,678.20 4 1
relayprotocolsmoke/protocol/codec.go:678.20,681.3 2 1
relayprotocolsmoke/protocol/codec.go:683.2,694.20 6 1
relayprotocolsmoke/protocol/codec.go:705.108,706.21 1 1
relayprotocolsmoke/protocol/codec.go:706.21,711.3 1 1
relayprotocolsmoke/protocol/codec.go:712.2,715.106 4 1
relayprotocolsmoke/protocol/codec.go:715.106,720.3 1 1
relayprotocolsmoke/protocol/codec.go:721.2,724.21 4 1
relayprotocolsmoke/protocol/codec.go:725.23,727.39 2 1
relayprotocolsmoke/protocol/codec.go:728.23,730.39 2 1
relayprotocolsmoke/protocol/codec.go:731.25,732.22 1 1
relayprotocolsmoke/protocol/codec.go:732.22,737.4 1 1
relayprotocolsmoke/protocol/codec.go:738.3,740.79 3 1
relayprotocolsmoke/protocol/codec.go:740.79,745.4 1 1
relayprotocolsmoke/protocol/codec.go:746.3,746.61 1 1
relayprotocolsmoke/protocol/codec.go:748.2,748.42 1 1
relayprotocolsmoke/protocol/codec.go:748.42,753.3 1 1
relayprotocolsmoke/protocol/codec.go:754.2,755.30 2 1
relayprotocolsmoke/protocol/codec.go:755.30,760.3 1 1
relayprotocolsmoke/protocol/codec.go:761.2,762.27 2 1
relayprotocolsmoke/protocol/codec.go:762.27,767.3 1 1
relayprotocolsmoke/protocol/codec.go:768.2,768.29 1 1
relayprotocolsmoke/protocol/codec.go:768.29,773.3 1 0
relayprotocolsmoke/protocol/codec.go:774.2,775.15 2 1
relayprotocolsmoke/protocol/codec.go:775.15,780.3 1 1
relayprotocolsmoke/protocol/codec.go:781.2,782.42 2 1
relayprotocolsmoke/protocol/codec.go:782.42,787.3 1 1
relayprotocolsmoke/protocol/codec.go:788.2,788.43 1 1
relayprotocolsmoke/protocol/codec.go:788.43,793.3 1 0
relayprotocolsmoke/protocol/codec.go:794.2,794.47 1 1
relayprotocolsmoke/protocol/codec.go:794.47,799.3 1 0
relayprotocolsmoke/protocol/codec.go:800.2,800.56 1 1
relayprotocolsmoke/protocol/codec.go:800.56,805.3 1 1
relayprotocolsmoke/protocol/codec.go:806.2,806.49 1 1
relayprotocolsmoke/protocol/codec.go:806.49,808.3 1 1
relayprotocolsmoke/protocol/codec.go:809.2,815.8 1 1
relayprotocolsmoke/protocol/codec.go:818.72,819.73 1 1
relayprotocolsmoke/protocol/codec.go:819.73,826.3 1 1
relayprotocolsmoke/protocol/codec.go:827.2,827.12 1 1
relayprotocolsmoke/protocol/codec.go:830.101,831.24 1 1
relayprotocolsmoke/protocol/codec.go:831.24,833.3 1 1
relayprotocolsmoke/protocol/codec.go:834.2,834.31 1 1
relayprotocolsmoke/protocol/codec.go:835.23,836.39 1 1
relayprotocolsmoke/protocol/codec.go:836.39,838.4 1 1
relayprotocolsmoke/protocol/codec.go:839.3,839.28 1 1
relayprotocolsmoke/protocol/codec.go:840.23,841.40 1 1
relayprotocolsmoke/protocol/codec.go:841.40,843.4 1 1
relayprotocolsmoke/protocol/codec.go:844.3,844.28 1 1
relayprotocolsmoke/protocol/codec.go:845.25,847.53 1 1
relayprotocolsmoke/protocol/codec.go:847.53,849.4 1 1
relayprotocolsmoke/protocol/codec.go:850.3,850.64 1 1
relayprotocolsmoke/protocol/codec.go:851.10,852.71 1 1
relayprotocolsmoke/protocol/codec.go:856.90,863.2 1 1
relayprotocolsmoke/protocol/codec.go:865.90,872.2 1 1
relayprotocolsmoke/protocol/codec.go:874.49,881.2 1 1
relayprotocolsmoke/protocol/handshake.go:37.59,49.2 1 1
relayprotocolsmoke/protocol/handshake.go:107.41,108.14 1 1
relayprotocolsmoke/protocol/handshake.go:108.14,110.3 1 0
relayprotocolsmoke/protocol/handshake.go:111.2,111.32 1 1
relayprotocolsmoke/protocol/handshake.go:111.32,116.3 1 0
relayprotocolsmoke/protocol/handshake.go:117.2,120.3 1 1
relayprotocolsmoke/protocol/handshake.go:123.86,130.2 1 1
relayprotocolsmoke/protocol/handshake.go:132.87,136.2 3 1
relayprotocolsmoke/protocol/handshake.go:138.59,139.91 1 1
relayprotocolsmoke/protocol/handshake.go:139.91,141.3 1 1
relayprotocolsmoke/protocol/handshake.go:142.2,142.111 1 1
relayprotocolsmoke/protocol/handshake.go:142.111,144.3 1 1
relayprotocolsmoke/protocol/handshake.go:145.2,145.109 1 1
relayprotocolsmoke/protocol/handshake.go:145.109,147.3 1 1
relayprotocolsmoke/protocol/handshake.go:148.2,148.141 1 1
relayprotocolsmoke/protocol/handshake.go:148.141,150.3 1 1
relayprotocolsmoke/protocol/handshake.go:151.2,151.121 1 1
relayprotocolsmoke/protocol/handshake.go:151.121,153.3 1 1
relayprotocolsmoke/protocol/handshake.go:154.2,154.172 1 1
relayprotocolsmoke/protocol/handshake.go:154.172,156.3 1 1
relayprotocolsmoke/protocol/handshake.go:157.2,157.109 1 1
relayprotocolsmoke/protocol/handshake.go:157.109,159.3 1 1
relayprotocolsmoke/protocol/handshake.go:160.2,160.109 1 1
relayprotocolsmoke/protocol/handshake.go:160.109,162.3 1 1
relayprotocolsmoke/protocol/handshake.go:163.2,163.59 1 1
relayprotocolsmoke/protocol/handshake.go:163.59,165.3 1 1
relayprotocolsmoke/protocol/handshake.go:166.2,166.12 1 1
relayprotocolsmoke/protocol/handshake.go:220.39,221.50 1 1
relayprotocolsmoke/protocol/handshake.go:221.50,223.3 1 0
relayprotocolsmoke/protocol/handshake.go:224.2,224.18 1 1
relayprotocolsmoke/protocol/handshake.go:224.18,226.3 1 1
relayprotocolsmoke/protocol/handshake.go:227.2,232.8 1 1
relayprotocolsmoke/protocol/handshake.go:235.103,236.32 1 1
relayprotocolsmoke/protocol/handshake.go:236.32,238.3 1 1
relayprotocolsmoke/protocol/handshake.go:239.2,239.38 1 1
relayprotocolsmoke/protocol/handshake.go:239.38,241.3 1 0
relayprotocolsmoke/protocol/handshake.go:242.2,242.41 1 1
relayprotocolsmoke/protocol/handshake.go:242.41,243.22 1 1
relayprotocolsmoke/protocol/handshake.go:243.22,245.4 1 0
relayprotocolsmoke/protocol/handshake.go:246.3,247.34 2 1
relayprotocolsmoke/protocol/handshake.go:247.34,249.4 1 1
relayprotocolsmoke/protocol/handshake.go:250.3,250.69 1 1
relayprotocolsmoke/protocol/handshake.go:252.2,252.29 1 1
relayprotocolsmoke/protocol/handshake.go:252.29,254.3 1 1
relayprotocolsmoke/protocol/handshake.go:256.2,260.36 5 1
relayprotocolsmoke/protocol/handshake.go:260.36,265.3 1 1
relayprotocolsmoke/protocol/handshake.go:267.2,268.20 2 1
relayprotocolsmoke/protocol/handshake.go:268.20,270.50 2 1
relayprotocolsmoke/protocol/handshake.go:270.50,272.4 1 1
relayprotocolsmoke/protocol/handshake.go:273.3,274.35 2 1
relayprotocolsmoke/protocol/handshake.go:277.2,278.47 2 1
relayprotocolsmoke/protocol/handshake.go:278.47,280.3 1 1
relayprotocolsmoke/protocol/handshake.go:281.2,284.37 4 1
relayprotocolsmoke/protocol/handshake.go:284.37,286.3 1 1
relayprotocolsmoke/protocol/handshake.go:287.2,310.3 6 1
relayprotocolsmoke/protocol/handshake.go:313.46,314.21 1 1
relayprotocolsmoke/protocol/handshake.go:314.21,316.3 1 1
relayprotocolsmoke/protocol/handshake.go:317.2,318.64 2 1
relayprotocolsmoke/protocol/handshake.go:321.78,323.2 1 1
relayprotocolsmoke/protocol/handshake.go:325.74,327.2 1 1
relayprotocolsmoke/protocol/handshake.go:329.73,331.2 1 1
relayprotocolsmoke/protocol/handshake.go:337.23,338.32 1 1
relayprotocolsmoke/protocol/handshake.go:338.32,340.3 1 1
relayprotocolsmoke/protocol/handshake.go:341.2,341.41 1 1
relayprotocolsmoke/protocol/handshake.go:341.41,343.3 1 0
relayprotocolsmoke/protocol/handshake.go:344.2,344.38 1 1
relayprotocolsmoke/protocol/handshake.go:344.38,346.3 1 0
relayprotocolsmoke/protocol/handshake.go:347.2,347.51 1 1
relayprotocolsmoke/protocol/handshake.go:350.91,360.2 4 1
relayprotocolsmoke/protocol/handshake.go:362.41,365.2 2 1
relayprotocolsmoke/protocol/handshake.go:367.104,368.35 1 1
relayprotocolsmoke/protocol/handshake.go:368.35,370.3 1 1
relayprotocolsmoke/protocol/handshake.go:371.2,371.35 1 1
relayprotocolsmoke/protocol/handshake.go:371.35,373.3 1 1
relayprotocolsmoke/protocol/handshake.go:374.2,374.75 1 1
relayprotocolsmoke/protocol/handshake.go:374.75,376.3 1 1
relayprotocolsmoke/protocol/handshake.go:377.2,382.34 2 1
relayprotocolsmoke/protocol/handshake.go:382.34,384.3 1 1
relayprotocolsmoke/protocol/handshake.go:385.2,385.45 1 1
relayprotocolsmoke/protocol/handshake.go:385.45,387.3 1 1
relayprotocolsmoke/protocol/handshake.go:388.2,388.122 1 1
relayprotocolsmoke/protocol/handshake.go:388.122,390.3 1 1
relayprotocolsmoke/protocol/handshake.go:391.2,391.50 1 1
relayprotocolsmoke/protocol/handshake.go:391.50,393.3 1 0
relayprotocolsmoke/protocol/handshake.go:394.2,394.19 1 1
relayprotocolsmoke/protocol/handshake.go:402.26,410.2 7 1
relayprotocolsmoke/protocol/handshake.go:412.71,413.31 1 1
relayprotocolsmoke/protocol/handshake.go:413.31,414.25 1 1
relayprotocolsmoke/protocol/handshake.go:414.25,416.4 1 1
relayprotocolsmoke/protocol/handshake.go:418.2,418.67 1 0
relayprotocolsmoke/protocol/session.go:16.59,17.28 1 1
relayprotocolsmoke/protocol/session.go:17.28,19.3 1 1
relayprotocolsmoke/protocol/session.go:20.2,20.30 1 1
relayprotocolsmoke/protocol/session.go:23.60,24.28 1 1
relayprotocolsmoke/protocol/session.go:24.28,26.3 1 1
relayprotocolsmoke/protocol/session.go:27.2,27.30 1 1
relayprotocolsmoke/protocol/session.go:64.53,68.2 3 1
relayprotocolsmoke/protocol/session.go:70.54,72.48 2 1
relayprotocolsmoke/protocol/session.go:72.48,75.49 3 1
relayprotocolsmoke/protocol/session.go:75.49,78.4 2 1
relayprotocolsmoke/protocol/session.go:79.3,81.24 3 1
relayprotocolsmoke/protocol/session.go:82.31,84.64 2 1
relayprotocolsmoke/protocol/session.go:85.28,86.58 1 1
relayprotocolsmoke/protocol/session.go:87.24,88.38 1 1
relayprotocolsmoke/protocol/session.go:89.24,89.24 0 1
relayprotocolsmoke/protocol/session.go:90.36,92.47 2 1
relayprotocolsmoke/protocol/session.go:93.32,95.43 2 1
relayprotocolsmoke/protocol/session.go:97.3,105.5 1 1
relayprotocolsmoke/protocol/session.go:107.2,107.15 1 1
relayprotocolsmoke/protocol/session.go:110.75,111.50 1 1
relayprotocolsmoke/protocol/session.go:111.50,112.37 1 1
relayprotocolsmoke/protocol/session.go:112.37,114.4 1 1
relayprotocolsmoke/protocol/session.go:116.2,116.35 1 0
relayprotocolsmoke/protocol/session.go:160.39,161.14 1 1
relayprotocolsmoke/protocol/session.go:161.14,163.3 1 0
relayprotocolsmoke/protocol/session.go:164.2,167.3 1 1
relayprotocolsmoke/protocol/session.go:170.83,177.2 1 1
relayprotocolsmoke/protocol/session.go:259.49,261.2 1 1
relayprotocolsmoke/protocol/session.go:263.44,265.2 1 1
relayprotocolsmoke/protocol/session.go:292.29,293.59 1 1
relayprotocolsmoke/protocol/session.go:293.59,295.3 1 0
relayprotocolsmoke/protocol/session.go:296.2,297.31 2 1
relayprotocolsmoke/protocol/session.go:297.31,299.3 1 1
relayprotocolsmoke/protocol/session.go:300.2,300.103 1 1
relayprotocolsmoke/protocol/session.go:300.103,302.3 1 0
relayprotocolsmoke/protocol/session.go:303.2,309.25 2 1
relayprotocolsmoke/protocol/session.go:309.25,311.3 1 0
relayprotocolsmoke/protocol/session.go:312.2,313.28 2 1
relayprotocolsmoke/protocol/session.go:313.28,315.3 1 0
relayprotocolsmoke/protocol/session.go:316.2,328.8 1 1
relayprotocolsmoke/protocol/session.go:331.44,331.67 1 0
relayprotocolsmoke/protocol/session.go:332.44,332.61 1 0
relayprotocolsmoke/protocol/session.go:333.44,333.62 1 0
relayprotocolsmoke/protocol/session.go:334.44,334.64 1 1
relayprotocolsmoke/protocol/session.go:336.72,337.32 1 1
relayprotocolsmoke/protocol/session.go:337.32,339.3 1 0
relayprotocolsmoke/protocol/session.go:340.2,340.30 1 1
relayprotocolsmoke/protocol/session.go:340.30,342.3 1 0
relayprotocolsmoke/protocol/session.go:343.2,344.14 2 1
relayprotocolsmoke/protocol/session.go:344.14,346.3 1 1
relayprotocolsmoke/protocol/session.go:347.2,347.22 1 1
relayprotocolsmoke/protocol/session.go:347.22,349.3 1 1
relayprotocolsmoke/protocol/session.go:350.2,351.20 2 1
relayprotocolsmoke/protocol/session.go:351.20,353.3 1 1
relayprotocolsmoke/protocol/session.go:354.2,355.31 2 0
relayprotocolsmoke/protocol/session.go:355.31,359.26 4 0
relayprotocolsmoke/protocol/session.go:359.26,361.4 1 0
relayprotocolsmoke/protocol/session.go:363.2,364.13 2 0
relayprotocolsmoke/protocol/session.go:369.74,370.32 1 1
relayprotocolsmoke/protocol/session.go:370.32,372.3 1 0
relayprotocolsmoke/protocol/session.go:373.2,373.30 1 1
relayprotocolsmoke/protocol/session.go:373.30,376.3 2 1
relayprotocolsmoke/protocol/session.go:377.2,377.70 1 1
relayprotocolsmoke/protocol/session.go:377.70,379.3 1 0
relayprotocolsmoke/protocol/session.go:380.2,380.32 1 1
relayprotocolsmoke/protocol/session.go:385.71,386.32 1 1
relayprotocolsmoke/protocol/session.go:386.32,388.3 1 0
relayprotocolsmoke/protocol/session.go:389.2,389.30 1 1
relayprotocolsmoke/protocol/session.go:389.30,391.3 1 0
relayprotocolsmoke/protocol/session.go:392.2,392.71 1 1
relayprotocolsmoke/protocol/session.go:392.71,394.3 1 0
relayprotocolsmoke/protocol/session.go:395.2,396.20 2 1
relayprotocolsmoke/protocol/session.go:397.30,398.74 1 1
relayprotocolsmoke/protocol/session.go:398.74,401.4 2 1
relayprotocolsmoke/protocol/session.go:402.3,403.34 2 1
relayprotocolsmoke/protocol/session.go:403.34,405.4 1 1
relayprotocolsmoke/protocol/session.go:405.9,408.4 2 1
relayprotocolsmoke/protocol/session.go:409.3,409.15 1 1
relayprotocolsmoke/protocol/session.go:409.15,412.4 2 1
relayprotocolsmoke/protocol/session.go:413.3,413.32 1 1
relayprotocolsmoke/protocol/session.go:414.35,415.66 1 0
relayprotocolsmoke/protocol/session.go:416.31,417.41 1 0
relayprotocolsmoke/protocol/session.go:418.44,421.101 1 1
relayprotocolsmoke/protocol/session.go:422.23,423.32 1 1
relayprotocolsmoke/protocol/session.go:425.2,426.13 2 1
relayprotocolsmoke/protocol/session.go:436.15,437.32 1 1
relayprotocolsmoke/protocol/session.go:437.32,439.3 1 0
relayprotocolsmoke/protocol/session.go:440.2,440.30 1 1
relayprotocolsmoke/protocol/session.go:440.30,442.3 1 0
relayprotocolsmoke/protocol/session.go:443.2,443.32 1 1
relayprotocolsmoke/protocol/session.go:443.32,445.3 1 0
relayprotocolsmoke/protocol/session.go:446.2,446.24 1 1
relayprotocolsmoke/protocol/session.go:446.24,448.3 1 0
relayprotocolsmoke/protocol/session.go:449.2,449.30 1 1
relayprotocolsmoke/protocol/session.go:449.30,451.3 1 1
relayprotocolsmoke/protocol/session.go:452.2,452.74 1 1
relayprotocolsmoke/protocol/session.go:452.74,454.3 1 1
relayprotocolsmoke/protocol/session.go:455.2,456.32 2 1
relayprotocolsmoke/protocol/session.go:456.32,458.3 1 1
relayprotocolsmoke/protocol/session.go:459.2,461.22 3 1
relayprotocolsmoke/protocol/session.go:461.22,463.3 1 0
relayprotocolsmoke/protocol/session.go:464.2,464.13 1 1
relayprotocolsmoke/protocol/session.go:469.94,470.32 1 1
relayprotocolsmoke/protocol/session.go:470.32,472.3 1 0
relayprotocolsmoke/protocol/session.go:473.2,473.30 1 1
relayprotocolsmoke/protocol/session.go:473.30,475.3 1 0
relayprotocolsmoke/protocol/session.go:476.2,476.32 1 1
relayprotocolsmoke/protocol/session.go:476.32,478.3 1 0
relayprotocolsmoke/protocol/session.go:479.2,479.24 1 1
relayprotocolsmoke/protocol/session.go:479.24,481.3 1 0
relayprotocolsmoke/protocol/session.go:482.2,484.71 3 1
relayprotocolsmoke/protocol/session.go:484.71,486.3 1 1
relayprotocolsmoke/protocol/session.go:487.2,491.13 5 1
relayprotocolsmoke/protocol/session.go:500.15,501.32 1 1
relayprotocolsmoke/protocol/session.go:501.32,503.3 1 0
relayprotocolsmoke/protocol/session.go:504.2,504.30 1 1
relayprotocolsmoke/protocol/session.go:504.30,506.3 1 0
relayprotocolsmoke/protocol/session.go:507.2,507.32 1 1
relayprotocolsmoke/protocol/session.go:507.32,509.3 1 0
relayprotocolsmoke/protocol/session.go:510.2,510.24 1 1
relayprotocolsmoke/protocol/session.go:510.24,512.3 1 0
relayprotocolsmoke/protocol/session.go:513.2,514.79 2 1
relayprotocolsmoke/protocol/session.go:514.79,517.3 2 1
relayprotocolsmoke/protocol/session.go:518.2,518.36 1 1
relayprotocolsmoke/protocol/session.go:522.89,523.32 1 1
relayprotocolsmoke/protocol/session.go:523.32,525.3 1 0
relayprotocolsmoke/protocol/session.go:526.2,526.30 1 1
relayprotocolsmoke/protocol/session.go:526.30,528.3 1 0
relayprotocolsmoke/protocol/session.go:529.2,529.32 1 1
relayprotocolsmoke/protocol/session.go:529.32,531.3 1 0
relayprotocolsmoke/protocol/session.go:532.2,532.24 1 1
relayprotocolsmoke/protocol/session.go:532.24,534.3 1 0
relayprotocolsmoke/protocol/session.go:535.2,536.32 2 1
relayprotocolsmoke/protocol/session.go:536.32,538.3 1 1
relayprotocolsmoke/protocol/session.go:539.2,542.13 4 1
relayprotocolsmoke/protocol/session.go:545.89,546.32 1 1
relayprotocolsmoke/protocol/session.go:546.32,548.3 1 0
relayprotocolsmoke/protocol/session.go:549.2,549.30 1 1
relayprotocolsmoke/protocol/session.go:549.30,551.3 1 0
relayprotocolsmoke/protocol/session.go:552.2,552.24 1 1
relayprotocolsmoke/protocol/session.go:552.24,554.3 1 0
relayprotocolsmoke/protocol/session.go:555.2,557.13 3 1
relayprotocolsmoke/protocol/session.go:560.56,561.32 1 1
relayprotocolsmoke/protocol/session.go:561.32,563.3 1 0
relayprotocolsmoke/protocol/session.go:564.2,564.30 1 1
relayprotocolsmoke/protocol/session.go:564.30,566.3 1 0
relayprotocolsmoke/protocol/session.go:567.2,570.13 4 1
relayprotocolsmoke/protocol/session.go:573.62,575.2 1 1
relayprotocolsmoke/protocol/session.go:577.57,579.2 1 1
relayprotocolsmoke/protocol/session.go:581.66,583.2 1 1
relayprotocolsmoke/protocol/session.go:585.62,586.30 1 1
relayprotocolsmoke/protocol/session.go:586.30,589.3 2 0
relayprotocolsmoke/protocol/session.go:590.2,592.20 3 1
relayprotocolsmoke/protocol/session.go:593.30,594.56 1 1
relayprotocolsmoke/protocol/session.go:595.27,598.33 3 1
relayprotocolsmoke/protocol/session.go:598.33,600.9 2 0
relayprotocolsmoke/protocol/session.go:602.3,604.30 3 1
relayprotocolsmoke/protocol/session.go:604.30,606.4 1 1
relayprotocolsmoke/protocol/session.go:607.3,611.5 1 1
relayprotocolsmoke/protocol/session.go:612.23,615.76 3 1
relayprotocolsmoke/protocol/session.go:616.23,621.5 2 1
relayprotocolsmoke/protocol/session.go:622.35,624.65 2 1
relayprotocolsmoke/protocol/session.go:625.31,627.26 2 1
relayprotocolsmoke/protocol/session.go:627.26,631.4 3 1
relayprotocolsmoke/protocol/session.go:632.3,632.43 1 1
relayprotocolsmoke/protocol/session.go:634.2,635.13 2 1
relayprotocolsmoke/protocol/session.go:638.96,640.20 2 1
relayprotocolsmoke/protocol/session.go:640.20,642.33 2 1
relayprotocolsmoke/protocol/session.go:642.33,644.4 1 1
relayprotocolsmoke/protocol/session.go:645.3,645.48 1 1
relayprotocolsmoke/protocol/session.go:645.48,647.4 1 1
relayprotocolsmoke/protocol/session.go:648.3,648.9 1 1
relayprotocolsmoke/protocol/session.go:651.2,651.33 1 1
relayprotocolsmoke/protocol/session.go:651.33,653.33 2 1
relayprotocolsmoke/protocol/session.go:653.33,657.4 3 1
relayprotocolsmoke/protocol/session.go:658.8,659.61 1 1
relayprotocolsmoke/protocol/session.go:660.28,660.28 0 1
relayprotocolsmoke/protocol/session.go:661.35,665.10 4 0
relayprotocolsmoke/protocol/session.go:666.33,670.10 4 1
relayprotocolsmoke/protocol/session.go:674.2,679.4 2 1
relayprotocolsmoke/protocol/session.go:682.74,683.22 1 1
relayprotocolsmoke/protocol/session.go:684.89,685.38 1 1
relayprotocolsmoke/protocol/session.go:686.34,687.40 1 0
relayprotocolsmoke/protocol/session.go:688.10,689.37 1 1
relayprotocolsmoke/protocol/session.go:693.88,694.48 1 1
relayprotocolsmoke/protocol/session.go:694.48,697.3 2 1
relayprotocolsmoke/protocol/session.go:698.2,699.93 2 1
relayprotocolsmoke/protocol/session.go:702.90,703.24 1 1
relayprotocolsmoke/protocol/session.go:703.24,705.3 1 0
relayprotocolsmoke/protocol/session.go:706.2,706.58 1 1
relayprotocolsmoke/protocol/session.go:706.58,707.25 1 1
relayprotocolsmoke/protocol/session.go:707.25,709.4 1 0
relayprotocolsmoke/protocol/session.go:710.3,710.28 1 1
relayprotocolsmoke/protocol/session.go:710.28,713.4 2 1
relayprotocolsmoke/protocol/session.go:714.3,714.36 1 0
relayprotocolsmoke/protocol/session.go:717.2,717.54 1 1
relayprotocolsmoke/protocol/session.go:717.54,718.28 1 1
relayprotocolsmoke/protocol/session.go:718.28,720.4 1 1
relayprotocolsmoke/protocol/session.go:722.2,722.50 1 1
relayprotocolsmoke/protocol/session.go:722.50,724.3 1 1
relayprotocolsmoke/protocol/session.go:725.2,726.28 2 1
relayprotocolsmoke/protocol/session.go:729.90,731.9 2 1
relayprotocolsmoke/protocol/session.go:731.9,733.3 1 0
relayprotocolsmoke/protocol/session.go:734.2,734.48 1 1
relayprotocolsmoke/protocol/session.go:734.48,736.3 1 0
relayprotocolsmoke/protocol/session.go:737.2,739.56 1 1
relayprotocolsmoke/protocol/session.go:739.56,741.3 1 0
relayprotocolsmoke/protocol/session.go:742.2,743.95 1 1
relayprotocolsmoke/protocol/session.go:743.95,745.3 1 0
relayprotocolsmoke/protocol/session.go:746.2,747.84 1 1
relayprotocolsmoke/protocol/session.go:747.84,749.3 1 0
relayprotocolsmoke/protocol/session.go:750.2,750.112 1 1
relayprotocolsmoke/protocol/session.go:750.112,752.3 1 0
relayprotocolsmoke/protocol/session.go:753.2,753.11 1 1
relayprotocolsmoke/protocol/session.go:756.75,757.21 1 1
relayprotocolsmoke/protocol/session.go:757.21,759.3 1 0
relayprotocolsmoke/protocol/session.go:760.2,760.69 1 1
relayprotocolsmoke/protocol/session.go:760.69,762.3 1 0
relayprotocolsmoke/protocol/session.go:763.2,763.61 1 1
relayprotocolsmoke/protocol/session.go:763.61,765.3 1 1
relayprotocolsmoke/protocol/session.go:766.2,770.32 5 1
relayprotocolsmoke/protocol/session.go:770.32,772.3 1 0
relayprotocolsmoke/protocol/session.go:773.2,773.68 1 1
relayprotocolsmoke/protocol/session.go:773.68,776.3 2 0
relayprotocolsmoke/protocol/session.go:777.2,777.34 1 1
relayprotocolsmoke/protocol/session.go:777.34,780.3 2 1
relayprotocolsmoke/protocol/session.go:781.2,782.19 2 1
relayprotocolsmoke/protocol/session.go:785.88,787.9 2 1
relayprotocolsmoke/protocol/session.go:787.9,789.3 1 0
relayprotocolsmoke/protocol/session.go:790.2,792.32 3 1
relayprotocolsmoke/protocol/session.go:792.32,795.3 2 1
relayprotocolsmoke/protocol/session.go:796.2,799.93 4 1
relayprotocolsmoke/protocol/session.go:802.87,804.9 2 1
relayprotocolsmoke/protocol/session.go:804.9,806.3 1 1
relayprotocolsmoke/protocol/session.go:807.2,810.33 4 1
relayprotocolsmoke/protocol/session.go:810.33,814.3 3 1
relayprotocolsmoke/protocol/session.go:815.2,815.45 1 1
relayprotocolsmoke/protocol/session.go:818.101,819.55 1 1
relayprotocolsmoke/protocol/session.go:819.55,821.3 1 1
relayprotocolsmoke/protocol/session.go:822.2,824.33 3 1
relayprotocolsmoke/protocol/session.go:824.33,826.3 1 1
relayprotocolsmoke/protocol/session.go:829.62,830.25 1 1
relayprotocolsmoke/protocol/session.go:830.25,834.3 3 1
relayprotocolsmoke/protocol/session.go:835.2,835.43 1 1
relayprotocolsmoke/protocol/session.go:838.95,843.2 4 1
relayprotocolsmoke/protocol/session.go:845.62,848.2 2 1
relayprotocolsmoke/protocol/session.go:854.15,855.32 1 1
relayprotocolsmoke/protocol/session.go:855.32,857.3 1 1
relayprotocolsmoke/protocol/session.go:858.2,858.30 1 1
relayprotocolsmoke/protocol/session.go:858.30,860.3 1 1
relayprotocolsmoke/protocol/session.go:861.2,861.52 1 1
relayprotocolsmoke/protocol/session.go:868.15,873.2 4 1
relayprotocolsmoke/protocol/session.go:875.62,876.30 1 1
relayprotocolsmoke/protocol/session.go:876.30,878.3 1 0
relayprotocolsmoke/protocol/session.go:879.2,880.57 2 1
relayprotocolsmoke/protocol/session.go:880.57,884.3 3 1
relayprotocolsmoke/protocol/session.go:885.2,886.29 2 1
relayprotocolsmoke/protocol/session.go:886.29,888.3 1 0
relayprotocolsmoke/protocol/session.go:889.2,891.32 3 1
relayprotocolsmoke/protocol/session.go:891.32,893.3 1 1
relayprotocolsmoke/protocol/session.go:896.43,899.2 2 1
relayprotocolsmoke/protocol/session.go:901.52,902.11 1 1
relayprotocolsmoke/protocol/session.go:902.11,904.3 1 1
relayprotocolsmoke/protocol/session.go:905.2,905.36 1 1
relayprotocolsmoke/protocol/session.go:908.51,911.20 3 1
relayprotocolsmoke/protocol/session.go:912.35,913.40 1 1
relayprotocolsmoke/protocol/session.go:914.31,915.36 1 1
relayprotocolsmoke/protocol/session.go:919.58,920.14 1 1
relayprotocolsmoke/protocol/session.go:921.31,922.35 1 1
relayprotocolsmoke/protocol/session.go:923.33,924.37 1 0
relayprotocolsmoke/protocol/session.go:925.31,926.35 1 0
relayprotocolsmoke/protocol/session.go:927.31,928.35 1 1
relayprotocolsmoke/protocol/session.go:929.26,930.30 1 1
relayprotocolsmoke/protocol/session.go:931.25,932.29 1 0
relayprotocolsmoke/protocol/session.go:933.29,934.33 1 1
relayprotocolsmoke/protocol/session.go:935.33,936.37 1 1
relayprotocolsmoke/protocol/session.go:937.33,938.37 1 1
relayprotocolsmoke/protocol/session.go:939.29,940.33 1 0
relayprotocolsmoke/protocol/session.go:941.26,942.30 1 0
relayprotocolsmoke/protocol/session.go:943.22,944.26 1 0
relayprotocolsmoke/protocol/session.go:945.10,946.31 1 0
relayprotocolsmoke/protocol/session.go:950.48,951.42 1 1
relayprotocolsmoke/protocol/session.go:951.42,952.34 1 1
relayprotocolsmoke/protocol/session.go:952.34,954.4 1 1
relayprotocolsmoke/protocol/session.go:956.2,956.14 1 1
