iteration=1
Building for debugging...
[0/3] Write swift-version-45881B103DA9D485.txt
Build of product 'ReluxTunnelHarness' complete! (0.12s)
{"command":"mtu-matrix","configuration":{"parameters":{"output_path":"<redacted>","packets_per_row":"64"},"profileReference":"<redacted>"},"dependencyRevisions":{"HarnessTests.swift.sha256":"2d8e9101247d9e542f8acb271cb16d45a7f51d95385a9af1e8ed32551908c4b2","MTUMatrixCommand.swift.sha256":"205761c9c6995695e18a861b128ce4ba23c97c1d231f0b6b86588e5b9f575d87"},"durationNanoseconds":610269375,"metrics":{"counters":{"harness.mtu_matrix.packets_dropped":847,"harness.mtu_matrix.packets_sent":2176,"harness.mtu_matrix.rows":36},"gauges":{},"schemaVersion":1},"platform":{"architecture":"arm64","operatingSystem":"macOS","operatingSystemVersion":"Version 26.5 (Build 25F71)"},"schemaVersion":1,"seed":2608270064,"sourceRevision":"a3a3352697686154fa69cc7c12d5eff9bec9d15c+rev4-worktree","status":"succeeded"}
true
iteration=1 run_exit=0 analysis_exit=0
iteration=2
Building for debugging...
[0/3] Write swift-version-45881B103DA9D485.txt
Build of product 'ReluxTunnelHarness' complete! (0.11s)
{"command":"mtu-matrix","configuration":{"parameters":{"output_path":"<redacted>","packets_per_row":"64"},"profileReference":"<redacted>"},"dependencyRevisions":{"HarnessTests.swift.sha256":"2d8e9101247d9e542f8acb271cb16d45a7f51d95385a9af1e8ed32551908c4b2","MTUMatrixCommand.swift.sha256":"205761c9c6995695e18a861b128ce4ba23c97c1d231f0b6b86588e5b9f575d87"},"durationNanoseconds":613600875,"metrics":{"counters":{"harness.mtu_matrix.packets_dropped":858,"harness.mtu_matrix.packets_sent":2176,"harness.mtu_matrix.rows":36},"gauges":{},"schemaVersion":1},"platform":{"architecture":"arm64","operatingSystem":"macOS","operatingSystemVersion":"Version 26.5 (Build 25F71)"},"schemaVersion":1,"seed":2608270064,"sourceRevision":"a3a3352697686154fa69cc7c12d5eff9bec9d15c+rev4-worktree","status":"succeeded"}
true
iteration=2 run_exit=0 analysis_exit=0
iteration=3
Building for debugging...
[0/3] Write swift-version-45881B103DA9D485.txt
Build of product 'ReluxTunnelHarness' complete! (0.11s)
{"command":"mtu-matrix","configuration":{"parameters":{"output_path":"<redacted>","packets_per_row":"64"},"profileReference":"<redacted>"},"dependencyRevisions":{"HarnessTests.swift.sha256":"2d8e9101247d9e542f8acb271cb16d45a7f51d95385a9af1e8ed32551908c4b2","MTUMatrixCommand.swift.sha256":"205761c9c6995695e18a861b128ce4ba23c97c1d231f0b6b86588e5b9f575d87"},"durationNanoseconds":608227333,"metrics":{"counters":{"harness.mtu_matrix.packets_dropped":863,"harness.mtu_matrix.packets_sent":2176,"harness.mtu_matrix.rows":36},"gauges":{},"schemaVersion":1},"platform":{"architecture":"arm64","operatingSystem":"macOS","operatingSystemVersion":"Version 26.5 (Build 25F71)"},"schemaVersion":1,"seed":2608270064,"sourceRevision":"a3a3352697686154fa69cc7c12d5eff9bec9d15c+rev4-worktree","status":"succeeded"}
true
iteration=3 run_exit=0 analysis_exit=0
873a6931dbb6ce285763711c87e4e766b45c8c9b459f2ddd158ae27ce2874a05  .temp/TASK-260715-gyg51r/rev4-floor-matrix.json
exit_code=0
